Archive member included to satisfy reference by file (symbol)

/opt/altera/14.1/nios2eds/bin/gnu/H-x86_64-pc-linux-gnu/bin/../lib/gcc/nios2-elf/4.8.3/libgcc.a(lib2-divmod.o)
                              obj/default/main.o (__modsi3)
/opt/altera/14.1/nios2eds/bin/gnu/H-x86_64-pc-linux-gnu/bin/../lib/gcc/nios2-elf/4.8.3/libgcc.a(adddf3.o)
                              obj/default/main.o (__adddf3)
/opt/altera/14.1/nios2eds/bin/gnu/H-x86_64-pc-linux-gnu/bin/../lib/gcc/nios2-elf/4.8.3/libgcc.a(divdf3.o)
                              obj/default/main.o (__divdf3)
/opt/altera/14.1/nios2eds/bin/gnu/H-x86_64-pc-linux-gnu/bin/../lib/gcc/nios2-elf/4.8.3/libgcc.a(muldf3.o)
                              obj/default/main.o (__muldf3)
/opt/altera/14.1/nios2eds/bin/gnu/H-x86_64-pc-linux-gnu/bin/../lib/gcc/nios2-elf/4.8.3/libgcc.a(subdf3.o)
                              obj/default/main.o (__subdf3)
/opt/altera/14.1/nios2eds/bin/gnu/H-x86_64-pc-linux-gnu/bin/../lib/gcc/nios2-elf/4.8.3/libgcc.a(_clzsi2.o)
                              /opt/altera/14.1/nios2eds/bin/gnu/H-x86_64-pc-linux-gnu/bin/../lib/gcc/nios2-elf/4.8.3/libgcc.a(adddf3.o) (__clzsi2)
/opt/altera/14.1/nios2eds/bin/gnu/H-x86_64-pc-linux-gnu/bin/../lib/gcc/nios2-elf/4.8.3/libgcc.a(_clz.o)
                              /opt/altera/14.1/nios2eds/bin/gnu/H-x86_64-pc-linux-gnu/bin/../lib/gcc/nios2-elf/4.8.3/libgcc.a(_clzsi2.o) (__clz_tab)
/opt/altera/14.1/nios2eds/bin/gnu/H-x86_64-pc-linux-gnu/bin/../lib/gcc/nios2-elf/4.8.3/../../../../../H-x86_64-pc-linux-gnu/nios2-elf/lib/libc.a(lib_a-memcpy.o)
                              obj/default/main.o (memcpy)
/opt/altera/14.1/nios2eds/bin/gnu/H-x86_64-pc-linux-gnu/bin/../lib/gcc/nios2-elf/4.8.3/../../../../../H-x86_64-pc-linux-gnu/nios2-elf/lib/libc.a(lib_a-printf.o)
                              obj/default/main.o (printf)
/opt/altera/14.1/nios2eds/bin/gnu/H-x86_64-pc-linux-gnu/bin/../lib/gcc/nios2-elf/4.8.3/../../../../../H-x86_64-pc-linux-gnu/nios2-elf/lib/libc.a(lib_a-putchar.o)
                              obj/default/main.o (putchar)
/opt/altera/14.1/nios2eds/bin/gnu/H-x86_64-pc-linux-gnu/bin/../lib/gcc/nios2-elf/4.8.3/../../../../../H-x86_64-pc-linux-gnu/nios2-elf/lib/libc.a(lib_a-puts.o)
                              obj/default/main.o (puts)
/opt/altera/14.1/nios2eds/bin/gnu/H-x86_64-pc-linux-gnu/bin/../lib/gcc/nios2-elf/4.8.3/../../../../../H-x86_64-pc-linux-gnu/nios2-elf/lib/libc.a(lib_a-strlen.o)
                              /opt/altera/14.1/nios2eds/bin/gnu/H-x86_64-pc-linux-gnu/bin/../lib/gcc/nios2-elf/4.8.3/../../../../../H-x86_64-pc-linux-gnu/nios2-elf/lib/libc.a(lib_a-puts.o) (strlen)
/opt/altera/14.1/nios2eds/bin/gnu/H-x86_64-pc-linux-gnu/bin/../lib/gcc/nios2-elf/4.8.3/../../../../../H-x86_64-pc-linux-gnu/nios2-elf/lib/libc.a(lib_a-vfprintf.o)
                              /opt/altera/14.1/nios2eds/bin/gnu/H-x86_64-pc-linux-gnu/bin/../lib/gcc/nios2-elf/4.8.3/../../../../../H-x86_64-pc-linux-gnu/nios2-elf/lib/libc.a(lib_a-printf.o) (___vfprintf_internal_r)
/opt/altera/14.1/nios2eds/bin/gnu/H-x86_64-pc-linux-gnu/bin/../lib/gcc/nios2-elf/4.8.3/../../../../../H-x86_64-pc-linux-gnu/nios2-elf/lib/libc.a(lib_a-wsetup.o)
                              /opt/altera/14.1/nios2eds/bin/gnu/H-x86_64-pc-linux-gnu/bin/../lib/gcc/nios2-elf/4.8.3/../../../../../H-x86_64-pc-linux-gnu/nios2-elf/lib/libc.a(lib_a-vfprintf.o) (__swsetup_r)
/opt/altera/14.1/nios2eds/bin/gnu/H-x86_64-pc-linux-gnu/bin/../lib/gcc/nios2-elf/4.8.3/../../../../../H-x86_64-pc-linux-gnu/nios2-elf/lib/libc.a(lib_a-dtoa.o)
                              /opt/altera/14.1/nios2eds/bin/gnu/H-x86_64-pc-linux-gnu/bin/../lib/gcc/nios2-elf/4.8.3/../../../../../H-x86_64-pc-linux-gnu/nios2-elf/lib/libc.a(lib_a-vfprintf.o) (_dtoa_r)
/opt/altera/14.1/nios2eds/bin/gnu/H-x86_64-pc-linux-gnu/bin/../lib/gcc/nios2-elf/4.8.3/../../../../../H-x86_64-pc-linux-gnu/nios2-elf/lib/libc.a(lib_a-fflush.o)
                              /opt/altera/14.1/nios2eds/bin/gnu/H-x86_64-pc-linux-gnu/bin/../lib/gcc/nios2-elf/4.8.3/../../../../../H-x86_64-pc-linux-gnu/nios2-elf/lib/libc.a(lib_a-vfprintf.o) (_fflush_r)
/opt/altera/14.1/nios2eds/bin/gnu/H-x86_64-pc-linux-gnu/bin/../lib/gcc/nios2-elf/4.8.3/../../../../../H-x86_64-pc-linux-gnu/nios2-elf/lib/libc.a(lib_a-findfp.o)
                              /opt/altera/14.1/nios2eds/bin/gnu/H-x86_64-pc-linux-gnu/bin/../lib/gcc/nios2-elf/4.8.3/../../../../../H-x86_64-pc-linux-gnu/nios2-elf/lib/libc.a(lib_a-vfprintf.o) (__sinit)
/opt/altera/14.1/nios2eds/bin/gnu/H-x86_64-pc-linux-gnu/bin/../lib/gcc/nios2-elf/4.8.3/../../../../../H-x86_64-pc-linux-gnu/nios2-elf/lib/libc.a(lib_a-freer.o)
                              /opt/altera/14.1/nios2eds/bin/gnu/H-x86_64-pc-linux-gnu/bin/../lib/gcc/nios2-elf/4.8.3/../../../../../H-x86_64-pc-linux-gnu/nios2-elf/lib/libc.a(lib_a-wsetup.o) (_free_r)
/opt/altera/14.1/nios2eds/bin/gnu/H-x86_64-pc-linux-gnu/bin/../lib/gcc/nios2-elf/4.8.3/../../../../../H-x86_64-pc-linux-gnu/nios2-elf/lib/libc.a(lib_a-fvwrite.o)
[...]
Memory Configuration

Name             Origin             Length             Attributes
reset            0x0000000000040000 0x0000000000000020
onchip_memory2   0x0000000000040020 0x000000000003ffe0
*default*        0x0000000000000000 0xffffffffffffffff

Linker script and memory map

LOAD ../KKNios_bsp//obj/HAL/src/crt0.o
LOAD obj/default/main.o
LOAD /opt/altera/14.1/nios2eds/bin/gnu/H-x86_64-pc-linux-gnu/bin/../lib/gcc/nios2-elf/4.8.3/../../../../../H-x86_64-pc-linux-gnu/nios2-elf/lib/libstdc++.a
LOAD /opt/altera/14.1/nios2eds/bin/gnu/H-x86_64-pc-linux-gnu/bin/../lib/gcc/nios2-elf/4.8.3/../../../../../H-x86_64-pc-linux-gnu/nios2-elf/lib/libm.a
LOAD /opt/altera/14.1/nios2eds/bin/gnu/H-x86_64-pc-linux-gnu/bin/../lib/gcc/nios2-elf/4.8.3/libgcc.a
START GROUP
LOAD /opt/altera/14.1/nios2eds/bin/gnu/H-x86_64-pc-linux-gnu/bin/../lib/gcc/nios2-elf/4.8.3/../../../../../H-x86_64-pc-linux-gnu/nios2-elf/lib/libc.a
LOAD /opt/altera/14.1/nios2eds/bin/gnu/H-x86_64-pc-linux-gnu/bin/../lib/gcc/nios2-elf/4.8.3/libgcc.a
LOAD ../KKNios_bsp//libhal_bsp.a
END GROUP
LOAD /opt/altera/14.1/nios2eds/bin/gnu/H-x86_64-pc-linux-gnu/bin/../lib/gcc/nios2-elf/4.8.3/libgcc.a
                0x0000000000040000                __alt_mem_onchip_memory2 = 0x40000

.entry          0x0000000000040000        0x0
 *(.entry)
 .entry         0x0000000000040000        0x0 ../KKNios_bsp//obj/HAL/src/crt0.o
                0x0000000000040000                __reset

.exceptions     0x0000000000040020      0x19c
                0x0000000000040020                PROVIDE (__ram_exceptions_start, ABSOLUTE (.))
                0x0000000000040020                . = ALIGN (0x20)
 *(.irq)
 *(.exceptions.entry.label)
 .exceptions.entry.label
                0x0000000000040020        0x0 ../KKNios_bsp//libhal_bsp.a(alt_irq_entry.o)
                0x0000000000040020                alt_irq_entry
 .exceptions.entry.label
                0x0000000000040020        0x0 ../KKNios_bsp//libhal_bsp.a(alt_exception_entry.o)
                0x0000000000040020                alt_exception
 *(.exceptions.entry.user)
 *(.exceptions.entry.ecc_fatal)
 *(.exceptions.entry)
 .exceptions.entry
                0x0000000000040020       0x54 ../KKNios_bsp//libhal_bsp.a(alt_exception_entry.o)
 *(.exceptions.irqtest.user)
 *(.exceptions.irqtest)
 .exceptions.irqtest
                0x0000000000040074       0x10 ../KKNios_bsp//libhal_bsp.a(alt_irq_entry.o)
 *(.exceptions.irqhandler.user)
 *(.exceptions.irqhandler)
 .exceptions.irqhandler
                0x0000000000040084        0x4 ../KKNios_bsp//libhal_bsp.a(alt_irq_entry.o)
 *(.exceptions.irqreturn.user)
 *(.exceptions.irqreturn)
 .exceptions.irqreturn
                0x0000000000040088        0x4 ../KKNios_bsp//libhal_bsp.a(alt_irq_entry.o)
 *(.exceptions.notirq.label)
 .exceptions.notirq.label
                0x000000000004008c        0x0 ../KKNios_bsp//libhal_bsp.a(alt_irq_entry.o)
 *(.exceptions.notirq.user)
 *(.exceptions.notirq)
 .exceptions.notirq
                0x000000000004008c        0x8 ../KKNios_bsp//libhal_bsp.a(alt_exception_entry.o)
 *(.exceptions.soft.user)
 *(.exceptions.soft)
 *(.exceptions.unknown.user)
 *(.exceptions.unknown)
 .exceptions.unknown
                0x0000000000040094        0x4 ../KKNios_bsp//libhal_bsp.a(alt_exception_entry.o)
 *(.exceptions.exit.label)
 .exceptions.exit.label
                0x0000000000040098        0x0 ../KKNios_bsp//libhal_bsp.a(alt_irq_entry.o)
 .exceptions.exit.label
                0x0000000000040098        0x0 ../KKNios_bsp//libhal_bsp.a(alt_exception_entry.o)
 *(.exceptions.exit.user)
 *(.exceptions.exit)
 .exceptions.exit
                0x0000000000040098       0x54 ../KKNios_bsp//libhal_bsp.a(alt_exception_entry.o)
 *(.exceptions)
 .exceptions    0x00000000000400ec       0xd0 ../KKNios_bsp//libhal_bsp.a(alt_irq_handler.o)
                0x00000000000400ec                alt_irq_handler
                0x00000000000401bc                PROVIDE (__ram_exceptions_end, ABSOLUTE (.))
                0x0000000000040020                PROVIDE (__flash_exceptions_start, LOADADDR (.exceptions))

.text           0x00000000000401bc     0xfa14
                0x00000000000401bc                PROVIDE (stext, ABSOLUTE (.))
 *(.interp)
 *(.hash)
 *(.dynsym)
 *(.dynstr)
 *(.gnu.version)
 *(.gnu.version_d)
 *(.gnu.version_r)
 *(.rel.init)
 *(.rela.init)
 *(.rel.text .rel.text.* .rel.gnu.linkonce.t.*)
 *(.rela.text .rela.text.* .rela.gnu.linkonce.t.*)
 *(.rel.fini)
 *(.rela.fini)
 *(.rel.rodata .rel.rodata.* .rel.gnu.linkonce.r.*)
 *(.rela.rodata .rela.rodata.* .rela.gnu.linkonce.r.*)
 *(.rel.data .rel.data.* .rel.gnu.linkonce.d.*)
 *(.rela.data .rela.data.* .rela.gnu.linkonce.d.*)
 *(.rel.tdata .rel.tdata.* .rel.gnu.linkonce.td.*)
 *(.rela.tdata .rela.tdata.* .rela.gnu.linkonce.td.*)
 *(.rel.tbss .rel.tbss.* .rel.gnu.linkonce.tb.*)
 *(.rela.tbss .rela.tbss.* .rela.gnu.linkonce.tb.*)
 *(.rel.ctors)
 *(.rela.ctors)
 *(.rel.dtors)
 *(.rela.dtors)
 *(.rel.got)
 *(.rela.got)
 *(.rel.sdata .rel.sdata.* .rel.gnu.linkonce.s.*)
 *(.rela.sdata .rela.sdata.* .rela.gnu.linkonce.s.*)
 *(.rel.sbss .rel.sbss.* .rel.gnu.linkonce.sb.*)
 *(.rela.sbss .rela.sbss.* .rela.gnu.linkonce.sb.*)
 *(.rel.sdata2 .rel.sdata2.* .rel.gnu.linkonce.s2.*)
 *(.rela.sdata2 .rela.sdata2.* .rela.gnu.linkonce.s2.*)
 *(.rel.sbss2 .rel.sbss2.* .rel.gnu.linkonce.sb2.*)
 *(.rela.sbss2 .rela.sbss2.* .rela.gnu.linkonce.sb2.*)
 *(.rel.bss .rel.bss.* .rel.gnu.linkonce.b.*)
 *(.rela.bss .rela.bss.* .rela.gnu.linkonce.b.*)
 *(.rel.plt)
 *(.rela.plt)
 *(.rel.dyn)
 *(.init)
 *(.plt)
 *(.text .stub .text.* .gnu.linkonce.t.*)
 .text          0x00000000000401bc       0x48 ../KKNios_bsp//obj/HAL/src/crt0.o
                0x00000000000401bc                _start
 .text          0x0000000000040204      0xcac obj/default/main.o
                0x0000000000040204                print_matrix
                0x00000000000402b4                multiply_matrix
                0x0000000000040458                calculate_error
                0x00000000000405b0                the_algorithm
                0x0000000000040e14                main
 .text          0x0000000000040eb0      0x114 /opt/altera/14.1/nios2eds/bin/gnu/H-x86_64-pc-linux-gnu/bin/../lib/gcc/nios2-elf/4.8.3/libgcc.a(lib2-divmod.o)
                0x0000000000040f20                __divsi3
                0x0000000000040f68                __modsi3
                0x0000000000040fb4                __udivsi3
                0x0000000000040fbc                __umodsi3
 .text          0x0000000000040fc4      0x87c /opt/altera/14.1/nios2eds/bin/gnu/H-x86_64-pc-linux-gnu/bin/../lib/gcc/nios2-elf/4.8.3/libgcc.a(adddf3.o)
                0x0000000000040fc4                __adddf3
 .text          0x0000000000041840      0x8d4 /opt/altera/14.1/nios2eds/bin/gnu/H-x86_64-pc-linux-gnu/bin/../lib/gcc/nios2-elf/4.8.3/libgcc.a(divdf3.o)
                0x0000000000041840                __divdf3
 .text          0x0000000000042114      0x6ec /opt/altera/14.1/nios2eds/bin/gnu/H-x86_64-pc-linux-gnu/bin/../lib/gcc/nios2-elf/4.8.3/libgcc.a(muldf3.o)
                0x0000000000042114                __muldf3
 .text          0x0000000000042800      0x888 /opt/altera/14.1/nios2eds/bin/gnu/H-x86_64-pc-linux-gnu/bin/../lib/gcc/nios2-elf/4.8.3/libgcc.a(subdf3.o)
                0x0000000000042800                __subdf3
 .text          0x0000000000043088       0xac /opt/altera/14.1/nios2eds/bin/gnu/H-x86_64-pc-linux-gnu/bin/../lib/gcc/nios2-elf/4.8.3/libgcc.a(_clzsi2.o)
                0x0000000000043088                __clzsi2
 .text          0x0000000000043134        0x0 /opt/altera/14.1/nios2eds/bin/gnu/H-x86_64-pc-linux-gnu/bin/../lib/gcc/nios2-elf/4.8.3/libgcc.a(_clz.o)
 .text          0x0000000000043134      0x10c /opt/altera/14.1/nios2eds/bin/gnu/H-x86_64-pc-linux-gnu/bin/../lib/gcc/nios2-elf/4.8.3/../../../../../H-x86_64-pc-linux-gnu/nios2-elf/lib/libc.a(lib_a-memcpy.o)
                0x0000000000043134                memcpy
 .text          0x0000000000043240       0x68 /opt/altera/14.1/nios2eds/bin/gnu/H-x86_64-pc-linux-gnu/bin/../lib/gcc/nios2-elf/4.8.3/../../../../../H-x86_64-pc-linux-gnu/nios2-elf/lib/libc.a(lib_a-printf.o)
                0x0000000000043240                _printf_r
                0x000000000004326c                printf
 .text          0x00000000000432a8       0x24 /opt/altera/14.1/nios2eds/bin/gnu/H-x86_64-pc-linux-gnu/bin/../lib/gcc/nios2-elf/4.8.3/../../../../../H-x86_64-pc-linux-gnu/nios2-elf/lib/libc.a(lib_a-putchar.o)
                0x00000000000432a8                _putchar_r
                0x00000000000432b0                putchar
 .text          0x00000000000432cc       0xcc /opt/altera/14.1/nios2eds/bin/gnu/H-x86_64-pc-linux-gnu/bin/../lib/gcc/nios2-elf/4.8.3/../../../../../H-x86_64-pc-linux-gnu/nios2-elf/lib/libc.a(lib_a-puts.o)
                0x00000000000432cc                _puts_r
                0x0000000000043384                puts
 .text          0x0000000000043398       0x8c /opt/altera/14.1/nios2eds/bin/gnu/H-x86_64-pc-linux-gnu/bin/../lib/gcc/nios2-elf/4.8.3/../../../../../H-x86_64-pc-linux-gnu/nios2-elf/lib/libc.a(lib_a-strlen.o)
                0x0000000000043398                strlen
 .text          0x0000000000043424     0x2000 /opt/altera/14.1/nios2eds/bin/gnu/H-x86_64-pc-linux-gnu/bin/../lib/gcc/nios2-elf/4.8.3/../../../../../H-x86_64-pc-linux-gnu/nios2-elf/lib/libc.a(lib_a-vfprintf.o)
                0x0000000000043424                ___vfprintf_internal_r
                0x0000000000045400                __vfprintf_internal
 .text          0x0000000000045424      0x138 /opt/altera/14.1/nios2eds/bin/gnu/H-x86_64-pc-linux-gnu/bin/../lib/gcc/nios2-elf/4.8.3/../../../../../H-x86_64-pc-linux-gnu/nios2-elf/lib/libc.a(lib_a-wsetup.o)
                0x0000000000045424                __swsetup_r
 .text          0x000000000004555c     0x1840 /opt/altera/14.1/nios2eds/bin/gnu/H-x86_64-pc-linux-gnu/bin/../lib/gcc/nios2-elf/4.8.3/../../../../../H-x86_64-pc-linux-gnu/nios2-elf/lib/libc.a(lib_a-dtoa.o)
                0x0000000000045760                _dtoa_r
 .text          0x0000000000046d9c      0x274 /opt/altera/14.1/nios2eds/bin/gnu/H-x86_64-pc-linux-gnu/bin/../lib/gcc/nios2-elf/4.8.3/../../../../../H-x86_64-pc-linux-gnu/nios2-elf/lib/libc.a(lib_a-fflush.o)
                0x0000000000046d9c                _fflush_r
                0x0000000000046fe0                fflush
 .text          0x0000000000047010      0x390 /opt/altera/14.1/nios2eds/bin/gnu/H-x86_64-pc-linux-gnu/bin/../lib/gcc/nios2-elf/4.8.3/../../../../../H-x86_64-pc-linux-gnu/nios2-elf/lib/libc.a(lib_a-findfp.o)
                0x0000000000047020                _cleanup_r
                0x000000000004702c                __sfmoreglue
                0x0000000000047090                _cleanup
                0x00000000000470a8                __sinit
                0x0000000000047244                __sfp
                0x0000000000047360                __sfp_lock_acquire
                0x0000000000047364                __sfp_lock_release
                0x0000000000047368                __sinit_lock_acquire
                0x000000000004736c                __sinit_lock_release
                0x0000000000047370                __fp_lock_all
                0x0000000000047388                __fp_unlock_all
 .text          0x00000000000473a0      0x40c /opt/altera/14.1/nios2eds/bin/gnu/H-x86_64-pc-linux-gnu/bin/../lib/gcc/nios2-elf/4.8.3/../../../../../H-x86_64-pc-linux-gnu/nios2-elf/lib/libc.a(lib_a-freer.o)
                0x00000000000473a0                _malloc_trim_r
                0x00000000000474dc                _free_r
 .text          0x00000000000477ac      0x4ac /opt/altera/14.1/nios2eds/bin/gnu/H-x86_64-pc-linux-gnu/bin/../lib/gcc/nios2-elf/4.8.3/../../../../../H-x86_64-pc-linux-gnu/nios2-elf/lib/libc.a(lib_a-fvwrite.o)
                0x00000000000477ac                __sfvwrite_r
 .text          0x0000000000047c58      0x160 /opt/altera/14.1/nios2eds/bin/gnu/H-x86_64-pc-linux-gnu/bin/../lib/gcc/nios2-elf/4.8.3/../../../../../H-x86_64-pc-linux-gnu/nios2-elf/lib/libc.a(lib_a-fwalk.o)
                0x0000000000047c58                _fwalk
                0x0000000000047d00                _fwalk_reent
 .text          0x0000000000047db8        0x0 /opt/altera/14.1/nios2eds/bin/gnu/H-x86_64-pc-linux-gnu/bin/../lib/gcc/nios2-elf/4.8.3/../../../../../H-x86_64-pc-linux-gnu/nios2-elf/lib/libc.a(lib_a-impure.o)
 .text          0x0000000000047db8       0xd4 /opt/altera/14.1/nios2eds/bin/gnu/H-x86_64-pc-linux-gnu/bin/../lib/gcc/nios2-elf/4.8.3/../../../../../H-x86_64-pc-linux-gnu/nios2-elf/lib/libc.a(lib_a-locale.o)
                0x0000000000047db8                _setlocale_r
                0x0000000000047e28                __locale_charset
                0x0000000000047e34                __locale_mb_cur_max
                0x0000000000047e44                __locale_msgcharset
                0x0000000000047e50                __locale_cjk_lang
                0x0000000000047e58                _localeconv_r
                0x0000000000047e64                setlocale
                0x0000000000047e80                localeconv
 .text          0x0000000000047e8c      0x1b4 /opt/altera/14.1/nios2eds/bin/gnu/H-x86_64-pc-linux-gnu/bin/../lib/gcc/nios2-elf/4.8.3/../../../../../H-x86_64-pc-linux-gnu/nios2-elf/lib/libc.a(lib_a-makebuf.o)
                0x0000000000047e8c                __smakebuf_r
 .text          0x0000000000048040      0x7c4 /opt/altera/14.1/nios2eds/bin/gnu/H-x86_64-pc-linux-gnu/bin/../lib/gcc/nios2-elf/4.8.3/../../../../../H-x86_64-pc-linux-gnu/nios2-elf/lib/libc.a(lib_a-mallocr.o)
                0x0000000000048040                _malloc_r
 .text          0x0000000000048804       0xe8 /opt/altera/14.1/nios2eds/bin/gnu/H-x86_64-pc-linux-gnu/bin/../lib/gcc/nios2-elf/4.8.3/../../../../../H-x86_64-pc-linux-gnu/nios2-elf/lib/libc.a(lib_a-memchr.o)
                0x0000000000048804                memchr
 .text          0x00000000000488ec      0x13c /opt/altera/14.1/nios2eds/bin/gnu/H-x86_64-pc-linux-gnu/bin/../lib/gcc/nios2-elf/4.8.3/../../../../../H-x86_64-pc-linux-gnu/nios2-elf/lib/libc.a(lib_a-memmove.o)
                0x00000000000488ec                memmove
 .text          0x0000000000048a28      0x114 /opt/altera/14.1/nios2eds/bin/gnu/H-x86_64-pc-linux-gnu/bin/../lib/gcc/nios2-elf/4.8.3/../../../../../H-x86_64-pc-linux-gnu/nios2-elf/lib/libc.a(lib_a-memset.o)
                0x0000000000048a28                memset
 .text          0x0000000000048b3c      0xf78 /opt/altera/14.1/nios2eds/bin/gnu/H-x86_64-pc-linux-gnu/bin/../lib/gcc/nios2-elf/4.8.3/../../../../../H-x86_64-pc-linux-gnu/nios2-elf/lib/libc.a(lib_a-mprec.o)
                0x0000000000048b3c                _Balloc
                0x0000000000048be4                _Bfree
                0x0000000000048c0c                __multadd
                0x0000000000048d20                __s2b
                0x0000000000048e24                __hi0bits
                0x0000000000048e8c                __lo0bits
                0x0000000000048f3c                __i2b
                0x0000000000048f78                __multiply
                0x0000000000049164                __pow5mult
                0x00000000000492ac                __lshift
                0x00000000000493fc                __mcmp
                0x000000000004945c                __mdiff
                0x000000000004960c                __ulp
                0x000000000004966c                __b2d
                0x000000000004975c                __d2b
                0x00000000000498a0                __ratio
                0x0000000000049940                _mprec_log10
                0x00000000000499b4                __copybits
                0x0000000000049a2c                __any_on
 .text          0x0000000000049ab4      0x16c /opt/altera/14.1/nios2eds/bin/gnu/H-x86_64-pc-linux-gnu/bin/../lib/gcc/nios2-elf/4.8.3/../../../../../H-x86_64-pc-linux-gnu/nios2-elf/lib/libc.a(lib_a-putc.o)
                0x0000000000049ab4                _putc_r
                0x0000000000049b54                putc
 .text          0x0000000000049c20      0x564 /opt/altera/14.1/nios2eds/bin/gnu/H-x86_64-pc-linux-gnu/bin/../lib/gcc/nios2-elf/4.8.3/../../../../../H-x86_64-pc-linux-gnu/nios2-elf/lib/libc.a(lib_a-reallocr.o)
                0x0000000000049c20                _realloc_r
 .text          0x000000000004a184       0x68 /opt/altera/14.1/nios2eds/bin/gnu/H-x86_64-pc-linux-gnu/bin/../lib/gcc/nios2-elf/4.8.3/../../../../../H-x86_64-pc-linux-gnu/nios2-elf/lib/libc.a(lib_a-s_fpclassify.o)
                0x000000000004a184                __fpclassifyd
 .text          0x000000000004a1ec       0x64 /opt/altera/14.1/nios2eds/bin/gnu/H-x86_64-pc-linux-gnu/bin/../lib/gcc/nios2-elf/4.8.3/../../../../../H-x86_64-pc-linux-gnu/nios2-elf/lib/libc.a(lib_a-sbrkr.o)
                0x000000000004a1ec                _sbrk_r
 .text          0x000000000004a250      0x13c /opt/altera/14.1/nios2eds/bin/gnu/H-x86_64-pc-linux-gnu/bin/../lib/gcc/nios2-elf/4.8.3/../../../../../H-x86_64-pc-linux-gnu/nios2-elf/lib/libc.a(lib_a-stdio.o)
                0x000000000004a250                __sread
                0x000000000004a2a4                __seofread
                0x000000000004a2ac                __swrite
                0x000000000004a328                __sseek
                0x000000000004a384                __sclose
 .text          0x000000000004a38c       0xa4 /opt/altera/14.1/nios2eds/bin/gnu/H-x86_64-pc-linux-gnu/bin/../lib/gcc/nios2-elf/4.8.3/../../../../../H-x86_64-pc-linux-gnu/nios2-elf/lib/libc.a(lib_a-strcmp.o)
                0x000000000004a38c                strcmp
 .text          0x000000000004a430     0x13a8 /opt/altera/14.1/nios2eds/bin/gnu/H-x86_64-pc-linux-gnu/bin/../lib/gcc/nios2-elf/4.8.3/../../../../../H-x86_64-pc-linux-gnu/nios2-elf/lib/libc.a(lib_a-vfiprintf.o)
                0x000000000004a52c                __sprint_r
                0x000000000004a544                ___vfiprintf_internal_r
                0x000000000004b7b4                __vfiprintf_internal
 .text          0x000000000004b7d8      0x19c /opt/altera/14.1/nios2eds/bin/gnu/H-x86_64-pc-linux-gnu/bin/../lib/gcc/nios2-elf/4.8.3/../../../../../H-x86_64-pc-linux-gnu/nios2-elf/lib/libc.a(lib_a-wbuf.o)
                0x000000000004b7d8                __swbuf_r
                0x000000000004b958                __swbuf
 .text          0x000000000004b974       0x6c /opt/altera/14.1/nios2eds/bin/gnu/H-x86_64-pc-linux-gnu/bin/../lib/gcc/nios2-elf/4.8.3/../../../../../H-x86_64-pc-linux-gnu/nios2-elf/lib/libc.a(lib_a-writer.o)
                0x000000000004b974                _write_r
 .text          0x000000000004b9e0       0x64 /opt/altera/14.1/nios2eds/bin/gnu/H-x86_64-pc-linux-gnu/bin/../lib/gcc/nios2-elf/4.8.3/../../../../../H-x86_64-pc-linux-gnu/nios2-elf/lib/libc.a(closer.o)
                0x000000000004b9e0                _close_r
 .text          0x000000000004ba44       0xc4 /opt/altera/14.1/nios2eds/bin/gnu/H-x86_64-pc-linux-gnu/bin/../lib/gcc/nios2-elf/4.8.3/../../../../../H-x86_64-pc-linux-gnu/nios2-elf/lib/libc.a(lib_a-callocr.o)
                0x000000000004ba44                _calloc_r
 .text          0x000000000004bb08      0x13c /opt/altera/14.1/nios2eds/bin/gnu/H-x86_64-pc-linux-gnu/bin/../lib/gcc/nios2-elf/4.8.3/../../../../../H-x86_64-pc-linux-gnu/nios2-elf/lib/libc.a(lib_a-fclose.o)
                0x000000000004bb08                _fclose_r
                0x000000000004bc30                fclose
 .text          0x000000000004bc44      0x1fc /opt/altera/14.1/nios2eds/bin/gnu/H-x86_64-pc-linux-gnu/bin/../lib/gcc/nios2-elf/4.8.3/../../../../../H-x86_64-pc-linux-gnu/nios2-elf/lib/libc.a(lib_a-fputwc.o)
                0x000000000004bc44                _fputwc_r
                0x000000000004bdc8                fputwc
 .text          0x000000000004be40       0x68 /opt/altera/14.1/nios2eds/bin/gnu/H-x86_64-pc-linux-gnu/bin/../lib/gcc/nios2-elf/4.8.3/../../../../../H-x86_64-pc-linux-gnu/nios2-elf/lib/libc.a(lib_a-fstatr.o)
                0x000000000004be40                _fstat_r
 .text          0x000000000004bea8        0x0 /opt/altera/14.1/nios2eds/bin/gnu/H-x86_64-pc-linux-gnu/bin/../lib/gcc/nios2-elf/4.8.3/../../../../../H-x86_64-pc-linux-gnu/nios2-elf/lib/libc.a(lib_a-int_errno.o)
 .text          0x000000000004bea8       0x64 /opt/altera/14.1/nios2eds/bin/gnu/H-x86_64-pc-linux-gnu/bin/../lib/gcc/nios2-elf/4.8.3/../../../../../H-x86_64-pc-linux-gnu/nios2-elf/lib/libc.a(lib_a-isattyr.o)
                0x000000000004bea8                _isatty_r
 .text          0x000000000004bf0c       0x6c /opt/altera/14.1/nios2eds/bin/gnu/H-x86_64-pc-linux-gnu/bin/../lib/gcc/nios2-elf/4.8.3/../../../../../H-x86_64-pc-linux-gnu/nios2-elf/lib/libc.a(lib_a-lseekr.o)
                0x000000000004bf0c                _lseek_r
 .text          0x000000000004bf78       0x6c /opt/altera/14.1/nios2eds/bin/gnu/H-x86_64-pc-linux-gnu/bin/../lib/gcc/nios2-elf/4.8.3/../../../../../H-x86_64-pc-linux-gnu/nios2-elf/lib/libc.a(lib_a-readr.o)
                0x000000000004bf78                _read_r
 .text          0x000000000004bfe4      0x174 /opt/altera/14.1/nios2eds/bin/gnu/H-x86_64-pc-linux-gnu/bin/../lib/gcc/nios2-elf/4.8.3/../../../../../H-x86_64-pc-linux-gnu/nios2-elf/lib/libc.a(lib_a-wcrtomb.o)
                0x000000000004bfe4                _wcrtomb_r
                0x000000000004c080                wcrtomb
 .text          0x000000000004c158       0x8c /opt/altera/14.1/nios2eds/bin/gnu/H-x86_64-pc-linux-gnu/bin/../lib/gcc/nios2-elf/4.8.3/../../../../../H-x86_64-pc-linux-gnu/nios2-elf/lib/libc.a(lib_a-wctomb_r.o)
                0x000000000004c158                __ascii_wctomb
                0x000000000004c188                _wctomb_r
 .text          0x000000000004c1e4      0x5c4 /opt/altera/14.1/nios2eds/bin/gnu/H-x86_64-pc-linux-gnu/bin/../lib/gcc/nios2-elf/4.8.3/libgcc.a(_udivdi3.o)
                0x000000000004c1e4                __udivdi3
 .text          0x000000000004c7a8      0x598 /opt/altera/14.1/nios2eds/bin/gnu/H-x86_64-pc-linux-gnu/bin/../lib/gcc/nios2-elf/4.8.3/libgcc.a(_umoddi3.o)
                0x000000000004c7a8                __umoddi3
 .text          0x000000000004cd40       0x84 /opt/altera/14.1/nios2eds/bin/gnu/H-x86_64-pc-linux-gnu/bin/../lib/gcc/nios2-elf/4.8.3/libgcc.a(eqdf2.o)
                0x000000000004cd40                __eqdf2
                0x000000000004cd40                __nedf2
 .text          0x000000000004cdc4       0xd8 /opt/altera/14.1/nios2eds/bin/gnu/H-x86_64-pc-linux-gnu/bin/../lib/gcc/nios2-elf/4.8.3/libgcc.a(gedf2.o)
                0x000000000004cdc4                __gtdf2
                0x000000000004cdc4                __gedf2
 .text          0x000000000004ce9c       0xec /opt/altera/14.1/nios2eds/bin/gnu/H-x86_64-pc-linux-gnu/bin/../lib/gcc/nios2-elf/4.8.3/libgcc.a(ledf2.o)
                0x000000000004ce9c                __ltdf2
                0x000000000004ce9c                __ledf2
 .text          0x000000000004cf88       0x80 /opt/altera/14.1/nios2eds/bin/gnu/H-x86_64-pc-linux-gnu/bin/../lib/gcc/nios2-elf/4.8.3/libgcc.a(fixdfsi.o)
                0x000000000004cf88                __fixdfsi
 .text          0x000000000004d008       0xd0 /opt/altera/14.1/nios2eds/bin/gnu/H-x86_64-pc-linux-gnu/bin/../lib/gcc/nios2-elf/4.8.3/libgcc.a(floatsidf.o)
                0x000000000004d008                __floatsidf
 .text          0x000000000004d0d8       0xa0 /opt/altera/14.1/nios2eds/bin/gnu/H-x86_64-pc-linux-gnu/bin/../lib/gcc/nios2-elf/4.8.3/libgcc.a(floatunsidf.o)
                0x000000000004d0d8                __floatunsidf
 .text          0x000000000004d178      0x118 ../KKNios_bsp//libhal_bsp.a(alt_close.o)
                0x000000000004d1c8                close
 .text          0x000000000004d290       0x2c ../KKNios_bsp//libhal_bsp.a(alt_dev.o)
 .text          0x000000000004d2bc        0x0 ../KKNios_bsp//libhal_bsp.a(alt_errno.o)
 .text          0x000000000004d2bc       0xfc ../KKNios_bsp//libhal_bsp.a(alt_fstat.o)
                0x000000000004d30c                fstat
 .text          0x000000000004d3b8       0xf0 ../KKNios_bsp//libhal_bsp.a(alt_isatty.o)
                0x000000000004d408                isatty
 .text          0x000000000004d4a8      0x120 ../KKNios_bsp//libhal_bsp.a(alt_lseek.o)
                0x000000000004d4f8                lseek
 .text          0x000000000004d5c8       0x78 ../KKNios_bsp//libhal_bsp.a(alt_main.o)
                0x000000000004d5c8                alt_main
 .text          0x000000000004d640       0x40 ../KKNios_bsp//libhal_bsp.a(alt_malloc_lock.o)
                0x000000000004d640                __malloc_lock
                0x000000000004d660                __malloc_unlock
 .text          0x000000000004d680      0x140 ../KKNios_bsp//libhal_bsp.a(alt_read.o)
                0x000000000004d6d0                read
 .text          0x000000000004d7c0       0x60 ../KKNios_bsp//libhal_bsp.a(alt_release_fd.o)
                0x000000000004d7c0                alt_release_fd
 .text          0x000000000004d820       0xb0 ../KKNios_bsp//libhal_bsp.a(alt_sbrk.o)
                0x000000000004d820                sbrk
 .text          0x000000000004d8d0      0x13c ../KKNios_bsp//libhal_bsp.a(alt_write.o)
                0x000000000004d920                write
 .text          0x000000000004da0c       0xfc ../KKNios_bsp//libhal_bsp.a(alt_sys_init.o)
                0x000000000004da44                alt_irq_init
                0x000000000004da78                alt_sys_init
 .text          0x000000000004db08      0x164 ../KKNios_bsp//libhal_bsp.a(altera_avalon_jtag_uart_fd.o)
                0x000000000004db08                altera_avalon_jtag_uart_read_fd
                0x000000000004db68                altera_avalon_jtag_uart_write_fd
                0x000000000004dbc8                altera_avalon_jtag_uart_close_fd
                0x000000000004dc18                altera_avalon_jtag_uart_ioctl_fd
 .text          0x000000000004dc6c      0x3c8 ../KKNios_bsp//libhal_bsp.a(altera_avalon_jtag_uart_init.o)
                0x000000000004dc6c                altera_avalon_jtag_uart_init
                0x000000000004dfcc                altera_avalon_jtag_uart_close
 .text          0x000000000004e034       0xec ../KKNios_bsp//libhal_bsp.a(altera_avalon_jtag_uart_ioctl.o)
                0x000000000004e034                altera_avalon_jtag_uart_ioctl
 .text          0x000000000004e120      0x208 ../KKNios_bsp//libhal_bsp.a(altera_avalon_jtag_uart_read.o)
                0x000000000004e120                altera_avalon_jtag_uart_read
 .text          0x000000000004e328      0x218 ../KKNios_bsp//libhal_bsp.a(altera_avalon_jtag_uart_write.o)
                0x000000000004e328                altera_avalon_jtag_uart_write
 .text          0x000000000004e540       0xfc ../KKNios_bsp//libhal_bsp.a(altera_avalon_timer_sc.o)
                0x000000000004e5b4                alt_avalon_timer_sc_init
 .text          0x000000000004e63c        0x0 ../KKNios_bsp//libhal_bsp.a(altera_avalon_timer_vars.o)
 .text          0x000000000004e63c      0x27c ../KKNios_bsp//libhal_bsp.a(perf_print_formatted_report.o)
                0x000000000004e63c                perf_print_formatted_report
 .text          0x000000000004e8b8      0x140 ../KKNios_bsp//libhal_bsp.a(alt_alarm_start.o)
                0x000000000004e8b8                alt_alarm_start
 .text          0x000000000004e9f8       0xf0 ../KKNios_bsp//libhal_bsp.a(alt_dev_llist_insert.o)
                0x000000000004ea48                alt_dev_llist_insert
 .text          0x000000000004eae8       0x5c ../KKNios_bsp//libhal_bsp.a(alt_do_ctors.o)
                0x000000000004eae8                _do_ctors
 .text          0x000000000004eb44       0x5c ../KKNios_bsp//libhal_bsp.a(alt_do_dtors.o)
                0x000000000004eb44                _do_dtors
 .text          0x000000000004eba0      0x1d8 ../KKNios_bsp//libhal_bsp.a(alt_iic.o)
                0x000000000004eba0                alt_ic_isr_register
                0x000000000004ebf0                alt_ic_irq_enable
                0x000000000004ec8c                alt_ic_irq_disable
                0x000000000004ed2c                alt_ic_irq_enabled
 .text          0x000000000004ed78       0xf0 ../KKNios_bsp//libhal_bsp.a(alt_iic_isr_register.o)
                0x000000000004ed78                alt_iic_isr_register
 .text          0x000000000004ee68      0x138 ../KKNios_bsp//libhal_bsp.a(alt_io_redirect.o)
                0x000000000004ef28                alt_io_redirect
 .text          0x000000000004efa0        0x0 ../KKNios_bsp//libhal_bsp.a(alt_irq_entry.o)
 .text          0x000000000004efa0        0x0 ../KKNios_bsp//libhal_bsp.a(alt_irq_handler.o)
 .text          0x000000000004efa0        0x0 ../KKNios_bsp//libhal_bsp.a(alt_irq_vars.o)
 .text          0x000000000004efa0      0x270 ../KKNios_bsp//libhal_bsp.a(alt_open.o)
                0x000000000004f0bc                open
 .text          0x000000000004f210      0x19c ../KKNios_bsp//libhal_bsp.a(alt_tick.o)
                0x000000000004f210                alt_alarm_stop
                0x000000000004f2a8                alt_tick
 .text          0x000000000004f3ac       0x20 ../KKNios_bsp//libhal_bsp.a(altera_nios2_gen2_irq.o)
                0x000000000004f3ac                altera_nios2_gen2_irq_init
 .text          0x000000000004f3cc      0x180 ../KKNios_bsp//libhal_bsp.a(altera_avalon_performance_counter.o)
                0x000000000004f3cc                perf_get_section_time
                0x000000000004f480                perf_get_total_time
                0x000000000004f4cc                perf_get_num_starts
                0x000000000004f508                alt_get_performance_counter_base
                0x000000000004f528                alt_get_cpu_freq
 .text          0x000000000004f54c        0x0 ../KKNios_bsp//libhal_bsp.a(alt_exception_entry.o)
 .text          0x000000000004f54c       0x90 ../KKNios_bsp//libhal_bsp.a(alt_find_dev.o)
                0x000000000004f54c                alt_find_dev
 .text          0x000000000004f5dc      0x114 ../KKNios_bsp//libhal_bsp.a(alt_find_file.o)
                0x000000000004f5dc                alt_find_file
 .text          0x000000000004f6f0       0xb4 ../KKNios_bsp//libhal_bsp.a(alt_get_fd.o)
                0x000000000004f6f0                alt_get_fd
 .text          0x000000000004f7a4       0x14 /opt/altera/14.1/nios2eds/bin/gnu/H-x86_64-pc-linux-gnu/bin/../lib/gcc/nios2-elf/4.8.3/../../../../../H-x86_64-pc-linux-gnu/nios2-elf/lib/libc.a(lib_a-atexit.o)
                0x000000000004f7a4                atexit
 .text          0x000000000004f7b8       0x38 /opt/altera/14.1/nios2eds/bin/gnu/H-x86_64-pc-linux-gnu/bin/../lib/gcc/nios2-elf/4.8.3/../../../../../H-x86_64-pc-linux-gnu/nios2-elf/lib/libc.a(lib_a-exit.o)
                0x000000000004f7b8                exit
 .text          0x000000000004f7f0       0x7c /opt/altera/14.1/nios2eds/bin/gnu/H-x86_64-pc-linux-gnu/bin/../lib/gcc/nios2-elf/4.8.3/../../../../../H-x86_64-pc-linux-gnu/nios2-elf/lib/libc.a(lib_a-memcmp.o)
                0x000000000004f7f0                memcmp
 .text          0x000000000004f86c      0x11c /opt/altera/14.1/nios2eds/bin/gnu/H-x86_64-pc-linux-gnu/bin/../lib/gcc/nios2-elf/4.8.3/../../../../../H-x86_64-pc-linux-gnu/nios2-elf/lib/libc.a(lib_a-__atexit.o)
                0x000000000004f86c                __register_exitproc
 .text          0x000000000004f988      0x1a4 /opt/altera/14.1/nios2eds/bin/gnu/H-x86_64-pc-linux-gnu/bin/../lib/gcc/nios2-elf/4.8.3/../../../../../H-x86_64-pc-linux-gnu/nios2-elf/lib/libc.a(lib_a-__call_atexit.o)
                0x000000000004f988                __call_exitprocs
 .text          0x000000000004fb2c       0x70 /opt/altera/14.1/nios2eds/bin/gnu/H-x86_64-pc-linux-gnu/bin/../lib/gcc/nios2-elf/4.8.3/libgcc.a(_floatundidf.o)
                0x000000000004fb2c                __floatundidf
 .text          0x000000000004fb9c       0x34 ../KKNios_bsp//libhal_bsp.a(alt_exit.o)
                0x000000000004fb9c                _exit
 *(.gnu.warning.*)
 *(.fini)
                0x000000000004fbd0                PROVIDE (__etext, ABSOLUTE (.))
                0x000000000004fbd0                PROVIDE (_etext, ABSOLUTE (.))
                0x000000000004fbd0                PROVIDE (etext, ABSOLUTE (.))
 *(.eh_frame_hdr)
                0x000000000004fbd0                . = ALIGN (0x4)
                0x000000000004fbd0                PROVIDE (__preinit_array_start, ABSOLUTE (.))
 *(.preinit_array)
                0x000000000004fbd0                PROVIDE (__preinit_array_end, ABSOLUTE (.))
                0x000000000004fbd0                PROVIDE (__init_array_start, ABSOLUTE (.))
 *(.init_array)
                0x000000000004fbd0                PROVIDE (__init_array_end, ABSOLUTE (.))
                0x000000000004fbd0                PROVIDE (__fini_array_start, ABSOLUTE (.))
 *(.fini_array)
                0x000000000004fbd0                PROVIDE (__fini_array_end, ABSOLUTE (.))
 *(.eh_frame)
 *(.gcc_except_table .gcc_except_table.*)
 *(.dynamic)
                0x000000000004fbd0                PROVIDE (__CTOR_LIST__, ABSOLUTE (.))
 *(.ctors)
 *(SORT(.ctors.*))
                0x000000000004fbd0                PROVIDE (__CTOR_END__, ABSOLUTE (.))
                0x000000000004fbd0                PROVIDE (__DTOR_LIST__, ABSOLUTE (.))
 *(.dtors)
 *(SORT(.dtors.*))
                0x000000000004fbd0                PROVIDE (__DTOR_END__, ABSOLUTE (.))
 *(.jcr)
                0x000000000004fbd0                . = ALIGN (0x4)

.rodata         0x000000000004fbd0      0x580
                0x000000000004fbd0                PROVIDE (__ram_rodata_start, ABSOLUTE (.))
                0x000000000004fbd0                . = ALIGN (0x4)
 *(.rodata .rodata.* .gnu.linkonce.r.*)
 .rodata        0x000000000004fbd0      0x188 obj/default/main.o
 .rodata        0x000000000004fd58      0x100 /opt/altera/14.1/nios2eds/bin/gnu/H-x86_64-pc-linux-gnu/bin/../lib/gcc/nios2-elf/4.8.3/libgcc.a(_clz.o)
                0x000000000004fd58                __clz_tab
 .rodata.str1.4
                0x000000000004fe58        0x2 /opt/altera/14.1/nios2eds/bin/gnu/H-x86_64-pc-linux-gnu/bin/../lib/gcc/nios2-elf/4.8.3/../../../../../H-x86_64-pc-linux-gnu/nios2-elf/lib/libc.a(lib_a-puts.o)
                                          0x4 (size before relaxing)
 *fill*         0x000000000004fe5a        0x2 
 .rodata.str1.4
                0x000000000004fe5c       0x42 /opt/altera/14.1/nios2eds/bin/gnu/H-x86_64-pc-linux-gnu/bin/../lib/gcc/nios2-elf/4.8.3/../../../../../H-x86_64-pc-linux-gnu/nios2-elf/lib/libc.a(lib_a-vfprintf.o)
                                         0x44 (size before relaxing)
 .rodata        0x000000000004fe9e       0x20 /opt/altera/14.1/nios2eds/bin/gnu/H-x86_64-pc-linux-gnu/bin/../lib/gcc/nios2-elf/4.8.3/../../../../../H-x86_64-pc-linux-gnu/nios2-elf/lib/libc.a(lib_a-vfprintf.o)
 *fill*         0x000000000004febe        0x2 
 .rodata.str1.4
                0x000000000004fec0       0x10 /opt/altera/14.1/nios2eds/bin/gnu/H-x86_64-pc-linux-gnu/bin/../lib/gcc/nios2-elf/4.8.3/../../../../../H-x86_64-pc-linux-gnu/nios2-elf/lib/libc.a(lib_a-dtoa.o)
                                         0x14 (size before relaxing)
 .rodata.str1.4
                0x000000000004fed0        0x2 /opt/altera/14.1/nios2eds/bin/gnu/H-x86_64-pc-linux-gnu/bin/../lib/gcc/nios2-elf/4.8.3/../../../../../H-x86_64-pc-linux-gnu/nios2-elf/lib/libc.a(lib_a-impure.o)
                                          0x4 (size before relaxing)
 *fill*         0x000000000004fed2        0x2 
 .rodata.str1.4
                0x000000000004fed4        0xc /opt/altera/14.1/nios2eds/bin/gnu/H-x86_64-pc-linux-gnu/bin/../lib/gcc/nios2-elf/4.8.3/../../../../../H-x86_64-pc-linux-gnu/nios2-elf/lib/libc.a(lib_a-locale.o)
                                         0x14 (size before relaxing)
 .rodata        0x000000000004fee0      0x124 /opt/altera/14.1/nios2eds/bin/gnu/H-x86_64-pc-linux-gnu/bin/../lib/gcc/nios2-elf/4.8.3/../../../../../H-x86_64-pc-linux-gnu/nios2-elf/lib/libc.a(lib_a-mprec.o)
                0x000000000004feec                __mprec_tinytens
                0x000000000004ff14                __mprec_bigtens
                0x000000000004ff3c                __mprec_tens
 .rodata.str1.4
                0x0000000000000000       0x30 /opt/altera/14.1/nios2eds/bin/gnu/H-x86_64-pc-linux-gnu/bin/../lib/gcc/nios2-elf/4.8.3/../../../../../H-x86_64-pc-linux-gnu/nios2-elf/lib/libc.a(lib_a-vfiprintf.o)
 .rodata        0x0000000000050004       0x20 /opt/altera/14.1/nios2eds/bin/gnu/H-x86_64-pc-linux-gnu/bin/../lib/gcc/nios2-elf/4.8.3/../../../../../H-x86_64-pc-linux-gnu/nios2-elf/lib/libc.a(lib_a-vfiprintf.o)
 .rodata        0x0000000000050024        0xc ../KKNios_bsp//libhal_bsp.a(alt_dev.o)
 .rodata        0x0000000000050030       0x10 ../KKNios_bsp//libhal_bsp.a(alt_main.o)
 .rodata        0x0000000000050040       0x10 ../KKNios_bsp//libhal_bsp.a(alt_sys_init.o)
 .rodata        0x0000000000050050      0x100 ../KKNios_bsp//libhal_bsp.a(perf_print_formatted_report.o)
 *(.rodata1)
                0x0000000000050150                . = ALIGN (0x4)
                0x0000000000050150                PROVIDE (__ram_rodata_end, ABSOLUTE (.))
                0x000000000004fbd0                PROVIDE (__flash_rodata_start, LOADADDR (.rodata))

.rwdata         0x0000000000050150     0x1aec
                0x0000000000050150                PROVIDE (__ram_rwdata_start, ABSOLUTE (.))
                0x0000000000050150                . = ALIGN (0x4)
 *(.got.plt)
 *(.got)
 *(.data1)
 *(.data .data.* .gnu.linkonce.d.*)
 .data          0x0000000000050150        0x0 ../KKNios_bsp//obj/HAL/src/crt0.o
 .data          0x0000000000050150        0x0 obj/default/main.o
 .data          0x0000000000050150        0x0 /opt/altera/14.1/nios2eds/bin/gnu/H-x86_64-pc-linux-gnu/bin/../lib/gcc/nios2-elf/4.8.3/libgcc.a(lib2-divmod.o)
 .data          0x0000000000050150        0x0 /opt/altera/14.1/nios2eds/bin/gnu/H-x86_64-pc-linux-gnu/bin/../lib/gcc/nios2-elf/4.8.3/libgcc.a(adddf3.o)
 .data          0x0000000000050150        0x0 /opt/altera/14.1/nios2eds/bin/gnu/H-x86_64-pc-linux-gnu/bin/../lib/gcc/nios2-elf/4.8.3/libgcc.a(divdf3.o)
 .data          0x0000000000050150        0x0 /opt/altera/14.1/nios2eds/bin/gnu/H-x86_64-pc-linux-gnu/bin/../lib/gcc/nios2-elf/4.8.3/libgcc.a(muldf3.o)
 .data          0x0000000000050150        0x0 /opt/altera/14.1/nios2eds/bin/gnu/H-x86_64-pc-linux-gnu/bin/../lib/gcc/nios2-elf/4.8.3/libgcc.a(subdf3.o)
 .data          0x0000000000050150        0x0 /opt/altera/14.1/nios2eds/bin/gnu/H-x86_64-pc-linux-gnu/bin/../lib/gcc/nios2-elf/4.8.3/libgcc.a(_clzsi2.o)
 .data          0x0000000000050150        0x0 /opt/altera/14.1/nios2eds/bin/gnu/H-x86_64-pc-linux-gnu/bin/../lib/gcc/nios2-elf/4.8.3/libgcc.a(_clz.o)
 .data          0x0000000000050150        0x0 /opt/altera/14.1/nios2eds/bin/gnu/H-x86_64-pc-linux-gnu/bin/../lib/gcc/nios2-elf/4.8.3/../../../../../H-x86_64-pc-linux-gnu/nios2-elf/lib/libc.a(lib_a-memcpy.o)
 .data          0x0000000000050150        0x0 /opt/altera/14.1/nios2eds/bin/gnu/H-x86_64-pc-linux-gnu/bin/../lib/gcc/nios2-elf/4.8.3/../../../../../H-x86_64-pc-linux-gnu/nios2-elf/lib/libc.a(lib_a-printf.o)
 .data          0x0000000000050150        0x0 /opt/altera/14.1/nios2eds/bin/gnu/H-x86_64-pc-linux-gnu/bin/../lib/gcc/nios2-elf/4.8.3/../../../../../H-x86_64-pc-linux-gnu/nios2-elf/lib/libc.a(lib_a-putchar.o)
 .data          0x0000000000050150        0x0 /opt/altera/14.1/nios2eds/bin/gnu/H-x86_64-pc-linux-gnu/bin/../lib/gcc/nios2-elf/4.8.3/../../../../../H-x86_64-pc-linux-gnu/nios2-elf/lib/libc.a(lib_a-puts.o)
 .data          0x0000000000050150        0x0 /opt/altera/14.1/nios2eds/bin/gnu/H-x86_64-pc-linux-gnu/bin/../lib/gcc/nios2-elf/4.8.3/../../../../../H-x86_64-pc-linux-gnu/nios2-elf/lib/libc.a(lib_a-strlen.o)
 .data          0x0000000000050150        0x0 /opt/altera/14.1/nios2eds/bin/gnu/H-x86_64-pc-linux-gnu/bin/../lib/gcc/nios2-elf/4.8.3/../../../../../H-x86_64-pc-linux-gnu/nios2-elf/lib/libc.a(lib_a-vfprintf.o)
 .data          0x0000000000050150        0x0 /opt/altera/14.1/nios2eds/bin/gnu/H-x86_64-pc-linux-gnu/bin/../lib/gcc/nios2-elf/4.8.3/../../../../../H-x86_64-pc-linux-gnu/nios2-elf/lib/libc.a(lib_a-wsetup.o)
 .data          0x0000000000050150        0x0 /opt/altera/14.1/nios2eds/bin/gnu/H-x86_64-pc-linux-gnu/bin/../lib/gcc/nios2-elf/4.8.3/../../../../../H-x86_64-pc-linux-gnu/nios2-elf/lib/libc.a(lib_a-dtoa.o)
 .data          0x0000000000050150        0x0 /opt/altera/14.1/nios2eds/bin/gnu/H-x86_64-pc-linux-gnu/bin/../lib/gcc/nios2-elf/4.8.3/../../../../../H-x86_64-pc-linux-gnu/nios2-elf/lib/libc.a(lib_a-fflush.o)
 .data          0x0000000000050150        0x0 /opt/altera/14.1/nios2eds/bin/gnu/H-x86_64-pc-linux-gnu/bin/../lib/gcc/nios2-elf/4.8.3/../../../../../H-x86_64-pc-linux-gnu/nios2-elf/lib/libc.a(lib_a-findfp.o)
 .data          0x0000000000050150        0x0 /opt/altera/14.1/nios2eds/bin/gnu/H-x86_64-pc-linux-gnu/bin/../lib/gcc/nios2-elf/4.8.3/../../../../../H-x86_64-pc-linux-gnu/nios2-elf/lib/libc.a(lib_a-freer.o)
 .data          0x0000000000050150        0x0 /opt/altera/14.1/nios2eds/bin/gnu/H-x86_64-pc-linux-gnu/bin/../lib/gcc/nios2-elf/4.8.3/../../../../../H-x86_64-pc-linux-gnu/nios2-elf/lib/libc.a(lib_a-fvwrite.o)
 .data          0x0000000000050150        0x0 /opt/altera/14.1/nios2eds/bin/gnu/H-x86_64-pc-linux-gnu/bin/../lib/gcc/nios2-elf/4.8.3/../../../../../H-x86_64-pc-linux-gnu/nios2-elf/lib/libc.a(lib_a-fwalk.o)
 .data          0x0000000000050150      0x424 /opt/altera/14.1/nios2eds/bin/gnu/H-x86_64-pc-linux-gnu/bin/../lib/gcc/nios2-elf/4.8.3/../../../../../H-x86_64-pc-linux-gnu/nios2-elf/lib/libc.a(lib_a-impure.o)
 .data          0x0000000000050574       0x78 /opt/altera/14.1/nios2eds/bin/gnu/H-x86_64-pc-linux-gnu/bin/../lib/gcc/nios2-elf/4.8.3/../../../../../H-x86_64-pc-linux-gnu/nios2-elf/lib/libc.a(lib_a-locale.o)
 .data          0x00000000000505ec        0x0 /opt/altera/14.1/nios2eds/bin/gnu/H-x86_64-pc-linux-gnu/bin/../lib/gcc/nios2-elf/4.8.3/../../../../../H-x86_64-pc-linux-gnu/nios2-elf/lib/libc.a(lib_a-makebuf.o)
 .data          0x00000000000505ec      0x408 /opt/altera/14.1/nios2eds/bin/gnu/H-x86_64-pc-linux-gnu/bin/../lib/gcc/nios2-elf/4.8.3/../../../../../H-x86_64-pc-linux-gnu/nios2-elf/lib/libc.a(lib_a-mallocr.o)
                0x00000000000505ec                __malloc_av_
 .data          0x00000000000509f4        0x0 /opt/altera/14.1/nios2eds/bin/gnu/H-x86_64-pc-linux-gnu/bin/../lib/gcc/nios2-elf/4.8.3/../../../../../H-x86_64-pc-linux-gnu/nios2-elf/lib/libc.a(lib_a-memchr.o)
 .data          0x00000000000509f4        0x0 /opt/altera/14.1/nios2eds/bin/gnu/H-x86_64-pc-linux-gnu/bin/../lib/gcc/nios2-elf/4.8.3/../../../../../H-x86_64-pc-linux-gnu/nios2-elf/lib/libc.a(lib_a-memmove.o)
 .data          0x00000000000509f4        0x0 /opt/altera/14.1/nios2eds/bin/gnu/H-x86_64-pc-linux-gnu/bin/../lib/gcc/nios2-elf/4.8.3/../../../../../H-x86_64-pc-linux-gnu/nios2-elf/lib/libc.a(lib_a-memset.o)
 .data          0x00000000000509f4        0x0 /opt/altera/14.1/nios2eds/bin/gnu/H-x86_64-pc-linux-gnu/bin/../lib/gcc/nios2-elf/4.8.3/../../../../../H-x86_64-pc-linux-gnu/nios2-elf/lib/libc.a(lib_a-mprec.o)
 .data          0x00000000000509f4        0x0 /opt/altera/14.1/nios2eds/bin/gnu/H-x86_64-pc-linux-gnu/bin/../lib/gcc/nios2-elf/4.8.3/../../../../../H-x86_64-pc-linux-gnu/nios2-elf/lib/libc.a(lib_a-putc.o)
 .data          0x00000000000509f4        0x0 /opt/altera/14.1/nios2eds/bin/gnu/H-x86_64-pc-linux-gnu/bin/../lib/gcc/nios2-elf/4.8.3/../../../../../H-x86_64-pc-linux-gnu/nios2-elf/lib/libc.a(lib_a-reallocr.o)
 .data          0x00000000000509f4        0x0 /opt/altera/14.1/nios2eds/bin/gnu/H-x86_64-pc-linux-gnu/bin/../lib/gcc/nios2-elf/4.8.3/../../../../../H-x86_64-pc-linux-gnu/nios2-elf/lib/libc.a(lib_a-s_fpclassify.o)
 .data          0x00000000000509f4        0x0 /opt/altera/14.1/nios2eds/bin/gnu/H-x86_64-pc-linux-gnu/bin/../lib/gcc/nios2-elf/4.8.3/../../../../../H-x86_64-pc-linux-gnu/nios2-elf/lib/libc.a(lib_a-sbrkr.o)
 .data          0x00000000000509f4        0x0 /opt/altera/14.1/nios2eds/bin/gnu/H-x86_64-pc-linux-gnu/bin/../lib/gcc/nios2-elf/4.8.3/../../../../../H-x86_64-pc-linux-gnu/nios2-elf/lib/libc.a(lib_a-stdio.o)
 .data          0x00000000000509f4        0x0 /opt/altera/14.1/nios2eds/bin/gnu/H-x86_64-pc-linux-gnu/bin/../lib/gcc/nios2-elf/4.8.3/../../../../../H-x86_64-pc-linux-gnu/nios2-elf/lib/libc.a(lib_a-strcmp.o)
 .data          0x00000000000509f4        0x0 /opt/altera/14.1/nios2eds/bin/gnu/H-x86_64-pc-linux-gnu/bin/../lib/gcc/nios2-elf/4.8.3/../../../../../H-x86_64-pc-linux-gnu/nios2-elf/lib/libc.a(lib_a-vfiprintf.o)
 .data          0x00000000000509f4        0x0 /opt/altera/14.1/nios2eds/bin/gnu/H-x86_64-pc-linux-gnu/bin/../lib/gcc/nios2-elf/4.8.3/../../../../../H-x86_64-pc-linux-gnu/nios2-elf/lib/libc.a(lib_a-wbuf.o)
 .data          0x00000000000509f4        0x0 /opt/altera/14.1/nios2eds/bin/gnu/H-x86_64-pc-linux-gnu/bin/../lib/gcc/nios2-elf/4.8.3/../../../../../H-x86_64-pc-linux-gnu/nios2-elf/lib/libc.a(lib_a-writer.o)
 .data          0x00000000000509f4        0x0 /opt/altera/14.1/nios2eds/bin/gnu/H-x86_64-pc-linux-gnu/bin/../lib/gcc/nios2-elf/4.8.3/../../../../../H-x86_64-pc-linux-gnu/nios2-elf/lib/libc.a(closer.o)
 .data          0x00000000000509f4        0x0 /opt/altera/14.1/nios2eds/bin/gnu/H-x86_64-pc-linux-gnu/bin/../lib/gcc/nios2-elf/4.8.3/../../../../../H-x86_64-pc-linux-gnu/nios2-elf/lib/libc.a(lib_a-callocr.o)
 .data          0x00000000000509f4        0x0 /opt/altera/14.1/nios2eds/bin/gnu/H-x86_64-pc-linux-gnu/bin/../lib/gcc/nios2-elf/4.8.3/../../../../../H-x86_64-pc-linux-gnu/nios2-elf/lib/libc.a(lib_a-fclose.o)
 .data          0x00000000000509f4        0x0 /opt/altera/14.1/nios2eds/bin/gnu/H-x86_64-pc-linux-gnu/bin/../lib/gcc/nios2-elf/4.8.3/../../../../../H-x86_64-pc-linux-gnu/nios2-elf/lib/libc.a(lib_a-fputwc.o)
 .data          0x00000000000509f4        0x0 /opt/altera/14.1/nios2eds/bin/gnu/H-x86_64-pc-linux-gnu/bin/../lib/gcc/nios2-elf/4.8.3/../../../../../H-x86_64-pc-linux-gnu/nios2-elf/lib/libc.a(lib_a-fstatr.o)
 .data          0x00000000000509f4        0x0 /opt/altera/14.1/nios2eds/bin/gnu/H-x86_64-pc-linux-gnu/bin/../lib/gcc/nios2-elf/4.8.3/../../../../../H-x86_64-pc-linux-gnu/nios2-elf/lib/libc.a(lib_a-int_errno.o)
 .data          0x00000000000509f4        0x0 /opt/altera/14.1/nios2eds/bin/gnu/H-x86_64-pc-linux-gnu/bin/../lib/gcc/nios2-elf/4.8.3/../../../../../H-x86_64-pc-linux-gnu/nios2-elf/lib/libc.a(lib_a-isattyr.o)
 .data          0x00000000000509f4        0x0 /opt/altera/14.1/nios2eds/bin/gnu/H-x86_64-pc-linux-gnu/bin/../lib/gcc/nios2-elf/4.8.3/../../../../../H-x86_64-pc-linux-gnu/nios2-elf/lib/libc.a(lib_a-lseekr.o)
 .data          0x00000000000509f4        0x0 /opt/altera/14.1/nios2eds/bin/gnu/H-x86_64-pc-linux-gnu/bin/../lib/gcc/nios2-elf/4.8.3/../../../../../H-x86_64-pc-linux-gnu/nios2-elf/lib/libc.a(lib_a-readr.o)
 .data          0x00000000000509f4        0x0 /opt/altera/14.1/nios2eds/bin/gnu/H-x86_64-pc-linux-gnu/bin/../lib/gcc/nios2-elf/4.8.3/../../../../../H-x86_64-pc-linux-gnu/nios2-elf/lib/libc.a(lib_a-wcrtomb.o)
 .data          0x00000000000509f4        0x0 /opt/altera/14.1/nios2eds/bin/gnu/H-x86_64-pc-linux-gnu/bin/../lib/gcc/nios2-elf/4.8.3/../../../../../H-x86_64-pc-linux-gnu/nios2-elf/lib/libc.a(lib_a-wctomb_r.o)
 .data          0x00000000000509f4        0x0 /opt/altera/14.1/nios2eds/bin/gnu/H-x86_64-pc-linux-gnu/bin/../lib/gcc/nios2-elf/4.8.3/libgcc.a(_udivdi3.o)
 .data          0x00000000000509f4        0x0 /opt/altera/14.1/nios2eds/bin/gnu/H-x86_64-pc-linux-gnu/bin/../lib/gcc/nios2-elf/4.8.3/libgcc.a(_umoddi3.o)
 .data          0x00000000000509f4        0x0 /opt/altera/14.1/nios2eds/bin/gnu/H-x86_64-pc-linux-gnu/bin/../lib/gcc/nios2-elf/4.8.3/libgcc.a(eqdf2.o)
 .data          0x00000000000509f4        0x0 /opt/altera/14.1/nios2eds/bin/gnu/H-x86_64-pc-linux-gnu/bin/../lib/gcc/nios2-elf/4.8.3/libgcc.a(gedf2.o)
 .data          0x00000000000509f4        0x0 /opt/altera/14.1/nios2eds/bin/gnu/H-x86_64-pc-linux-gnu/bin/../lib/gcc/nios2-elf/4.8.3/libgcc.a(ledf2.o)
 .data          0x00000000000509f4        0x0 /opt/altera/14.1/nios2eds/bin/gnu/H-x86_64-pc-linux-gnu/bin/../lib/gcc/nios2-elf/4.8.3/libgcc.a(fixdfsi.o)
 .data          0x00000000000509f4        0x0 /opt/altera/14.1/nios2eds/bin/gnu/H-x86_64-pc-linux-gnu/bin/../lib/gcc/nios2-elf/4.8.3/libgcc.a(floatsidf.o)
 .data          0x00000000000509f4        0x0 /opt/altera/14.1/nios2eds/bin/gnu/H-x86_64-pc-linux-gnu/bin/../lib/gcc/nios2-elf/4.8.3/libgcc.a(floatunsidf.o)
 .data          0x00000000000509f4        0x0 ../KKNios_bsp//libhal_bsp.a(alt_close.o)
 .data          0x00000000000509f4      0x1a8 ../KKNios_bsp//libhal_bsp.a(alt_dev.o)
                0x00000000000509f4                alt_dev_null
                0x0000000000050a1c                alt_fd_list
 .data          0x0000000000050b9c        0x0 ../KKNios_bsp//libhal_bsp.a(alt_errno.o)
 .data          0x0000000000050b9c        0x0 ../KKNios_bsp//libhal_bsp.a(alt_fstat.o)
 .data          0x0000000000050b9c        0x0 ../KKNios_bsp//libhal_bsp.a(alt_isatty.o)
 .data          0x0000000000050b9c        0x0 ../KKNios_bsp//libhal_bsp.a(alt_lseek.o)
 .data          0x0000000000050b9c        0x0 ../KKNios_bsp//libhal_bsp.a(alt_main.o)
 .data          0x0000000000050b9c        0x0 ../KKNios_bsp//libhal_bsp.a(alt_malloc_lock.o)
 .data          0x0000000000050b9c        0x0 ../KKNios_bsp//libhal_bsp.a(alt_read.o)
 .data          0x0000000000050b9c        0x0 ../KKNios_bsp//libhal_bsp.a(alt_release_fd.o)
 .data          0x0000000000050b9c        0x0 ../KKNios_bsp//libhal_bsp.a(alt_sbrk.o)
 .data          0x0000000000050b9c        0x0 ../KKNios_bsp//libhal_bsp.a(alt_write.o)
 .data          0x0000000000050b9c     0x1060 ../KKNios_bsp//libhal_bsp.a(alt_sys_init.o)
 .data          0x0000000000051bfc        0x0 ../KKNios_bsp//libhal_bsp.a(altera_avalon_jtag_uart_fd.o)
 .data          0x0000000000051bfc        0x0 ../KKNios_bsp//libhal_bsp.a(altera_avalon_jtag_uart_init.o)
 .data          0x0000000000051bfc        0x0 ../KKNios_bsp//libhal_bsp.a(altera_avalon_jtag_uart_ioctl.o)
 .data          0x0000000000051bfc        0x0 ../KKNios_bsp//libhal_bsp.a(altera_avalon_jtag_uart_read.o)
 .data          0x0000000000051bfc        0x0 ../KKNios_bsp//libhal_bsp.a(altera_avalon_jtag_uart_write.o)
 .data          0x0000000000051bfc        0x0 ../KKNios_bsp//libhal_bsp.a(altera_avalon_timer_sc.o)
 .data          0x0000000000051bfc        0x0 ../KKNios_bsp//libhal_bsp.a(altera_avalon_timer_vars.o)
 .data          0x0000000000051bfc        0x0 ../KKNios_bsp//libhal_bsp.a(perf_print_formatted_report.o)
 .data          0x0000000000051bfc        0x0 ../KKNios_bsp//libhal_bsp.a(alt_alarm_start.o)
 .data          0x0000000000051bfc        0x0 ../KKNios_bsp//libhal_bsp.a(alt_dev_llist_insert.o)
 .data          0x0000000000051bfc        0x0 ../KKNios_bsp//libhal_bsp.a(alt_do_ctors.o)
 .data          0x0000000000051bfc        0x0 ../KKNios_bsp//libhal_bsp.a(alt_do_dtors.o)
 .data          0x0000000000051bfc        0x0 ../KKNios_bsp//libhal_bsp.a(alt_iic.o)
 .data          0x0000000000051bfc        0x0 ../KKNios_bsp//libhal_bsp.a(alt_iic_isr_register.o)
 .data          0x0000000000051bfc        0x0 ../KKNios_bsp//libhal_bsp.a(alt_io_redirect.o)
 .data          0x0000000000051bfc        0x0 ../KKNios_bsp//libhal_bsp.a(alt_irq_entry.o)
 .data          0x0000000000051bfc        0x0 ../KKNios_bsp//libhal_bsp.a(alt_irq_handler.o)
 .data          0x0000000000051bfc        0x0 ../KKNios_bsp//libhal_bsp.a(alt_irq_vars.o)
 .data          0x0000000000051bfc        0x0 ../KKNios_bsp//libhal_bsp.a(alt_open.o)
 .data          0x0000000000051bfc        0x0 ../KKNios_bsp//libhal_bsp.a(alt_tick.o)
 .data          0x0000000000051bfc        0x0 ../KKNios_bsp//libhal_bsp.a(altera_nios2_gen2_irq.o)
 .data          0x0000000000051bfc        0x0 ../KKNios_bsp//libhal_bsp.a(altera_avalon_performance_counter.o)
 .data          0x0000000000051bfc        0x0 ../KKNios_bsp//libhal_bsp.a(alt_exception_entry.o)
 .data          0x0000000000051bfc        0x0 ../KKNios_bsp//libhal_bsp.a(alt_find_dev.o)
 .data          0x0000000000051bfc        0x0 ../KKNios_bsp//libhal_bsp.a(alt_find_file.o)
 .data          0x0000000000051bfc        0x0 ../KKNios_bsp//libhal_bsp.a(alt_get_fd.o)
 .data          0x0000000000051bfc        0x0 /opt/altera/14.1/nios2eds/bin/gnu/H-x86_64-pc-linux-gnu/bin/../lib/gcc/nios2-elf/4.8.3/../../../../../H-x86_64-pc-linux-gnu/nios2-elf/lib/libc.a(lib_a-atexit.o)
 .data          0x0000000000051bfc        0x0 /opt/altera/14.1/nios2eds/bin/gnu/H-x86_64-pc-linux-gnu/bin/../lib/gcc/nios2-elf/4.8.3/../../../../../H-x86_64-pc-linux-gnu/nios2-elf/lib/libc.a(lib_a-exit.o)
 .data          0x0000000000051bfc        0x0 /opt/altera/14.1/nios2eds/bin/gnu/H-x86_64-pc-linux-gnu/bin/../lib/gcc/nios2-elf/4.8.3/../../../../../H-x86_64-pc-linux-gnu/nios2-elf/lib/libc.a(lib_a-memcmp.o)
 .data          0x0000000000051bfc        0x0 /opt/altera/14.1/nios2eds/bin/gnu/H-x86_64-pc-linux-gnu/bin/../lib/gcc/nios2-elf/4.8.3/../../../../../H-x86_64-pc-linux-gnu/nios2-elf/lib/libc.a(lib_a-__atexit.o)
 .data          0x0000000000051bfc        0x0 /opt/altera/14.1/nios2eds/bin/gnu/H-x86_64-pc-linux-gnu/bin/../lib/gcc/nios2-elf/4.8.3/../../../../../H-x86_64-pc-linux-gnu/nios2-elf/lib/libc.a(lib_a-__call_atexit.o)
 .data          0x0000000000051bfc        0x0 /opt/altera/14.1/nios2eds/bin/gnu/H-x86_64-pc-linux-gnu/bin/../lib/gcc/nios2-elf/4.8.3/libgcc.a(_floatundidf.o)
 .data          0x0000000000051bfc        0x0 ../KKNios_bsp//libhal_bsp.a(alt_exit.o)
                0x0000000000059bfc                _gp = ABSOLUTE ((. + 0x8000))
                0x0000000000059bfc                PROVIDE (gp, _gp)
 *(.rwdata .rwdata.*)
 *(.sdata .sdata.* .gnu.linkonce.s.*)
 .sdata         0x0000000000051bfc        0x8 /opt/altera/14.1/nios2eds/bin/gnu/H-x86_64-pc-linux-gnu/bin/../lib/gcc/nios2-elf/4.8.3/../../../../../H-x86_64-pc-linux-gnu/nios2-elf/lib/libc.a(lib_a-impure.o)
                0x0000000000051bfc                _global_impure_ptr
                0x0000000000051c00                _impure_ptr
 .sdata         0x0000000000051c04        0x4 /opt/altera/14.1/nios2eds/bin/gnu/H-x86_64-pc-linux-gnu/bin/../lib/gcc/nios2-elf/4.8.3/../../../../../H-x86_64-pc-linux-gnu/nios2-elf/lib/libc.a(lib_a-locale.o)
                0x0000000000051c04                __mb_cur_max
 .sdata         0x0000000000051c08        0x8 /opt/altera/14.1/nios2eds/bin/gnu/H-x86_64-pc-linux-gnu/bin/../lib/gcc/nios2-elf/4.8.3/../../../../../H-x86_64-pc-linux-gnu/nios2-elf/lib/libc.a(lib_a-mallocr.o)
                0x0000000000051c08                __malloc_sbrk_base
                0x0000000000051c0c                __malloc_trim_threshold
 .sdata         0x0000000000051c10        0x4 /opt/altera/14.1/nios2eds/bin/gnu/H-x86_64-pc-linux-gnu/bin/../lib/gcc/nios2-elf/4.8.3/../../../../../H-x86_64-pc-linux-gnu/nios2-elf/lib/libc.a(lib_a-wctomb_r.o)
                0x0000000000051c10                __wctomb
 .sdata         0x0000000000051c14       0x14 ../KKNios_bsp//libhal_bsp.a(alt_dev.o)
                0x0000000000051c14                alt_fs_list
                0x0000000000051c1c                alt_dev_list
                0x0000000000051c24                alt_max_fd
 .sdata         0x0000000000051c28        0x4 ../KKNios_bsp//libhal_bsp.a(alt_errno.o)
                0x0000000000051c28                alt_errno
 .sdata         0x0000000000051c2c        0x4 ../KKNios_bsp//libhal_bsp.a(alt_sbrk.o)
 .sdata         0x0000000000051c30        0x4 ../KKNios_bsp//libhal_bsp.a(alt_irq_vars.o)
                0x0000000000051c30                alt_priority_mask
 .sdata         0x0000000000051c34        0x8 ../KKNios_bsp//libhal_bsp.a(alt_tick.o)
                0x0000000000051c34                alt_alarm_list
 *(.sdata2 .sdata2.* .gnu.linkonce.s2.*)
                0x0000000000051c3c                . = ALIGN (0x4)
                0x0000000000051c3c                _edata = ABSOLUTE (.)
                0x0000000000051c3c                PROVIDE (edata, ABSOLUTE (.))
                0x0000000000051c3c                PROVIDE (__ram_rwdata_end, ABSOLUTE (.))
                0x0000000000050150                PROVIDE (__flash_rwdata_start, LOADADDR (.rwdata))

.bss            0x0000000000051c3c      0x164
                0x0000000000051c3c                __bss_start = ABSOLUTE (.)
                0x0000000000051c3c                PROVIDE (__sbss_start, ABSOLUTE (.))
                0x0000000000051c3c                PROVIDE (___sbss_start, ABSOLUTE (.))
 *(.dynsbss)
 *(.sbss .sbss.* .gnu.linkonce.sb.*)
 .sbss          0x0000000000051c3c        0xc /opt/altera/14.1/nios2eds/bin/gnu/H-x86_64-pc-linux-gnu/bin/../lib/gcc/nios2-elf/4.8.3/../../../../../H-x86_64-pc-linux-gnu/nios2-elf/lib/libc.a(lib_a-locale.o)
                0x0000000000051c3c                _PathLocale
                0x0000000000051c40                __mlocale_changed
                0x0000000000051c44                __nlocale_changed
 .sbss          0x0000000000051c48        0xc /opt/altera/14.1/nios2eds/bin/gnu/H-x86_64-pc-linux-gnu/bin/../lib/gcc/nios2-elf/4.8.3/../../../../../H-x86_64-pc-linux-gnu/nios2-elf/lib/libc.a(lib_a-mallocr.o)
                0x0000000000051c48                __malloc_max_total_mem
                0x0000000000051c4c                __malloc_max_sbrked_mem
                0x0000000000051c50                __malloc_top_pad
 .sbss          0x0000000000051c54        0x4 /opt/altera/14.1/nios2eds/bin/gnu/H-x86_64-pc-linux-gnu/bin/../lib/gcc/nios2-elf/4.8.3/../../../../../H-x86_64-pc-linux-gnu/nios2-elf/lib/libc.a(lib_a-int_errno.o)
                0x0000000000051c54                errno
 .sbss          0x0000000000051c58        0xc ../KKNios_bsp//libhal_bsp.a(alt_main.o)
                0x0000000000051c58                alt_argc
                0x0000000000051c5c                alt_argv
                0x0000000000051c60                alt_envp
 .sbss          0x0000000000051c64        0x8 ../KKNios_bsp//libhal_bsp.a(altera_avalon_timer_vars.o)
                0x0000000000051c64                altera_avalon_timer_ts_base
                0x0000000000051c68                altera_avalon_timer_ts_freq
 .sbss          0x0000000000051c6c        0x4 ../KKNios_bsp//libhal_bsp.a(alt_irq_vars.o)
                0x0000000000051c6c                alt_irq_active
 .sbss          0x0000000000051c70        0x8 ../KKNios_bsp//libhal_bsp.a(alt_tick.o)
                0x0000000000051c70                _alt_tick_rate
                0x0000000000051c74                _alt_nticks
 *(.sbss2 .sbss2.* .gnu.linkonce.sb2.*)
 *(.scommon)
                0x0000000000051c78                PROVIDE (__sbss_end, ABSOLUTE (.))
                0x0000000000051c78                PROVIDE (___sbss_end, ABSOLUTE (.))
 *(.dynbss)
 *(.bss .bss.* .gnu.linkonce.b.*)
 .bss           0x0000000000051c78        0x0 ../KKNios_bsp//obj/HAL/src/crt0.o
 .bss           0x0000000000051c78        0x0 obj/default/main.o
 .bss           0x0000000000051c78        0x0 /opt/altera/14.1/nios2eds/bin/gnu/H-x86_64-pc-linux-gnu/bin/../lib/gcc/nios2-elf/4.8.3/libgcc.a(lib2-divmod.o)
 .bss           0x0000000000051c78        0x0 /opt/altera/14.1/nios2eds/bin/gnu/H-x86_64-pc-linux-gnu/bin/../lib/gcc/nios2-elf/4.8.3/libgcc.a(adddf3.o)
 .bss           0x0000000000051c78        0x0 /opt/altera/14.1/nios2eds/bin/gnu/H-x86_64-pc-linux-gnu/bin/../lib/gcc/nios2-elf/4.8.3/libgcc.a(divdf3.o)
 .bss           0x0000000000051c78        0x0 /opt/altera/14.1/nios2eds/bin/gnu/H-x86_64-pc-linux-gnu/bin/../lib/gcc/nios2-elf/4.8.3/libgcc.a(muldf3.o)
 .bss           0x0000000000051c78        0x0 /opt/altera/14.1/nios2eds/bin/gnu/H-x86_64-pc-linux-gnu/bin/../lib/gcc/nios2-elf/4.8.3/libgcc.a(subdf3.o)
 .bss           0x0000000000051c78        0x0 /opt/altera/14.1/nios2eds/bin/gnu/H-x86_64-pc-linux-gnu/bin/../lib/gcc/nios2-elf/4.8.3/libgcc.a(_clzsi2.o)
 .bss           0x0000000000051c78        0x0 /opt/altera/14.1/nios2eds/bin/gnu/H-x86_64-pc-linux-gnu/bin/../lib/gcc/nios2-elf/4.8.3/libgcc.a(_clz.o)
 .bss           0x0000000000051c78        0x0 /opt/altera/14.1/nios2eds/bin/gnu/H-x86_64-pc-linux-gnu/bin/../lib/gcc/nios2-elf/4.8.3/../../../../../H-x86_64-pc-linux-gnu/nios2-elf/lib/libc.a(lib_a-memcpy.o)
 .bss           0x0000000000051c78        0x0 /opt/altera/14.1/nios2eds/bin/gnu/H-x86_64-pc-linux-gnu/bin/../lib/gcc/nios2-elf/4.8.3/../../../../../H-x86_64-pc-linux-gnu/nios2-elf/lib/libc.a(lib_a-printf.o)
 .bss           0x0000000000051c78        0x0 /opt/altera/14.1/nios2eds/bin/gnu/H-x86_64-pc-linux-gnu/bin/../lib/gcc/nios2-elf/4.8.3/../../../../../H-x86_64-pc-linux-gnu/nios2-elf/lib/libc.a(lib_a-putchar.o)
 .bss           0x0000000000051c78        0x0 /opt/altera/14.1/nios2eds/bin/gnu/H-x86_64-pc-linux-gnu/bin/../lib/gcc/nios2-elf/4.8.3/../../../../../H-x86_64-pc-linux-gnu/nios2-elf/lib/libc.a(lib_a-puts.o)
 .bss           0x0000000000051c78        0x0 /opt/altera/14.1/nios2eds/bin/gnu/H-x86_64-pc-linux-gnu/bin/../lib/gcc/nios2-elf/4.8.3/../../../../../H-x86_64-pc-linux-gnu/nios2-elf/lib/libc.a(lib_a-strlen.o)
 .bss           0x0000000000051c78        0x0 /opt/altera/14.1/nios2eds/bin/gnu/H-x86_64-pc-linux-gnu/bin/../lib/gcc/nios2-elf/4.8.3/../../../../../H-x86_64-pc-linux-gnu/nios2-elf/lib/libc.a(lib_a-vfprintf.o)
 .bss           0x0000000000051c78        0x0 /opt/altera/14.1/nios2eds/bin/gnu/H-x86_64-pc-linux-gnu/bin/../lib/gcc/nios2-elf/4.8.3/../../../../../H-x86_64-pc-linux-gnu/nios2-elf/lib/libc.a(lib_a-wsetup.o)
 .bss           0x0000000000051c78        0x0 /opt/altera/14.1/nios2eds/bin/gnu/H-x86_64-pc-linux-gnu/bin/../lib/gcc/nios2-elf/4.8.3/../../../../../H-x86_64-pc-linux-gnu/nios2-elf/lib/libc.a(lib_a-dtoa.o)
 .bss           0x0000000000051c78        0x0 /opt/altera/14.1/nios2eds/bin/gnu/H-x86_64-pc-linux-gnu/bin/../lib/gcc/nios2-elf/4.8.3/../../../../../H-x86_64-pc-linux-gnu/nios2-elf/lib/libc.a(lib_a-fflush.o)
 .bss           0x0000000000051c78        0x0 /opt/altera/14.1/nios2eds/bin/gnu/H-x86_64-pc-linux-gnu/bin/../lib/gcc/nios2-elf/4.8.3/../../../../../H-x86_64-pc-linux-gnu/nios2-elf/lib/libc.a(lib_a-findfp.o)
 .bss           0x0000000000051c78        0x0 /opt/altera/14.1/nios2eds/bin/gnu/H-x86_64-pc-linux-gnu/bin/../lib/gcc/nios2-elf/4.8.3/../../../../../H-x86_64-pc-linux-gnu/nios2-elf/lib/libc.a(lib_a-freer.o)
 .bss           0x0000000000051c78        0x0 /opt/altera/14.1/nios2eds/bin/gnu/H-x86_64-pc-linux-gnu/bin/../lib/gcc/nios2-elf/4.8.3/../../../../../H-x86_64-pc-linux-gnu/nios2-elf/lib/libc.a(lib_a-fvwrite.o)
 .bss           0x0000000000051c78        0x0 /opt/altera/14.1/nios2eds/bin/gnu/H-x86_64-pc-linux-gnu/bin/../lib/gcc/nios2-elf/4.8.3/../../../../../H-x86_64-pc-linux-gnu/nios2-elf/lib/libc.a(lib_a-fwalk.o)
 .bss           0x0000000000051c78        0x0 /opt/altera/14.1/nios2eds/bin/gnu/H-x86_64-pc-linux-gnu/bin/../lib/gcc/nios2-elf/4.8.3/../../../../../H-x86_64-pc-linux-gnu/nios2-elf/lib/libc.a(lib_a-impure.o)
 .bss           0x0000000000051c78        0x0 /opt/altera/14.1/nios2eds/bin/gnu/H-x86_64-pc-linux-gnu/bin/../lib/gcc/nios2-elf/4.8.3/../../../../../H-x86_64-pc-linux-gnu/nios2-elf/lib/libc.a(lib_a-locale.o)
 .bss           0x0000000000051c78        0x0 /opt/altera/14.1/nios2eds/bin/gnu/H-x86_64-pc-linux-gnu/bin/../lib/gcc/nios2-elf/4.8.3/../../../../../H-x86_64-pc-linux-gnu/nios2-elf/lib/libc.a(lib_a-makebuf.o)
 .bss           0x0000000000051c78       0x28 /opt/altera/14.1/nios2eds/bin/gnu/H-x86_64-pc-linux-gnu/bin/../lib/gcc/nios2-elf/4.8.3/../../../../../H-x86_64-pc-linux-gnu/nios2-elf/lib/libc.a(lib_a-mallocr.o)
                0x0000000000051c78                __malloc_current_mallinfo
 .bss           0x0000000000051ca0        0x0 /opt/altera/14.1/nios2eds/bin/gnu/H-x86_64-pc-linux-gnu/bin/../lib/gcc/nios2-elf/4.8.3/../../../../../H-x86_64-pc-linux-gnu/nios2-elf/lib/libc.a(lib_a-memchr.o)
 .bss           0x0000000000051ca0        0x0 /opt/altera/14.1/nios2eds/bin/gnu/H-x86_64-pc-linux-gnu/bin/../lib/gcc/nios2-elf/4.8.3/../../../../../H-x86_64-pc-linux-gnu/nios2-elf/lib/libc.a(lib_a-memmove.o)
 .bss           0x0000000000051ca0        0x0 /opt/altera/14.1/nios2eds/bin/gnu/H-x86_64-pc-linux-gnu/bin/../lib/gcc/nios2-elf/4.8.3/../../../../../H-x86_64-pc-linux-gnu/nios2-elf/lib/libc.a(lib_a-memset.o)
 .bss           0x0000000000051ca0        0x0 /opt/altera/14.1/nios2eds/bin/gnu/H-x86_64-pc-linux-gnu/bin/../lib/gcc/nios2-elf/4.8.3/../../../../../H-x86_64-pc-linux-gnu/nios2-elf/lib/libc.a(lib_a-mprec.o)
 .bss           0x0000000000051ca0        0x0 /opt/altera/14.1/nios2eds/bin/gnu/H-x86_64-pc-linux-gnu/bin/../lib/gcc/nios2-elf/4.8.3/../../../../../H-x86_64-pc-linux-gnu/nios2-elf/lib/libc.a(lib_a-putc.o)
 .bss           0x0000000000051ca0        0x0 /opt/altera/14.1/nios2eds/bin/gnu/H-x86_64-pc-linux-gnu/bin/../lib/gcc/nios2-elf/4.8.3/../../../../../H-x86_64-pc-linux-gnu/nios2-elf/lib/libc.a(lib_a-reallocr.o)
 .bss           0x0000000000051ca0        0x0 /opt/altera/14.1/nios2eds/bin/gnu/H-x86_64-pc-linux-gnu/bin/../lib/gcc/nios2-elf/4.8.3/../../../../../H-x86_64-pc-linux-gnu/nios2-elf/lib/libc.a(lib_a-s_fpclassify.o)
 .bss           0x0000000000051ca0        0x0 /opt/altera/14.1/nios2eds/bin/gnu/H-x86_64-pc-linux-gnu/bin/../lib/gcc/nios2-elf/4.8.3/../../../../../H-x86_64-pc-linux-gnu/nios2-elf/lib/libc.a(lib_a-sbrkr.o)
 .bss           0x0000000000051ca0        0x0 /opt/altera/14.1/nios2eds/bin/gnu/H-x86_64-pc-linux-gnu/bin/../lib/gcc/nios2-elf/4.8.3/../../../../../H-x86_64-pc-linux-gnu/nios2-elf/lib/libc.a(lib_a-stdio.o)
 .bss           0x0000000000051ca0        0x0 /opt/altera/14.1/nios2eds/bin/gnu/H-x86_64-pc-linux-gnu/bin/../lib/gcc/nios2-elf/4.8.3/../../../../../H-x86_64-pc-linux-gnu/nios2-elf/lib/libc.a(lib_a-strcmp.o)
 .bss           0x0000000000051ca0        0x0 /opt/altera/14.1/nios2eds/bin/gnu/H-x86_64-pc-linux-gnu/bin/../lib/gcc/nios2-elf/4.8.3/../../../../../H-x86_64-pc-linux-gnu/nios2-elf/lib/libc.a(lib_a-vfiprintf.o)
 .bss           0x0000000000051ca0        0x0 /opt/altera/14.1/nios2eds/bin/gnu/H-x86_64-pc-linux-gnu/bin/../lib/gcc/nios2-elf/4.8.3/../../../../../H-x86_64-pc-linux-gnu/nios2-elf/lib/libc.a(lib_a-wbuf.o)
 .bss           0x0000000000051ca0        0x0 /opt/altera/14.1/nios2eds/bin/gnu/H-x86_64-pc-linux-gnu/bin/../lib/gcc/nios2-elf/4.8.3/../../../../../H-x86_64-pc-linux-gnu/nios2-elf/lib/libc.a(lib_a-writer.o)
 .bss           0x0000000000051ca0        0x0 /opt/altera/14.1/nios2eds/bin/gnu/H-x86_64-pc-linux-gnu/bin/../lib/gcc/nios2-elf/4.8.3/../../../../../H-x86_64-pc-linux-gnu/nios2-elf/lib/libc.a(closer.o)
 .bss           0x0000000000051ca0        0x0 /opt/altera/14.1/nios2eds/bin/gnu/H-x86_64-pc-linux-gnu/bin/../lib/gcc/nios2-elf/4.8.3/../../../../../H-x86_64-pc-linux-gnu/nios2-elf/lib/libc.a(lib_a-callocr.o)
 .bss           0x0000000000051ca0        0x0 /opt/altera/14.1/nios2eds/bin/gnu/H-x86_64-pc-linux-gnu/bin/../lib/gcc/nios2-elf/4.8.3/../../../../../H-x86_64-pc-linux-gnu/nios2-elf/lib/libc.a(lib_a-fclose.o)
 .bss           0x0000000000051ca0        0x0 /opt/altera/14.1/nios2eds/bin/gnu/H-x86_64-pc-linux-gnu/bin/../lib/gcc/nios2-elf/4.8.3/../../../../../H-x86_64-pc-linux-gnu/nios2-elf/lib/libc.a(lib_a-fputwc.o)
 .bss           0x0000000000051ca0        0x0 /opt/altera/14.1/nios2eds/bin/gnu/H-x86_64-pc-linux-gnu/bin/../lib/gcc/nios2-elf/4.8.3/../../../../../H-x86_64-pc-linux-gnu/nios2-elf/lib/libc.a(lib_a-fstatr.o)
 .bss           0x0000000000051ca0        0x0 /opt/altera/14.1/nios2eds/bin/gnu/H-x86_64-pc-linux-gnu/bin/../lib/gcc/nios2-elf/4.8.3/../../../../../H-x86_64-pc-linux-gnu/nios2-elf/lib/libc.a(lib_a-int_errno.o)
 .bss           0x0000000000051ca0        0x0 /opt/altera/14.1/nios2eds/bin/gnu/H-x86_64-pc-linux-gnu/bin/../lib/gcc/nios2-elf/4.8.3/../../../../../H-x86_64-pc-linux-gnu/nios2-elf/lib/libc.a(lib_a-isattyr.o)
 .bss           0x0000000000051ca0        0x0 /opt/altera/14.1/nios2eds/bin/gnu/H-x86_64-pc-linux-gnu/bin/../lib/gcc/nios2-elf/4.8.3/../../../../../H-x86_64-pc-linux-gnu/nios2-elf/lib/libc.a(lib_a-lseekr.o)
 .bss           0x0000000000051ca0        0x0 /opt/altera/14.1/nios2eds/bin/gnu/H-x86_64-pc-linux-gnu/bin/../lib/gcc/nios2-elf/4.8.3/../../../../../H-x86_64-pc-linux-gnu/nios2-elf/lib/libc.a(lib_a-readr.o)
 .bss           0x0000000000051ca0        0x0 /opt/altera/14.1/nios2eds/bin/gnu/H-x86_64-pc-linux-gnu/bin/../lib/gcc/nios2-elf/4.8.3/../../../../../H-x86_64-pc-linux-gnu/nios2-elf/lib/libc.a(lib_a-wcrtomb.o)
 .bss           0x0000000000051ca0        0x0 /opt/altera/14.1/nios2eds/bin/gnu/H-x86_64-pc-linux-gnu/bin/../lib/gcc/nios2-elf/4.8.3/../../../../../H-x86_64-pc-linux-gnu/nios2-elf/lib/libc.a(lib_a-wctomb_r.o)
 .bss           0x0000000000051ca0        0x0 /opt/altera/14.1/nios2eds/bin/gnu/H-x86_64-pc-linux-gnu/bin/../lib/gcc/nios2-elf/4.8.3/libgcc.a(_udivdi3.o)
 .bss           0x0000000000051ca0        0x0 /opt/altera/14.1/nios2eds/bin/gnu/H-x86_64-pc-linux-gnu/bin/../lib/gcc/nios2-elf/4.8.3/libgcc.a(_umoddi3.o)
 .bss           0x0000000000051ca0        0x0 /opt/altera/14.1/nios2eds/bin/gnu/H-x86_64-pc-linux-gnu/bin/../lib/gcc/nios2-elf/4.8.3/libgcc.a(eqdf2.o)
 .bss           0x0000000000051ca0        0x0 /opt/altera/14.1/nios2eds/bin/gnu/H-x86_64-pc-linux-gnu/bin/../lib/gcc/nios2-elf/4.8.3/libgcc.a(gedf2.o)
 .bss           0x0000000000051ca0        0x0 /opt/altera/14.1/nios2eds/bin/gnu/H-x86_64-pc-linux-gnu/bin/../lib/gcc/nios2-elf/4.8.3/libgcc.a(ledf2.o)
 .bss           0x0000000000051ca0        0x0 /opt/altera/14.1/nios2eds/bin/gnu/H-x86_64-pc-linux-gnu/bin/../lib/gcc/nios2-elf/4.8.3/libgcc.a(fixdfsi.o)
 .bss           0x0000000000051ca0        0x0 /opt/altera/14.1/nios2eds/bin/gnu/H-x86_64-pc-linux-gnu/bin/../lib/gcc/nios2-elf/4.8.3/libgcc.a(floatsidf.o)
 .bss           0x0000000000051ca0        0x0 /opt/altera/14.1/nios2eds/bin/gnu/H-x86_64-pc-linux-gnu/bin/../lib/gcc/nios2-elf/4.8.3/libgcc.a(floatunsidf.o)
 .bss           0x0000000000051ca0        0x0 ../KKNios_bsp//libhal_bsp.a(alt_close.o)
 .bss           0x0000000000051ca0        0x0 ../KKNios_bsp//libhal_bsp.a(alt_dev.o)
 .bss           0x0000000000051ca0        0x0 ../KKNios_bsp//libhal_bsp.a(alt_errno.o)
 .bss           0x0000000000051ca0        0x0 ../KKNios_bsp//libhal_bsp.a(alt_fstat.o)
 .bss           0x0000000000051ca0        0x0 ../KKNios_bsp//libhal_bsp.a(alt_isatty.o)
 .bss           0x0000000000051ca0        0x0 ../KKNios_bsp//libhal_bsp.a(alt_lseek.o)
 .bss           0x0000000000051ca0        0x0 ../KKNios_bsp//libhal_bsp.a(alt_main.o)
 .bss           0x0000000000051ca0        0x0 ../KKNios_bsp//libhal_bsp.a(alt_malloc_lock.o)
 .bss           0x0000000000051ca0        0x0 ../KKNios_bsp//libhal_bsp.a(alt_read.o)
 .bss           0x0000000000051ca0        0x0 ../KKNios_bsp//libhal_bsp.a(alt_release_fd.o)
 .bss           0x0000000000051ca0        0x0 ../KKNios_bsp//libhal_bsp.a(alt_sbrk.o)
 .bss           0x0000000000051ca0        0x0 ../KKNios_bsp//libhal_bsp.a(alt_write.o)
 .bss           0x0000000000051ca0        0x0 ../KKNios_bsp//libhal_bsp.a(alt_sys_init.o)
 .bss           0x0000000000051ca0        0x0 ../KKNios_bsp//libhal_bsp.a(altera_avalon_jtag_uart_fd.o)
 .bss           0x0000000000051ca0        0x0 ../KKNios_bsp//libhal_bsp.a(altera_avalon_jtag_uart_init.o)
 .bss           0x0000000000051ca0        0x0 ../KKNios_bsp//libhal_bsp.a(altera_avalon_jtag_uart_ioctl.o)
 .bss           0x0000000000051ca0        0x0 ../KKNios_bsp//libhal_bsp.a(altera_avalon_jtag_uart_read.o)
 .bss           0x0000000000051ca0        0x0 ../KKNios_bsp//libhal_bsp.a(altera_avalon_jtag_uart_write.o)
 .bss           0x0000000000051ca0        0x0 ../KKNios_bsp//libhal_bsp.a(altera_avalon_timer_sc.o)
 .bss           0x0000000000051ca0        0x0 ../KKNios_bsp//libhal_bsp.a(altera_avalon_timer_vars.o)
 .bss           0x0000000000051ca0        0x0 ../KKNios_bsp//libhal_bsp.a(perf_print_formatted_report.o)
 .bss           0x0000000000051ca0        0x0 ../KKNios_bsp//libhal_bsp.a(alt_alarm_start.o)
 .bss           0x0000000000051ca0        0x0 ../KKNios_bsp//libhal_bsp.a(alt_dev_llist_insert.o)
 .bss           0x0000000000051ca0        0x0 ../KKNios_bsp//libhal_bsp.a(alt_do_ctors.o)
 .bss           0x0000000000051ca0        0x0 ../KKNios_bsp//libhal_bsp.a(alt_do_dtors.o)
 .bss           0x0000000000051ca0        0x0 ../KKNios_bsp//libhal_bsp.a(alt_iic.o)
 .bss           0x0000000000051ca0        0x0 ../KKNios_bsp//libhal_bsp.a(alt_iic_isr_register.o)
 .bss           0x0000000000051ca0        0x0 ../KKNios_bsp//libhal_bsp.a(alt_io_redirect.o)
 .bss           0x0000000000051ca0        0x0 ../KKNios_bsp//libhal_bsp.a(alt_irq_entry.o)
 .bss           0x0000000000051ca0        0x0 ../KKNios_bsp//libhal_bsp.a(alt_irq_handler.o)
 .bss           0x0000000000051ca0        0x0 ../KKNios_bsp//libhal_bsp.a(alt_irq_vars.o)
 .bss           0x0000000000051ca0        0x0 ../KKNios_bsp//libhal_bsp.a(alt_open.o)
 .bss           0x0000000000051ca0        0x0 ../KKNios_bsp//libhal_bsp.a(alt_tick.o)
 .bss           0x0000000000051ca0        0x0 ../KKNios_bsp//libhal_bsp.a(altera_nios2_gen2_irq.o)
 .bss           0x0000000000051ca0        0x0 ../KKNios_bsp//libhal_bsp.a(altera_avalon_performance_counter.o)
 .bss           0x0000000000051ca0        0x0 ../KKNios_bsp//libhal_bsp.a(alt_exception_entry.o)
 .bss           0x0000000000051ca0        0x0 ../KKNios_bsp//libhal_bsp.a(alt_find_dev.o)
 .bss           0x0000000000051ca0        0x0 ../KKNios_bsp//libhal_bsp.a(alt_find_file.o)
 .bss           0x0000000000051ca0        0x0 ../KKNios_bsp//libhal_bsp.a(alt_get_fd.o)
 .bss           0x0000000000051ca0        0x0 /opt/altera/14.1/nios2eds/bin/gnu/H-x86_64-pc-linux-gnu/bin/../lib/gcc/nios2-elf/4.8.3/../../../../../H-x86_64-pc-linux-gnu/nios2-elf/lib/libc.a(lib_a-atexit.o)
 .bss           0x0000000000051ca0        0x0 /opt/altera/14.1/nios2eds/bin/gnu/H-x86_64-pc-linux-gnu/bin/../lib/gcc/nios2-elf/4.8.3/../../../../../H-x86_64-pc-linux-gnu/nios2-elf/lib/libc.a(lib_a-exit.o)
 .bss           0x0000000000051ca0        0x0 /opt/altera/14.1/nios2eds/bin/gnu/H-x86_64-pc-linux-gnu/bin/../lib/gcc/nios2-elf/4.8.3/../../../../../H-x86_64-pc-linux-gnu/nios2-elf/lib/libc.a(lib_a-memcmp.o)
 .bss           0x0000000000051ca0        0x0 /opt/altera/14.1/nios2eds/bin/gnu/H-x86_64-pc-linux-gnu/bin/../lib/gcc/nios2-elf/4.8.3/../../../../../H-x86_64-pc-linux-gnu/nios2-elf/lib/libc.a(lib_a-__atexit.o)
 .bss           0x0000000000051ca0        0x0 /opt/altera/14.1/nios2eds/bin/gnu/H-x86_64-pc-linux-gnu/bin/../lib/gcc/nios2-elf/4.8.3/../../../../../H-x86_64-pc-linux-gnu/nios2-elf/lib/libc.a(lib_a-__call_atexit.o)
 .bss           0x0000000000051ca0        0x0 /opt/altera/14.1/nios2eds/bin/gnu/H-x86_64-pc-linux-gnu/bin/../lib/gcc/nios2-elf/4.8.3/libgcc.a(_floatundidf.o)
 .bss           0x0000000000051ca0        0x0 ../KKNios_bsp//libhal_bsp.a(alt_exit.o)
 *(COMMON)
 COMMON         0x0000000000051ca0      0x100 ../KKNios_bsp//libhal_bsp.a(alt_irq_handler.o)
                0x0000000000051ca0                alt_irq
                0x0000000000051da0                . = ALIGN (0x4)
                0x0000000000051da0                __bss_end = ABSOLUTE (.)

.onchip_memory2
                0x0000000000051da0        0x0
                0x0000000000051da0                PROVIDE (_alt_partition_onchip_memory2_start, ABSOLUTE (.))
 *(.onchip_memory2 .onchip_memory2. onchip_memory2.*)
                0x0000000000051da0                . = ALIGN (0x4)
                0x0000000000051da0                PROVIDE (_alt_partition_onchip_memory2_end, ABSOLUTE (.))
                0x0000000000051da0                _end = ABSOLUTE (.)
                0x0000000000051da0                end = ABSOLUTE (.)
                0x0000000000051da0                __alt_stack_base = ABSOLUTE (.)
                0x0000000000051da0                PROVIDE (_alt_partition_onchip_memory2_load_addr, LOADADDR (.onchip_memory2))

.stab
 *(.stab)

.stabstr
 *(.stabstr)

.stab.excl
 *(.stab.excl)

.stab.exclstr
 *(.stab.exclstr)

.stab.index
 *(.stab.index)

.stab.indexstr
 *(.stab.indexstr)

.comment        0x0000000000000000       0x39
 *(.comment)
 .comment       0x0000000000000000       0x39 obj/default/main.o
                                         0x3a (size before relaxing)
 .comment       0x0000000000000000       0x3a /opt/altera/14.1/nios2eds/bin/gnu/H-x86_64-pc-linux-gnu/bin/../lib/gcc/nios2-elf/4.8.3/libgcc.a(lib2-divmod.o)
 .comment       0x0000000000000000       0x3a /opt/altera/14.1/nios2eds/bin/gnu/H-x86_64-pc-linux-gnu/bin/../lib/gcc/nios2-elf/4.8.3/libgcc.a(adddf3.o)
 .comment       0x0000000000000000       0x3a /opt/altera/14.1/nios2eds/bin/gnu/H-x86_64-pc-linux-gnu/bin/../lib/gcc/nios2-elf/4.8.3/libgcc.a(divdf3.o)
 .comment       0x0000000000000000       0x3a /opt/altera/14.1/nios2eds/bin/gnu/H-x86_64-pc-linux-gnu/bin/../lib/gcc/nios2-elf/4.8.3/libgcc.a(muldf3.o)
 .comment       0x0000000000000000       0x3a /opt/altera/14.1/nios2eds/bin/gnu/H-x86_64-pc-linux-gnu/bin/../lib/gcc/nios2-elf/4.8.3/libgcc.a(subdf3.o)
 .comment       0x0000000000000000       0x3a /opt/altera/14.1/nios2eds/bin/gnu/H-x86_64-pc-linux-gnu/bin/../lib/gcc/nios2-elf/4.8.3/libgcc.a(_clzsi2.o)
 .comment       0x0000000000000000       0x3a /opt/altera/14.1/nios2eds/bin/gnu/H-x86_64-pc-linux-gnu/bin/../lib/gcc/nios2-elf/4.8.3/libgcc.a(_clz.o)
 .comment       0x0000000000000000       0x3a /opt/altera/14.1/nios2eds/bin/gnu/H-x86_64-pc-linux-gnu/bin/../lib/gcc/nios2-elf/4.8.3/../../../../../H-x86_64-pc-linux-gnu/nios2-elf/lib/libc.a(lib_a-memcpy.o)
 .comment       0x0000000000000000       0x3a /opt/altera/14.1/nios2eds/bin/gnu/H-x86_64-pc-linux-gnu/bin/../lib/gcc/nios2-elf/4.8.3/../../../../../H-x86_64-pc-linux-gnu/nios2-elf/lib/libc.a(lib_a-printf.o)
 .comment       0x0000000000000000       0x3a /opt/altera/14.1/nios2eds/bin/gnu/H-x86_64-pc-linux-gnu/bin/../lib/gcc/nios2-elf/4.8.3/../../../../../H-x86_64-pc-linux-gnu/nios2-elf/lib/libc.a(lib_a-putchar.o)
 .comment       0x0000000000000000       0x3a /opt/altera/14.1/nios2eds/bin/gnu/H-x86_64-pc-linux-gnu/bin/../lib/gcc/nios2-elf/4.8.3/../../../../../H-x86_64-pc-linux-gnu/nios2-elf/lib/libc.a(lib_a-puts.o)
 .comment       0x0000000000000000       0x3a /opt/altera/14.1/nios2eds/bin/gnu/H-x86_64-pc-linux-gnu/bin/../lib/gcc/nios2-elf/4.8.3/../../../../../H-x86_64-pc-linux-gnu/nios2-elf/lib/libc.a(lib_a-strlen.o)
 .comment       0x0000000000000000       0x3a /opt/altera/14.1/nios2eds/bin/gnu/H-x86_64-pc-linux-gnu/bin/../lib/gcc/nios2-elf/4.8.3/../../../../../H-x86_64-pc-linux-gnu/nios2-elf/lib/libc.a(lib_a-vfprintf.o)
 .comment       0x0000000000000000       0x3a /opt/altera/14.1/nios2eds/bin/gnu/H-x86_64-pc-linux-gnu/bin/../lib/gcc/nios2-elf/4.8.3/../../../../../H-x86_64-pc-linux-gnu/nios2-elf/lib/libc.a(lib_a-wsetup.o)
 .comment       0x0000000000000000       0x3a /opt/altera/14.1/nios2eds/bin/gnu/H-x86_64-pc-linux-gnu/bin/../lib/gcc/nios2-elf/4.8.3/../../../../../H-x86_64-pc-linux-gnu/nios2-elf/lib/libc.a(lib_a-dtoa.o)
 .comment       0x0000000000000000       0x3a /opt/altera/14.1/nios2eds/bin/gnu/H-x86_64-pc-linux-gnu/bin/../lib/gcc/nios2-elf/4.8.3/../../../../../H-x86_64-pc-linux-gnu/nios2-elf/lib/libc.a(lib_a-fflush.o)
 .comment       0x0000000000000000       0x3a /opt/altera/14.1/nios2eds/bin/gnu/H-x86_64-pc-linux-gnu/bin/../lib/gcc/nios2-elf/4.8.3/../../../../../H-x86_64-pc-linux-gnu/nios2-elf/lib/libc.a(lib_a-findfp.o)
 .comment       0x0000000000000000       0x3a /opt/altera/14.1/nios2eds/bin/gnu/H-x86_64-pc-linux-gnu/bin/../lib/gcc/nios2-elf/4.8.3/../../../../../H-x86_64-pc-linux-gnu/nios2-elf/lib/libc.a(lib_a-freer.o)
 .comment       0x0000000000000000       0x3a /opt/altera/14.1/nios2eds/bin/gnu/H-x86_64-pc-linux-gnu/bin/../lib/gcc/nios2-elf/4.8.3/../../../../../H-x86_64-pc-linux-gnu/nios2-elf/lib/libc.a(lib_a-fvwrite.o)
 .comment       0x0000000000000000       0x3a /opt/altera/14.1/nios2eds/bin/gnu/H-x86_64-pc-linux-gnu/bin/../lib/gcc/nios2-elf/4.8.3/../../../../../H-x86_64-pc-linux-gnu/nios2-elf/lib/libc.a(lib_a-fwalk.o)
 .comment       0x0000000000000000       0x3a /opt/altera/14.1/nios2eds/bin/gnu/H-x86_64-pc-linux-gnu/bin/../lib/gcc/nios2-elf/4.8.3/../../../../../H-x86_64-pc-linux-gnu/nios2-elf/lib/libc.a(lib_a-impure.o)
 .comment       0x0000000000000000       0x3a /opt/altera/14.1/nios2eds/bin/gnu/H-x86_64-pc-linux-gnu/bin/../lib/gcc/nios2-elf/4.8.3/../../../../../H-x86_64-pc-linux-gnu/nios2-elf/lib/libc.a(lib_a-locale.o)
 .comment       0x0000000000000000       0x3a /opt/altera/14.1/nios2eds/bin/gnu/H-x86_64-pc-linux-gnu/bin/../lib/gcc/nios2-elf/4.8.3/../../../../../H-x86_64-pc-linux-gnu/nios2-elf/lib/libc.a(lib_a-makebuf.o)
 .comment       0x0000000000000000       0x3a /opt/altera/14.1/nios2eds/bin/gnu/H-x86_64-pc-linux-gnu/bin/../lib/gcc/nios2-elf/4.8.3/../../../../../H-x86_64-pc-linux-gnu/nios2-elf/lib/libc.a(lib_a-mallocr.o)
 .comment       0x0000000000000000       0x3a /opt/altera/14.1/nios2eds/bin/gnu/H-x86_64-pc-linux-gnu/bin/../lib/gcc/nios2-elf/4.8.3/../../../../../H-x86_64-pc-linux-gnu/nios2-elf/lib/libc.a(lib_a-memchr.o)
 .comment       0x0000000000000000       0x3a /opt/altera/14.1/nios2eds/bin/gnu/H-x86_64-pc-linux-gnu/bin/../lib/gcc/nios2-elf/4.8.3/../../../../../H-x86_64-pc-linux-gnu/nios2-elf/lib/libc.a(lib_a-memmove.o)
 .comment       0x0000000000000000       0x3a /opt/altera/14.1/nios2eds/bin/gnu/H-x86_64-pc-linux-gnu/bin/../lib/gcc/nios2-elf/4.8.3/../../../../../H-x86_64-pc-linux-gnu/nios2-elf/lib/libc.a(lib_a-memset.o)
 .comment       0x0000000000000000       0x3a /opt/altera/14.1/nios2eds/bin/gnu/H-x86_64-pc-linux-gnu/bin/../lib/gcc/nios2-elf/4.8.3/../../../../../H-x86_64-pc-linux-gnu/nios2-elf/lib/libc.a(lib_a-mprec.o)
 .comment       0x0000000000000000       0x3a /opt/altera/14.1/nios2eds/bin/gnu/H-x86_64-pc-linux-gnu/bin/../lib/gcc/nios2-elf/4.8.3/../../../../../H-x86_64-pc-linux-gnu/nios2-elf/lib/libc.a(lib_a-putc.o)
 .comment       0x0000000000000000       0x3a /opt/altera/14.1/nios2eds/bin/gnu/H-x86_64-pc-linux-gnu/bin/../lib/gcc/nios2-elf/4.8.3/../../../../../H-x86_64-pc-linux-gnu/nios2-elf/lib/libc.a(lib_a-reallocr.o)
 .comment       0x0000000000000000       0x3a /opt/altera/14.1/nios2eds/bin/gnu/H-x86_64-pc-linux-gnu/bin/../lib/gcc/nios2-elf/4.8.3/../../../../../H-x86_64-pc-linux-gnu/nios2-elf/lib/libc.a(lib_a-s_fpclassify.o)
 .comment       0x0000000000000000       0x3a /opt/altera/14.1/nios2eds/bin/gnu/H-x86_64-pc-linux-gnu/bin/../lib/gcc/nios2-elf/4.8.3/../../../../../H-x86_64-pc-linux-gnu/nios2-elf/lib/libc.a(lib_a-sbrkr.o)
 .comment       0x0000000000000000       0x3a /opt/altera/14.1/nios2eds/bin/gnu/H-x86_64-pc-linux-gnu/bin/../lib/gcc/nios2-elf/4.8.3/../../../../../H-x86_64-pc-linux-gnu/nios2-elf/lib/libc.a(lib_a-stdio.o)
 .comment       0x0000000000000000       0x3a /opt/altera/14.1/nios2eds/bin/gnu/H-x86_64-pc-linux-gnu/bin/../lib/gcc/nios2-elf/4.8.3/../../../../../H-x86_64-pc-linux-gnu/nios2-elf/lib/libc.a(lib_a-strcmp.o)
 .comment       0x0000000000000000       0x3a /opt/altera/14.1/nios2eds/bin/gnu/H-x86_64-pc-linux-gnu/bin/../lib/gcc/nios2-elf/4.8.3/../../../../../H-x86_64-pc-linux-gnu/nios2-elf/lib/libc.a(lib_a-vfiprintf.o)
 .comment       0x0000000000000000       0x3a /opt/altera/14.1/nios2eds/bin/gnu/H-x86_64-pc-linux-gnu/bin/../lib/gcc/nios2-elf/4.8.3/../../../../../H-x86_64-pc-linux-gnu/nios2-elf/lib/libc.a(lib_a-wbuf.o)
 .comment       0x0000000000000000       0x3a /opt/altera/14.1/nios2eds/bin/gnu/H-x86_64-pc-linux-gnu/bin/../lib/gcc/nios2-elf/4.8.3/../../../../../H-x86_64-pc-linux-gnu/nios2-elf/lib/libc.a(lib_a-writer.o)
 .comment       0x0000000000000000       0x3a /opt/altera/14.1/nios2eds/bin/gnu/H-x86_64-pc-linux-gnu/bin/../lib/gcc/nios2-elf/4.8.3/../../../../../H-x86_64-pc-linux-gnu/nios2-elf/lib/libc.a(closer.o)
 .comment       0x0000000000000000       0x3a /opt/altera/14.1/nios2eds/bin/gnu/H-x86_64-pc-linux-gnu/bin/../lib/gcc/nios2-elf/4.8.3/../../../../../H-x86_64-pc-linux-gnu/nios2-elf/lib/libc.a(lib_a-callocr.o)
 .comment       0x0000000000000000       0x3a /opt/altera/14.1/nios2eds/bin/gnu/H-x86_64-pc-linux-gnu/bin/../lib/gcc/nios2-elf/4.8.3/../../../../../H-x86_64-pc-linux-gnu/nios2-elf/lib/libc.a(lib_a-fclose.o)
 .comment       0x0000000000000000       0x3a /opt/altera/14.1/nios2eds/bin/gnu/H-x86_64-pc-linux-gnu/bin/../lib/gcc/nios2-elf/4.8.3/../../../../../H-x86_64-pc-linux-gnu/nios2-elf/lib/libc.a(lib_a-fputwc.o)
 .comment       0x0000000000000000       0x3a /opt/altera/14.1/nios2eds/bin/gnu/H-x86_64-pc-linux-gnu/bin/../lib/gcc/nios2-elf/4.8.3/../../../../../H-x86_64-pc-linux-gnu/nios2-elf/lib/libc.a(lib_a-fstatr.o)
 .comment       0x0000000000000000       0x3a /opt/altera/14.1/nios2eds/bin/gnu/H-x86_64-pc-linux-gnu/bin/../lib/gcc/nios2-elf/4.8.3/../../../../../H-x86_64-pc-linux-gnu/nios2-elf/lib/libc.a(lib_a-int_errno.o)
 .comment       0x0000000000000000       0x3a /opt/altera/14.1/nios2eds/bin/gnu/H-x86_64-pc-linux-gnu/bin/../lib/gcc/nios2-elf/4.8.3/../../../../../H-x86_64-pc-linux-gnu/nios2-elf/lib/libc.a(lib_a-isattyr.o)
 .comment       0x0000000000000000       0x3a /opt/altera/14.1/nios2eds/bin/gnu/H-x86_64-pc-linux-gnu/bin/../lib/gcc/nios2-elf/4.8.3/../../../../../H-x86_64-pc-linux-gnu/nios2-elf/lib/libc.a(lib_a-lseekr.o)
 .comment       0x0000000000000000       0x3a /opt/altera/14.1/nios2eds/bin/gnu/H-x86_64-pc-linux-gnu/bin/../lib/gcc/nios2-elf/4.8.3/../../../../../H-x86_64-pc-linux-gnu/nios2-elf/lib/libc.a(lib_a-readr.o)
 .comment       0x0000000000000000       0x3a /opt/altera/14.1/nios2eds/bin/gnu/H-x86_64-pc-linux-gnu/bin/../lib/gcc/nios2-elf/4.8.3/../../../../../H-x86_64-pc-linux-gnu/nios2-elf/lib/libc.a(lib_a-wcrtomb.o)
 .comment       0x0000000000000000       0x3a /opt/altera/14.1/nios2eds/bin/gnu/H-x86_64-pc-linux-gnu/bin/../lib/gcc/nios2-elf/4.8.3/../../../../../H-x86_64-pc-linux-gnu/nios2-elf/lib/libc.a(lib_a-wctomb_r.o)
 .comment       0x0000000000000000       0x3a /opt/altera/14.1/nios2eds/bin/gnu/H-x86_64-pc-linux-gnu/bin/../lib/gcc/nios2-elf/4.8.3/libgcc.a(_udivdi3.o)
 .comment       0x0000000000000000       0x3a /opt/altera/14.1/nios2eds/bin/gnu/H-x86_64-pc-linux-gnu/bin/../lib/gcc/nios2-elf/4.8.3/libgcc.a(_umoddi3.o)
 .comment       0x0000000000000000       0x3a /opt/altera/14.1/nios2eds/bin/gnu/H-x86_64-pc-linux-gnu/bin/../lib/gcc/nios2-elf/4.8.3/libgcc.a(eqdf2.o)
 .comment       0x0000000000000000       0x3a /opt/altera/14.1/nios2eds/bin/gnu/H-x86_64-pc-linux-gnu/bin/../lib/gcc/nios2-elf/4.8.3/libgcc.a(gedf2.o)
 .comment       0x0000000000000000       0x3a /opt/altera/14.1/nios2eds/bin/gnu/H-x86_64-pc-linux-gnu/bin/../lib/gcc/nios2-elf/4.8.3/libgcc.a(ledf2.o)
 .comment       0x0000000000000000       0x3a /opt/altera/14.1/nios2eds/bin/gnu/H-x86_64-pc-linux-gnu/bin/../lib/gcc/nios2-elf/4.8.3/libgcc.a(fixdfsi.o)
 .comment       0x0000000000000000       0x3a /opt/altera/14.1/nios2eds/bin/gnu/H-x86_64-pc-linux-gnu/bin/../lib/gcc/nios2-elf/4.8.3/libgcc.a(floatsidf.o)
 .comment       0x0000000000000000       0x3a /opt/altera/14.1/nios2eds/bin/gnu/H-x86_64-pc-linux-gnu/bin/../lib/gcc/nios2-elf/4.8.3/libgcc.a(floatunsidf.o)
 .comment       0x0000000000000000       0x3a ../KKNios_bsp//libhal_bsp.a(alt_close.o)
 .comment       0x0000000000000000       0x3a ../KKNios_bsp//libhal_bsp.a(alt_dev.o)
 .comment       0x0000000000000000       0x3a ../KKNios_bsp//libhal_bsp.a(alt_errno.o)
 .comment       0x0000000000000000       0x3a ../KKNios_bsp//libhal_bsp.a(alt_fstat.o)
 .comment       0x0000000000000000       0x3a ../KKNios_bsp//libhal_bsp.a(alt_isatty.o)
 .comment       0x0000000000000000       0x3a ../KKNios_bsp//libhal_bsp.a(alt_lseek.o)
 .comment       0x0000000000000000       0x3a ../KKNios_bsp//libhal_bsp.a(alt_main.o)
 .comment       0x0000000000000000       0x3a ../KKNios_bsp//libhal_bsp.a(alt_malloc_lock.o)
 .comment       0x0000000000000000       0x3a ../KKNios_bsp//libhal_bsp.a(alt_read.o)
 .comment       0x0000000000000000       0x3a ../KKNios_bsp//libhal_bsp.a(alt_release_fd.o)
 .comment       0x0000000000000000       0x3a ../KKNios_bsp//libhal_bsp.a(alt_sbrk.o)
 .comment       0x0000000000000000       0x3a ../KKNios_bsp//libhal_bsp.a(alt_write.o)
 .comment       0x0000000000000000       0x3a ../KKNios_bsp//libhal_bsp.a(alt_sys_init.o)
 .comment       0x0000000000000000       0x3a ../KKNios_bsp//libhal_bsp.a(altera_avalon_jtag_uart_fd.o)
 .comment       0x0000000000000000       0x3a ../KKNios_bsp//libhal_bsp.a(altera_avalon_jtag_uart_init.o)
 .comment       0x0000000000000000       0x3a ../KKNios_bsp//libhal_bsp.a(altera_avalon_jtag_uart_ioctl.o)
 .comment       0x0000000000000000       0x3a ../KKNios_bsp//libhal_bsp.a(altera_avalon_jtag_uart_read.o)
 .comment       0x0000000000000000       0x3a ../KKNios_bsp//libhal_bsp.a(altera_avalon_jtag_uart_write.o)
 .comment       0x0000000000000000       0x3a ../KKNios_bsp//libhal_bsp.a(altera_avalon_timer_sc.o)
 .comment       0x0000000000000000       0x3a ../KKNios_bsp//libhal_bsp.a(altera_avalon_timer_vars.o)
 .comment       0x0000000000000000       0x3a ../KKNios_bsp//libhal_bsp.a(perf_print_formatted_report.o)
 .comment       0x0000000000000000       0x3a ../KKNios_bsp//libhal_bsp.a(alt_alarm_start.o)
 .comment       0x0000000000000000       0x3a ../KKNios_bsp//libhal_bsp.a(alt_dev_llist_insert.o)
 .comment       0x0000000000000000       0x3a ../KKNios_bsp//libhal_bsp.a(alt_do_ctors.o)
 .comment       0x0000000000000000       0x3a ../KKNios_bsp//libhal_bsp.a(alt_do_dtors.o)
 .comment       0x0000000000000000       0x3a ../KKNios_bsp//libhal_bsp.a(alt_iic.o)
 .comment       0x0000000000000000       0x3a ../KKNios_bsp//libhal_bsp.a(alt_iic_isr_register.o)
 .comment       0x0000000000000000       0x3a ../KKNios_bsp//libhal_bsp.a(alt_io_redirect.o)
 .comment       0x0000000000000000       0x3a ../KKNios_bsp//libhal_bsp.a(alt_irq_handler.o)
 .comment       0x0000000000000000       0x3a ../KKNios_bsp//libhal_bsp.a(alt_irq_vars.o)
 .comment       0x0000000000000000       0x3a ../KKNios_bsp//libhal_bsp.a(alt_open.o)
 .comment       0x0000000000000000       0x3a ../KKNios_bsp//libhal_bsp.a(alt_tick.o)
 .comment       0x0000000000000000       0x3a ../KKNios_bsp//libhal_bsp.a(altera_nios2_gen2_irq.o)
 .comment       0x0000000000000000       0x3a ../KKNios_bsp//libhal_bsp.a(altera_avalon_performance_counter.o)
 .comment       0x0000000000000000       0x3a ../KKNios_bsp//libhal_bsp.a(alt_find_dev.o)
 .comment       0x0000000000000000       0x3a ../KKNios_bsp//libhal_bsp.a(alt_find_file.o)
 .comment       0x0000000000000000       0x3a ../KKNios_bsp//libhal_bsp.a(alt_get_fd.o)
 .comment       0x0000000000000000       0x3a /opt/altera/14.1/nios2eds/bin/gnu/H-x86_64-pc-linux-gnu/bin/../lib/gcc/nios2-elf/4.8.3/../../../../../H-x86_64-pc-linux-gnu/nios2-elf/lib/libc.a(lib_a-atexit.o)
 .comment       0x0000000000000000       0x3a /opt/altera/14.1/nios2eds/bin/gnu/H-x86_64-pc-linux-gnu/bin/../lib/gcc/nios2-elf/4.8.3/../../../../../H-x86_64-pc-linux-gnu/nios2-elf/lib/libc.a(lib_a-exit.o)
 .comment       0x0000000000000000       0x3a /opt/altera/14.1/nios2eds/bin/gnu/H-x86_64-pc-linux-gnu/bin/../lib/gcc/nios2-elf/4.8.3/../../../../../H-x86_64-pc-linux-gnu/nios2-elf/lib/libc.a(lib_a-memcmp.o)
 .comment       0x0000000000000000       0x3a /opt/altera/14.1/nios2eds/bin/gnu/H-x86_64-pc-linux-gnu/bin/../lib/gcc/nios2-elf/4.8.3/../../../../../H-x86_64-pc-linux-gnu/nios2-elf/lib/libc.a(lib_a-__atexit.o)
 .comment       0x0000000000000000       0x3a /opt/altera/14.1/nios2eds/bin/gnu/H-x86_64-pc-linux-gnu/bin/../lib/gcc/nios2-elf/4.8.3/../../../../../H-x86_64-pc-linux-gnu/nios2-elf/lib/libc.a(lib_a-__call_atexit.o)
 .comment       0x0000000000000000       0x3a /opt/altera/14.1/nios2eds/bin/gnu/H-x86_64-pc-linux-gnu/bin/../lib/gcc/nios2-elf/4.8.3/libgcc.a(_floatundidf.o)
 .comment       0x0000000000000000       0x3a ../KKNios_bsp//libhal_bsp.a(alt_exit.o)

.debug
 *(.debug)

.line
 *(.line)

.debug_srcinfo
 *(.debug_srcinfo)

.debug_sfnames
 *(.debug_sfnames)

.debug_aranges  0x0000000000000000      0xcf8
 *(.debug_aranges)
 .debug_aranges
                0x0000000000000000       0x20 ../KKNios_bsp//obj/HAL/src/crt0.o
 .debug_aranges
                0x0000000000000020       0x20 obj/default/main.o
 .debug_aranges
                0x0000000000000040       0x20 /opt/altera/14.1/nios2eds/bin/gnu/H-x86_64-pc-linux-gnu/bin/../lib/gcc/nios2-elf/4.8.3/libgcc.a(lib2-divmod.o)
 .debug_aranges
                0x0000000000000060       0x20 /opt/altera/14.1/nios2eds/bin/gnu/H-x86_64-pc-linux-gnu/bin/../lib/gcc/nios2-elf/4.8.3/libgcc.a(adddf3.o)
 .debug_aranges
                0x0000000000000080       0x20 /opt/altera/14.1/nios2eds/bin/gnu/H-x86_64-pc-linux-gnu/bin/../lib/gcc/nios2-elf/4.8.3/libgcc.a(divdf3.o)
 .debug_aranges
                0x00000000000000a0       0x20 /opt/altera/14.1/nios2eds/bin/gnu/H-x86_64-pc-linux-gnu/bin/../lib/gcc/nios2-elf/4.8.3/libgcc.a(muldf3.o)
 .debug_aranges
                0x00000000000000c0       0x20 /opt/altera/14.1/nios2eds/bin/gnu/H-x86_64-pc-linux-gnu/bin/../lib/gcc/nios2-elf/4.8.3/libgcc.a(subdf3.o)
 .debug_aranges
                0x00000000000000e0       0x20 /opt/altera/14.1/nios2eds/bin/gnu/H-x86_64-pc-linux-gnu/bin/../lib/gcc/nios2-elf/4.8.3/libgcc.a(_clzsi2.o)
 .debug_aranges
                0x0000000000000100       0x18 /opt/altera/14.1/nios2eds/bin/gnu/H-x86_64-pc-linux-gnu/bin/../lib/gcc/nios2-elf/4.8.3/libgcc.a(_clz.o)
 .debug_aranges
                0x0000000000000118       0x20 /opt/altera/14.1/nios2eds/bin/gnu/H-x86_64-pc-linux-gnu/bin/../lib/gcc/nios2-elf/4.8.3/../../../../../H-x86_64-pc-linux-gnu/nios2-elf/lib/libc.a(lib_a-memcpy.o)
 .debug_aranges
                0x0000000000000138       0x20 /opt/altera/14.1/nios2eds/bin/gnu/H-x86_64-pc-linux-gnu/bin/../lib/gcc/nios2-elf/4.8.3/../../../../../H-x86_64-pc-linux-gnu/nios2-elf/lib/libc.a(lib_a-printf.o)
 .debug_aranges
                0x0000000000000158       0x20 /opt/altera/14.1/nios2eds/bin/gnu/H-x86_64-pc-linux-gnu/bin/../lib/gcc/nios2-elf/4.8.3/../../../../../H-x86_64-pc-linux-gnu/nios2-elf/lib/libc.a(lib_a-putchar.o)
 .debug_aranges
                0x0000000000000178       0x20 /opt/altera/14.1/nios2eds/bin/gnu/H-x86_64-pc-linux-gnu/bin/../lib/gcc/nios2-elf/4.8.3/../../../../../H-x86_64-pc-linux-gnu/nios2-elf/lib/libc.a(lib_a-puts.o)
 .debug_aranges
                0x0000000000000198       0x20 /opt/altera/14.1/nios2eds/bin/gnu/H-x86_64-pc-linux-gnu/bin/../lib/gcc/nios2-elf/4.8.3/../../../../../H-x86_64-pc-linux-gnu/nios2-elf/lib/libc.a(lib_a-strlen.o)
 .debug_aranges
                0x00000000000001b8       0x20 /opt/altera/14.1/nios2eds/bin/gnu/H-x86_64-pc-linux-gnu/bin/../lib/gcc/nios2-elf/4.8.3/../../../../../H-x86_64-pc-linux-gnu/nios2-elf/lib/libc.a(lib_a-vfprintf.o)
 .debug_aranges