Archive member included to satisfy reference by file (symbol)

/opt/altera/14.1/nios2eds/bin/gnu/H-x86_64-pc-linux-gnu/bin/../lib/gcc/nios2-elf/4.8.3/libgcc.a(addsf3.o)
                              obj/default/main.o (__addsf3)
/opt/altera/14.1/nios2eds/bin/gnu/H-x86_64-pc-linux-gnu/bin/../lib/gcc/nios2-elf/4.8.3/libgcc.a(divsf3.o)
                              obj/default/main.o (__divsf3)
/opt/altera/14.1/nios2eds/bin/gnu/H-x86_64-pc-linux-gnu/bin/../lib/gcc/nios2-elf/4.8.3/libgcc.a(mulsf3.o)
                              obj/default/main.o (__mulsf3)
/opt/altera/14.1/nios2eds/bin/gnu/H-x86_64-pc-linux-gnu/bin/../lib/gcc/nios2-elf/4.8.3/libgcc.a(subsf3.o)
                              obj/default/main.o (__subsf3)
/opt/altera/14.1/nios2eds/bin/gnu/H-x86_64-pc-linux-gnu/bin/../lib/gcc/nios2-elf/4.8.3/libgcc.a(fixsfsi.o)
                              obj/default/main.o (__fixsfsi)
/opt/altera/14.1/nios2eds/bin/gnu/H-x86_64-pc-linux-gnu/bin/../lib/gcc/nios2-elf/4.8.3/libgcc.a(floatsisf.o)
                              obj/default/main.o (__floatsisf)
/opt/altera/14.1/nios2eds/bin/gnu/H-x86_64-pc-linux-gnu/bin/../lib/gcc/nios2-elf/4.8.3/libgcc.a(extendsfdf2.o)
                              obj/default/main.o (__extendsfdf2)
/opt/altera/14.1/nios2eds/bin/gnu/H-x86_64-pc-linux-gnu/bin/../lib/gcc/nios2-elf/4.8.3/libgcc.a(_clzsi2.o)
                              /opt/altera/14.1/nios2eds/bin/gnu/H-x86_64-pc-linux-gnu/bin/../lib/gcc/nios2-elf/4.8.3/libgcc.a(addsf3.o) (__clzsi2)
/opt/altera/14.1/nios2eds/bin/gnu/H-x86_64-pc-linux-gnu/bin/../lib/gcc/nios2-elf/4.8.3/libgcc.a(_clz.o)
                              /opt/altera/14.1/nios2eds/bin/gnu/H-x86_64-pc-linux-gnu/bin/../lib/gcc/nios2-elf/4.8.3/libgcc.a(_clzsi2.o) (__clz_tab)
/opt/altera/14.1/nios2eds/bin/gnu/H-x86_64-pc-linux-gnu/bin/../lib/gcc/nios2-elf/4.8.3/../../../../../H-x86_64-pc-linux-gnu/nios2-elf/lib/libc.a(lib_a-memcpy.o)
                              obj/default/main.o (memcpy)
/opt/altera/14.1/nios2eds/bin/gnu/H-x86_64-pc-linux-gnu/bin/../lib/gcc/nios2-elf/4.8.3/../../../../../H-x86_64-pc-linux-gnu/nios2-elf/lib/libc.a(lib_a-printf.o)
                              obj/default/main.o (printf)
/opt/altera/14.1/nios2eds/bin/gnu/H-x86_64-pc-linux-gnu/bin/../lib/gcc/nios2-elf/4.8.3/../../../../../H-x86_64-pc-linux-gnu/nios2-elf/lib/libc.a(lib_a-putchar.o)
                              obj/default/main.o (putchar)
/opt/altera/14.1/nios2eds/bin/gnu/H-x86_64-pc-linux-gnu/bin/../lib/gcc/nios2-elf/4.8.3/../../../../../H-x86_64-pc-linux-gnu/nios2-elf/lib/libc.a(lib_a-puts.o)
                              obj/default/main.o (puts)
/opt/altera/14.1/nios2eds/bin/gnu/H-x86_64-pc-linux-gnu/bin/../lib/gcc/nios2-elf/4.8.3/../../../../../H-x86_64-pc-linux-gnu/nios2-elf/lib/libc.a(lib_a-strlen.o)
                              /opt/altera/14.1/nios2eds/bin/gnu/H-x86_64-pc-linux-gnu/bin/../lib/gcc/nios2-elf/4.8.3/../../../../../H-x86_64-pc-linux-gnu/nios2-elf/lib/libc.a(lib_a-puts.o) (strlen)
/opt/altera/14.1/nios2eds/bin/gnu/H-x86_64-pc-linux-gnu/bin/../lib/gcc/nios2-elf/4.8.3/../../../../../H-x86_64-pc-linux-gnu/nios2-elf/lib/libc.a(lib_a-vfprintf.o)
                              /opt/altera/14.1/nios2eds/bin/gnu/H-x86_64-pc-linux-gnu/bin/../lib/gcc/nios2-elf/4.8.3/../../../../../H-x86_64-pc-linux-gnu/nios2-elf/lib/libc.a(lib_a-printf.o) (___vfprintf_internal_r)
/opt/altera/14.1/nios2eds/bin/gnu/H-x86_64-pc-linux-gnu/bin/../lib/gcc/nios2-elf/4.8.3/../../../../../H-x86_64-pc-linux-gnu/nios2-elf/lib/libc.a(lib_a-wsetup.o)
                              /opt/altera/14.1/nios2eds/bin/gnu/H-x86_64-pc-linux-gnu/bin/../lib/gcc/nios2-elf/4.8.3/../../../../../H-x86_64-pc-linux-gnu/nios2-elf/lib/libc.a(lib_a-vfprintf.o) (__swsetup_r)
/opt/altera/14.1/nios2eds/bin/gnu/H-x86_64-pc-linux-gnu/bin/../lib/gcc/nios2-elf/4.8.3/../../../../../H-x86_64-pc-linux-gnu/nios2-elf/lib/libc.a(lib_a-dtoa.o)
                              /opt/altera/14.1/nios2eds/bin/gnu/H-x86_64-pc-linux-gnu/bin/../lib/gcc/nios2-elf/4.8.3/../../../../../H-x86_64-pc-linux-gnu/nios2-elf/lib/libc.a(lib_a-vfprintf.o) (_dtoa_r)
/opt/altera/14.1/nios2eds/bin/gnu/H-x86_64-pc-linux-gnu/bin/../lib/gcc/nios2-elf/4.8.3/../../../../../H-x86_64-pc-linux-gnu/nios2-elf/lib/libc.a(lib_a-fflush.o)
                              /opt/altera/14.1/nios2eds/bin/gnu/H-x86_64-pc-linux-gnu/bin/../lib/gcc/nios2-elf/4.8.3/../../../../../H-x86_64-pc-linux-gnu/nios2-elf/lib/libc.a(lib_a-vfprintf.o) (_fflush_r)
/opt/altera/14.1/nios2eds/bin/gnu/H-x86_64-pc-linux-gnu/bin/../lib/gcc/nios2-elf/4.8.3/../../../../../H-x86_64-pc-linux-gnu/nios2-elf/lib/libc.a(lib_a-findfp.o)
                              /opt/altera/14.1/nios2eds/bin/gnu/H-x86_64-pc-linux-gnu/bin/../lib/gcc/nios2-elf/4.8.3/../../../../../H-x86_64-pc-linux-gnu/nios2-elf/lib/libc.a(lib_a-vfprintf.o) (__sinit)
/opt/altera/14.1/nios2eds/bin/gnu/H-x86_64-pc-linux-gnu/bin/../lib/gcc/nios2-elf/4.8.3/../../../../../H-x86_64-pc-linux-gnu/nios2-elf/lib/libc.a(lib_a-freer.o)
[...]
Memory Configuration

Name             Origin             Length             Attributes
reset            0x0000000000140000 0x0000000000000020
onchip_memory2   0x0000000000140020 0x000000000003ffe0
*default*        0x0000000000000000 0xffffffffffffffff

Linker script and memory map

LOAD ../KKNios_bsp//obj/HAL/src/crt0.o
LOAD obj/default/main.o
LOAD /opt/altera/14.1/nios2eds/bin/gnu/H-x86_64-pc-linux-gnu/bin/../lib/gcc/nios2-elf/4.8.3/../../../../../H-x86_64-pc-linux-gnu/nios2-elf/lib/libstdc++.a
LOAD /opt/altera/14.1/nios2eds/bin/gnu/H-x86_64-pc-linux-gnu/bin/../lib/gcc/nios2-elf/4.8.3/../../../../../H-x86_64-pc-linux-gnu/nios2-elf/lib/libm.a
LOAD /opt/altera/14.1/nios2eds/bin/gnu/H-x86_64-pc-linux-gnu/bin/../lib/gcc/nios2-elf/4.8.3/libgcc.a
START GROUP
LOAD /opt/altera/14.1/nios2eds/bin/gnu/H-x86_64-pc-linux-gnu/bin/../lib/gcc/nios2-elf/4.8.3/../../../../../H-x86_64-pc-linux-gnu/nios2-elf/lib/libc.a
LOAD /opt/altera/14.1/nios2eds/bin/gnu/H-x86_64-pc-linux-gnu/bin/../lib/gcc/nios2-elf/4.8.3/libgcc.a
LOAD ../KKNios_bsp//libhal_bsp.a
END GROUP
LOAD /opt/altera/14.1/nios2eds/bin/gnu/H-x86_64-pc-linux-gnu/bin/../lib/gcc/nios2-elf/4.8.3/libgcc.a
                0x0000000000140000                __alt_mem_onchip_memory2 = 0x140000

.entry          0x0000000000140000        0x0
 *(.entry)
 .entry         0x0000000000140000        0x0 ../KKNios_bsp//obj/HAL/src/crt0.o
                0x0000000000140000                __reset

.exceptions     0x0000000000140020      0x19c
                0x0000000000140020                PROVIDE (__ram_exceptions_start, ABSOLUTE (.))
                0x0000000000140020                . = ALIGN (0x20)
 *(.irq)
 *(.exceptions.entry.label)
 .exceptions.entry.label
                0x0000000000140020        0x0 ../KKNios_bsp//libhal_bsp.a(alt_irq_entry.o)
                0x0000000000140020                alt_irq_entry
 .exceptions.entry.label
                0x0000000000140020        0x0 ../KKNios_bsp//libhal_bsp.a(alt_exception_entry.o)
                0x0000000000140020                alt_exception
 *(.exceptions.entry.user)
 *(.exceptions.entry.ecc_fatal)
 *(.exceptions.entry)
 .exceptions.entry
                0x0000000000140020       0x54 ../KKNios_bsp//libhal_bsp.a(alt_exception_entry.o)
 *(.exceptions.irqtest.user)
 *(.exceptions.irqtest)
 .exceptions.irqtest
                0x0000000000140074       0x10 ../KKNios_bsp//libhal_bsp.a(alt_irq_entry.o)
 *(.exceptions.irqhandler.user)
 *(.exceptions.irqhandler)
 .exceptions.irqhandler
                0x0000000000140084        0x4 ../KKNios_bsp//libhal_bsp.a(alt_irq_entry.o)
 *(.exceptions.irqreturn.user)
 *(.exceptions.irqreturn)
 .exceptions.irqreturn
                0x0000000000140088        0x4 ../KKNios_bsp//libhal_bsp.a(alt_irq_entry.o)
 *(.exceptions.notirq.label)
 .exceptions.notirq.label
                0x000000000014008c        0x0 ../KKNios_bsp//libhal_bsp.a(alt_irq_entry.o)
 *(.exceptions.notirq.user)
 *(.exceptions.notirq)
 .exceptions.notirq
                0x000000000014008c        0x8 ../KKNios_bsp//libhal_bsp.a(alt_exception_entry.o)
 *(.exceptions.soft.user)
 *(.exceptions.soft)
 *(.exceptions.unknown.user)
 *(.exceptions.unknown)
 .exceptions.unknown
                0x0000000000140094        0x4 ../KKNios_bsp//libhal_bsp.a(alt_exception_entry.o)
 *(.exceptions.exit.label)
 .exceptions.exit.label
                0x0000000000140098        0x0 ../KKNios_bsp//libhal_bsp.a(alt_irq_entry.o)
 .exceptions.exit.label
                0x0000000000140098        0x0 ../KKNios_bsp//libhal_bsp.a(alt_exception_entry.o)
 *(.exceptions.exit.user)
 *(.exceptions.exit)
 .exceptions.exit
                0x0000000000140098       0x54 ../KKNios_bsp//libhal_bsp.a(alt_exception_entry.o)
 *(.exceptions)
 .exceptions    0x00000000001400ec       0xd0 ../KKNios_bsp//libhal_bsp.a(alt_irq_handler.o)
                0x00000000001400ec                alt_irq_handler
                0x00000000001401bc                PROVIDE (__ram_exceptions_end, ABSOLUTE (.))
                0x0000000000140020                PROVIDE (__flash_exceptions_start, LOADADDR (.exceptions))

.text           0x00000000001401bc    0x10d00
                0x00000000001401bc                PROVIDE (stext, ABSOLUTE (.))
 *(.interp)
 *(.hash)
 *(.dynsym)
 *(.dynstr)
 *(.gnu.version)
 *(.gnu.version_d)
 *(.gnu.version_r)
 *(.rel.init)
 *(.rela.init)
 *(.rel.text .rel.text.* .rel.gnu.linkonce.t.*)
 *(.rela.text .rela.text.* .rela.gnu.linkonce.t.*)
 *(.rel.fini)
 *(.rela.fini)
 *(.rel.rodata .rel.rodata.* .rel.gnu.linkonce.r.*)
 *(.rela.rodata .rela.rodata.* .rela.gnu.linkonce.r.*)
 *(.rel.data .rel.data.* .rel.gnu.linkonce.d.*)
 *(.rela.data .rela.data.* .rela.gnu.linkonce.d.*)
 *(.rel.tdata .rel.tdata.* .rel.gnu.linkonce.td.*)
 *(.rela.tdata .rela.tdata.* .rela.gnu.linkonce.td.*)
 *(.rel.tbss .rel.tbss.* .rel.gnu.linkonce.tb.*)
 *(.rela.tbss .rela.tbss.* .rela.gnu.linkonce.tb.*)
 *(.rel.ctors)
 *(.rela.ctors)
 *(.rel.dtors)
 *(.rela.dtors)
 *(.rel.got)
 *(.rela.got)
 *(.rel.sdata .rel.sdata.* .rel.gnu.linkonce.s.*)
 *(.rela.sdata .rela.sdata.* .rela.gnu.linkonce.s.*)
 *(.rel.sbss .rel.sbss.* .rel.gnu.linkonce.sb.*)
 *(.rela.sbss .rela.sbss.* .rela.gnu.linkonce.sb.*)
 *(.rel.sdata2 .rel.sdata2.* .rel.gnu.linkonce.s2.*)
 *(.rela.sdata2 .rela.sdata2.* .rela.gnu.linkonce.s2.*)
 *(.rel.sbss2 .rel.sbss2.* .rel.gnu.linkonce.sb2.*)
 *(.rela.sbss2 .rela.sbss2.* .rela.gnu.linkonce.sb2.*)
 *(.rel.bss .rel.bss.* .rel.gnu.linkonce.b.*)
 *(.rela.bss .rela.bss.* .rela.gnu.linkonce.b.*)
 *(.rel.plt)
 *(.rela.plt)
 *(.rel.dyn)
 *(.init)
 *(.plt)
 *(.text .stub .text.* .gnu.linkonce.t.*)
 .text          0x00000000001401bc       0x48 ../KKNios_bsp//obj/HAL/src/crt0.o
                0x00000000001401bc                _start
 .text          0x0000000000140204      0xb00 obj/default/main.o
                0x0000000000140204                to_float
                0x0000000000140250                to_bit
                0x00000000001402a8                kk_putelem
                0x0000000000140310                kk_start
                0x0000000000140338                kk_isrunning
                0x0000000000140360                kk_getcounter
                0x0000000000140388                kk_divzero
                0x00000000001403b0                kk_getintelem
                0x0000000000140414                kk_getdetelem
                0x0000000000140478                print_matrix
                0x0000000000140538                multiply_matrix
                0x00000000001406b4                calculate_error
                0x00000000001407ac                the_algorithm
                0x0000000000140c58                main
 .text          0x0000000000140d04      0x4b8 /opt/altera/14.1/nios2eds/bin/gnu/H-x86_64-pc-linux-gnu/bin/../lib/gcc/nios2-elf/4.8.3/libgcc.a(addsf3.o)
                0x0000000000140d04                __addsf3
 .text          0x00000000001411bc      0x40c /opt/altera/14.1/nios2eds/bin/gnu/H-x86_64-pc-linux-gnu/bin/../lib/gcc/nios2-elf/4.8.3/libgcc.a(divsf3.o)
                0x00000000001411bc                __divsf3
 .text          0x00000000001415c8      0x42c /opt/altera/14.1/nios2eds/bin/gnu/H-x86_64-pc-linux-gnu/bin/../lib/gcc/nios2-elf/4.8.3/libgcc.a(mulsf3.o)
                0x00000000001415c8                __mulsf3
 .text          0x00000000001419f4      0x4c8 /opt/altera/14.1/nios2eds/bin/gnu/H-x86_64-pc-linux-gnu/bin/../lib/gcc/nios2-elf/4.8.3/libgcc.a(subsf3.o)
                0x00000000001419f4                __subsf3
 .text          0x0000000000141ebc       0x70 /opt/altera/14.1/nios2eds/bin/gnu/H-x86_64-pc-linux-gnu/bin/../lib/gcc/nios2-elf/4.8.3/libgcc.a(fixsfsi.o)
                0x0000000000141ebc                __fixsfsi
 .text          0x0000000000141f2c      0x170 /opt/altera/14.1/nios2eds/bin/gnu/H-x86_64-pc-linux-gnu/bin/../lib/gcc/nios2-elf/4.8.3/libgcc.a(floatsisf.o)
                0x0000000000141f2c                __floatsisf
 .text          0x000000000014209c       0xfc /opt/altera/14.1/nios2eds/bin/gnu/H-x86_64-pc-linux-gnu/bin/../lib/gcc/nios2-elf/4.8.3/libgcc.a(extendsfdf2.o)
                0x000000000014209c                __extendsfdf2
 .text          0x0000000000142198       0xac /opt/altera/14.1/nios2eds/bin/gnu/H-x86_64-pc-linux-gnu/bin/../lib/gcc/nios2-elf/4.8.3/libgcc.a(_clzsi2.o)
                0x0000000000142198                __clzsi2
 .text          0x0000000000142244        0x0 /opt/altera/14.1/nios2eds/bin/gnu/H-x86_64-pc-linux-gnu/bin/../lib/gcc/nios2-elf/4.8.3/libgcc.a(_clz.o)
 .text          0x0000000000142244      0x10c /opt/altera/14.1/nios2eds/bin/gnu/H-x86_64-pc-linux-gnu/bin/../lib/gcc/nios2-elf/4.8.3/../../../../../H-x86_64-pc-linux-gnu/nios2-elf/lib/libc.a(lib_a-memcpy.o)
                0x0000000000142244                memcpy
 .text          0x0000000000142350       0x68 /opt/altera/14.1/nios2eds/bin/gnu/H-x86_64-pc-linux-gnu/bin/../lib/gcc/nios2-elf/4.8.3/../../../../../H-x86_64-pc-linux-gnu/nios2-elf/lib/libc.a(lib_a-printf.o)
                0x0000000000142350                _printf_r
                0x000000000014237c                printf
 .text          0x00000000001423b8       0x24 /opt/altera/14.1/nios2eds/bin/gnu/H-x86_64-pc-linux-gnu/bin/../lib/gcc/nios2-elf/4.8.3/../../../../../H-x86_64-pc-linux-gnu/nios2-elf/lib/libc.a(lib_a-putchar.o)
                0x00000000001423b8                _putchar_r
                0x00000000001423c0                putchar
 .text          0x00000000001423dc       0xcc /opt/altera/14.1/nios2eds/bin/gnu/H-x86_64-pc-linux-gnu/bin/../lib/gcc/nios2-elf/4.8.3/../../../../../H-x86_64-pc-linux-gnu/nios2-elf/lib/libc.a(lib_a-puts.o)
                0x00000000001423dc                _puts_r
                0x0000000000142494                puts
 .text          0x00000000001424a8       0x8c /opt/altera/14.1/nios2eds/bin/gnu/H-x86_64-pc-linux-gnu/bin/../lib/gcc/nios2-elf/4.8.3/../../../../../H-x86_64-pc-linux-gnu/nios2-elf/lib/libc.a(lib_a-strlen.o)
                0x00000000001424a8                strlen
 .text          0x0000000000142534     0x2000 /opt/altera/14.1/nios2eds/bin/gnu/H-x86_64-pc-linux-gnu/bin/../lib/gcc/nios2-elf/4.8.3/../../../../../H-x86_64-pc-linux-gnu/nios2-elf/lib/libc.a(lib_a-vfprintf.o)
                0x0000000000142534                ___vfprintf_internal_r
                0x0000000000144510                __vfprintf_internal
 .text          0x0000000000144534      0x138 /opt/altera/14.1/nios2eds/bin/gnu/H-x86_64-pc-linux-gnu/bin/../lib/gcc/nios2-elf/4.8.3/../../../../../H-x86_64-pc-linux-gnu/nios2-elf/lib/libc.a(lib_a-wsetup.o)
                0x0000000000144534                __swsetup_r
 .text          0x000000000014466c     0x1840 /opt/altera/14.1/nios2eds/bin/gnu/H-x86_64-pc-linux-gnu/bin/../lib/gcc/nios2-elf/4.8.3/../../../../../H-x86_64-pc-linux-gnu/nios2-elf/lib/libc.a(lib_a-dtoa.o)
                0x0000000000144870                _dtoa_r
 .text          0x0000000000145eac      0x274 /opt/altera/14.1/nios2eds/bin/gnu/H-x86_64-pc-linux-gnu/bin/../lib/gcc/nios2-elf/4.8.3/../../../../../H-x86_64-pc-linux-gnu/nios2-elf/lib/libc.a(lib_a-fflush.o)
                0x0000000000145eac                _fflush_r
                0x00000000001460f0                fflush
 .text          0x0000000000146120      0x390 /opt/altera/14.1/nios2eds/bin/gnu/H-x86_64-pc-linux-gnu/bin/../lib/gcc/nios2-elf/4.8.3/../../../../../H-x86_64-pc-linux-gnu/nios2-elf/lib/libc.a(lib_a-findfp.o)
                0x0000000000146130                _cleanup_r
                0x000000000014613c                __sfmoreglue
                0x00000000001461a0                _cleanup
                0x00000000001461b8                __sinit
                0x0000000000146354                __sfp
                0x0000000000146470                __sfp_lock_acquire
                0x0000000000146474                __sfp_lock_release
                0x0000000000146478                __sinit_lock_acquire
                0x000000000014647c                __sinit_lock_release
                0x0000000000146480                __fp_lock_all
                0x0000000000146498                __fp_unlock_all
 .text          0x00000000001464b0      0x40c /opt/altera/14.1/nios2eds/bin/gnu/H-x86_64-pc-linux-gnu/bin/../lib/gcc/nios2-elf/4.8.3/../../../../../H-x86_64-pc-linux-gnu/nios2-elf/lib/libc.a(lib_a-freer.o)
                0x00000000001464b0                _malloc_trim_r
                0x00000000001465ec                _free_r
 .text          0x00000000001468bc      0x4ac /opt/altera/14.1/nios2eds/bin/gnu/H-x86_64-pc-linux-gnu/bin/../lib/gcc/nios2-elf/4.8.3/../../../../../H-x86_64-pc-linux-gnu/nios2-elf/lib/libc.a(lib_a-fvwrite.o)
                0x00000000001468bc                __sfvwrite_r
 .text          0x0000000000146d68      0x160 /opt/altera/14.1/nios2eds/bin/gnu/H-x86_64-pc-linux-gnu/bin/../lib/gcc/nios2-elf/4.8.3/../../../../../H-x86_64-pc-linux-gnu/nios2-elf/lib/libc.a(lib_a-fwalk.o)
                0x0000000000146d68                _fwalk
                0x0000000000146e10                _fwalk_reent
 .text          0x0000000000146ec8        0x0 /opt/altera/14.1/nios2eds/bin/gnu/H-x86_64-pc-linux-gnu/bin/../lib/gcc/nios2-elf/4.8.3/../../../../../H-x86_64-pc-linux-gnu/nios2-elf/lib/libc.a(lib_a-impure.o)
 .text          0x0000000000146ec8       0xd4 /opt/altera/14.1/nios2eds/bin/gnu/H-x86_64-pc-linux-gnu/bin/../lib/gcc/nios2-elf/4.8.3/../../../../../H-x86_64-pc-linux-gnu/nios2-elf/lib/libc.a(lib_a-locale.o)
                0x0000000000146ec8                _setlocale_r
                0x0000000000146f38                __locale_charset
                0x0000000000146f44                __locale_mb_cur_max
                0x0000000000146f54                __locale_msgcharset
                0x0000000000146f60                __locale_cjk_lang
                0x0000000000146f68                _localeconv_r
                0x0000000000146f74                setlocale
                0x0000000000146f90                localeconv
 .text          0x0000000000146f9c      0x1b4 /opt/altera/14.1/nios2eds/bin/gnu/H-x86_64-pc-linux-gnu/bin/../lib/gcc/nios2-elf/4.8.3/../../../../../H-x86_64-pc-linux-gnu/nios2-elf/lib/libc.a(lib_a-makebuf.o)
                0x0000000000146f9c                __smakebuf_r
 .text          0x0000000000147150      0x7c4 /opt/altera/14.1/nios2eds/bin/gnu/H-x86_64-pc-linux-gnu/bin/../lib/gcc/nios2-elf/4.8.3/../../../../../H-x86_64-pc-linux-gnu/nios2-elf/lib/libc.a(lib_a-mallocr.o)
                0x0000000000147150                _malloc_r
 .text          0x0000000000147914       0xe8 /opt/altera/14.1/nios2eds/bin/gnu/H-x86_64-pc-linux-gnu/bin/../lib/gcc/nios2-elf/4.8.3/../../../../../H-x86_64-pc-linux-gnu/nios2-elf/lib/libc.a(lib_a-memchr.o)
                0x0000000000147914                memchr
 .text          0x00000000001479fc      0x13c /opt/altera/14.1/nios2eds/bin/gnu/H-x86_64-pc-linux-gnu/bin/../lib/gcc/nios2-elf/4.8.3/../../../../../H-x86_64-pc-linux-gnu/nios2-elf/lib/libc.a(lib_a-memmove.o)
                0x00000000001479fc                memmove
 .text          0x0000000000147b38      0x114 /opt/altera/14.1/nios2eds/bin/gnu/H-x86_64-pc-linux-gnu/bin/../lib/gcc/nios2-elf/4.8.3/../../../../../H-x86_64-pc-linux-gnu/nios2-elf/lib/libc.a(lib_a-memset.o)
                0x0000000000147b38                memset
 .text          0x0000000000147c4c      0xf78 /opt/altera/14.1/nios2eds/bin/gnu/H-x86_64-pc-linux-gnu/bin/../lib/gcc/nios2-elf/4.8.3/../../../../../H-x86_64-pc-linux-gnu/nios2-elf/lib/libc.a(lib_a-mprec.o)
                0x0000000000147c4c                _Balloc
                0x0000000000147cf4                _Bfree
                0x0000000000147d1c                __multadd
                0x0000000000147e30                __s2b
                0x0000000000147f34                __hi0bits
                0x0000000000147f9c                __lo0bits
                0x000000000014804c                __i2b
                0x0000000000148088                __multiply
                0x0000000000148274                __pow5mult
                0x00000000001483bc                __lshift
                0x000000000014850c                __mcmp
                0x000000000014856c                __mdiff
                0x000000000014871c                __ulp
                0x000000000014877c                __b2d
                0x000000000014886c                __d2b
                0x00000000001489b0                __ratio
                0x0000000000148a50                _mprec_log10
                0x0000000000148ac4                __copybits
                0x0000000000148b3c                __any_on
 .text          0x0000000000148bc4      0x16c /opt/altera/14.1/nios2eds/bin/gnu/H-x86_64-pc-linux-gnu/bin/../lib/gcc/nios2-elf/4.8.3/../../../../../H-x86_64-pc-linux-gnu/nios2-elf/lib/libc.a(lib_a-putc.o)
                0x0000000000148bc4                _putc_r
                0x0000000000148c64                putc
 .text          0x0000000000148d30      0x564 /opt/altera/14.1/nios2eds/bin/gnu/H-x86_64-pc-linux-gnu/bin/../lib/gcc/nios2-elf/4.8.3/../../../../../H-x86_64-pc-linux-gnu/nios2-elf/lib/libc.a(lib_a-reallocr.o)
                0x0000000000148d30                _realloc_r
 .text          0x0000000000149294       0x68 /opt/altera/14.1/nios2eds/bin/gnu/H-x86_64-pc-linux-gnu/bin/../lib/gcc/nios2-elf/4.8.3/../../../../../H-x86_64-pc-linux-gnu/nios2-elf/lib/libc.a(lib_a-s_fpclassify.o)
                0x0000000000149294                __fpclassifyd
 .text          0x00000000001492fc       0x64 /opt/altera/14.1/nios2eds/bin/gnu/H-x86_64-pc-linux-gnu/bin/../lib/gcc/nios2-elf/4.8.3/../../../../../H-x86_64-pc-linux-gnu/nios2-elf/lib/libc.a(lib_a-sbrkr.o)
                0x00000000001492fc                _sbrk_r
 .text          0x0000000000149360      0x13c /opt/altera/14.1/nios2eds/bin/gnu/H-x86_64-pc-linux-gnu/bin/../lib/gcc/nios2-elf/4.8.3/../../../../../H-x86_64-pc-linux-gnu/nios2-elf/lib/libc.a(lib_a-stdio.o)
                0x0000000000149360                __sread
                0x00000000001493b4                __seofread
                0x00000000001493bc                __swrite
                0x0000000000149438                __sseek
                0x0000000000149494                __sclose
 .text          0x000000000014949c       0xa4 /opt/altera/14.1/nios2eds/bin/gnu/H-x86_64-pc-linux-gnu/bin/../lib/gcc/nios2-elf/4.8.3/../../../../../H-x86_64-pc-linux-gnu/nios2-elf/lib/libc.a(lib_a-strcmp.o)
                0x000000000014949c                strcmp
 .text          0x0000000000149540     0x13a8 /opt/altera/14.1/nios2eds/bin/gnu/H-x86_64-pc-linux-gnu/bin/../lib/gcc/nios2-elf/4.8.3/../../../../../H-x86_64-pc-linux-gnu/nios2-elf/lib/libc.a(lib_a-vfiprintf.o)
                0x000000000014963c                __sprint_r
                0x0000000000149654                ___vfiprintf_internal_r
                0x000000000014a8c4                __vfiprintf_internal
 .text          0x000000000014a8e8      0x19c /opt/altera/14.1/nios2eds/bin/gnu/H-x86_64-pc-linux-gnu/bin/../lib/gcc/nios2-elf/4.8.3/../../../../../H-x86_64-pc-linux-gnu/nios2-elf/lib/libc.a(lib_a-wbuf.o)
                0x000000000014a8e8                __swbuf_r
                0x000000000014aa68                __swbuf
 .text          0x000000000014aa84       0x6c /opt/altera/14.1/nios2eds/bin/gnu/H-x86_64-pc-linux-gnu/bin/../lib/gcc/nios2-elf/4.8.3/../../../../../H-x86_64-pc-linux-gnu/nios2-elf/lib/libc.a(lib_a-writer.o)
                0x000000000014aa84                _write_r
 .text          0x000000000014aaf0       0x64 /opt/altera/14.1/nios2eds/bin/gnu/H-x86_64-pc-linux-gnu/bin/../lib/gcc/nios2-elf/4.8.3/../../../../../H-x86_64-pc-linux-gnu/nios2-elf/lib/libc.a(closer.o)
                0x000000000014aaf0                _close_r
 .text          0x000000000014ab54       0xc4 /opt/altera/14.1/nios2eds/bin/gnu/H-x86_64-pc-linux-gnu/bin/../lib/gcc/nios2-elf/4.8.3/../../../../../H-x86_64-pc-linux-gnu/nios2-elf/lib/libc.a(lib_a-callocr.o)
                0x000000000014ab54                _calloc_r
 .text          0x000000000014ac18      0x13c /opt/altera/14.1/nios2eds/bin/gnu/H-x86_64-pc-linux-gnu/bin/../lib/gcc/nios2-elf/4.8.3/../../../../../H-x86_64-pc-linux-gnu/nios2-elf/lib/libc.a(lib_a-fclose.o)
                0x000000000014ac18                _fclose_r
                0x000000000014ad40                fclose
 .text          0x000000000014ad54      0x1fc /opt/altera/14.1/nios2eds/bin/gnu/H-x86_64-pc-linux-gnu/bin/../lib/gcc/nios2-elf/4.8.3/../../../../../H-x86_64-pc-linux-gnu/nios2-elf/lib/libc.a(lib_a-fputwc.o)
                0x000000000014ad54                _fputwc_r
                0x000000000014aed8                fputwc
 .text          0x000000000014af50       0x68 /opt/altera/14.1/nios2eds/bin/gnu/H-x86_64-pc-linux-gnu/bin/../lib/gcc/nios2-elf/4.8.3/../../../../../H-x86_64-pc-linux-gnu/nios2-elf/lib/libc.a(lib_a-fstatr.o)
                0x000000000014af50                _fstat_r
 .text          0x000000000014afb8        0x0 /opt/altera/14.1/nios2eds/bin/gnu/H-x86_64-pc-linux-gnu/bin/../lib/gcc/nios2-elf/4.8.3/../../../../../H-x86_64-pc-linux-gnu/nios2-elf/lib/libc.a(lib_a-int_errno.o)
 .text          0x000000000014afb8       0x64 /opt/altera/14.1/nios2eds/bin/gnu/H-x86_64-pc-linux-gnu/bin/../lib/gcc/nios2-elf/4.8.3/../../../../../H-x86_64-pc-linux-gnu/nios2-elf/lib/libc.a(lib_a-isattyr.o)
                0x000000000014afb8                _isatty_r
 .text          0x000000000014b01c       0x6c /opt/altera/14.1/nios2eds/bin/gnu/H-x86_64-pc-linux-gnu/bin/../lib/gcc/nios2-elf/4.8.3/../../../../../H-x86_64-pc-linux-gnu/nios2-elf/lib/libc.a(lib_a-lseekr.o)
                0x000000000014b01c                _lseek_r
 .text          0x000000000014b088       0x6c /opt/altera/14.1/nios2eds/bin/gnu/H-x86_64-pc-linux-gnu/bin/../lib/gcc/nios2-elf/4.8.3/../../../../../H-x86_64-pc-linux-gnu/nios2-elf/lib/libc.a(lib_a-readr.o)
                0x000000000014b088                _read_r
 .text          0x000000000014b0f4      0x174 /opt/altera/14.1/nios2eds/bin/gnu/H-x86_64-pc-linux-gnu/bin/../lib/gcc/nios2-elf/4.8.3/../../../../../H-x86_64-pc-linux-gnu/nios2-elf/lib/libc.a(lib_a-wcrtomb.o)
                0x000000000014b0f4                _wcrtomb_r
                0x000000000014b190                wcrtomb
 .text          0x000000000014b268       0x8c /opt/altera/14.1/nios2eds/bin/gnu/H-x86_64-pc-linux-gnu/bin/../lib/gcc/nios2-elf/4.8.3/../../../../../H-x86_64-pc-linux-gnu/nios2-elf/lib/libc.a(lib_a-wctomb_r.o)
                0x000000000014b268                __ascii_wctomb
                0x000000000014b298                _wctomb_r
 .text          0x000000000014b2f4      0x5c4 /opt/altera/14.1/nios2eds/bin/gnu/H-x86_64-pc-linux-gnu/bin/../lib/gcc/nios2-elf/4.8.3/libgcc.a(_udivdi3.o)
                0x000000000014b2f4                __udivdi3
 .text          0x000000000014b8b8      0x598 /opt/altera/14.1/nios2eds/bin/gnu/H-x86_64-pc-linux-gnu/bin/../lib/gcc/nios2-elf/4.8.3/libgcc.a(_umoddi3.o)
                0x000000000014b8b8                __umoddi3
 .text          0x000000000014be50      0x114 /opt/altera/14.1/nios2eds/bin/gnu/H-x86_64-pc-linux-gnu/bin/../lib/gcc/nios2-elf/4.8.3/libgcc.a(lib2-divmod.o)
                0x000000000014bec0                __divsi3
                0x000000000014bf08                __modsi3
                0x000000000014bf54                __udivsi3
                0x000000000014bf5c                __umodsi3
 .text          0x000000000014bf64      0x87c /opt/altera/14.1/nios2eds/bin/gnu/H-x86_64-pc-linux-gnu/bin/../lib/gcc/nios2-elf/4.8.3/libgcc.a(adddf3.o)
                0x000000000014bf64                __adddf3
 .text          0x000000000014c7e0      0x8d4 /opt/altera/14.1/nios2eds/bin/gnu/H-x86_64-pc-linux-gnu/bin/../lib/gcc/nios2-elf/4.8.3/libgcc.a(divdf3.o)
                0x000000000014c7e0                __divdf3
 .text          0x000000000014d0b4       0x84 /opt/altera/14.1/nios2eds/bin/gnu/H-x86_64-pc-linux-gnu/bin/../lib/gcc/nios2-elf/4.8.3/libgcc.a(eqdf2.o)
                0x000000000014d0b4                __eqdf2
                0x000000000014d0b4                __nedf2
 .text          0x000000000014d138       0xd8 /opt/altera/14.1/nios2eds/bin/gnu/H-x86_64-pc-linux-gnu/bin/../lib/gcc/nios2-elf/4.8.3/libgcc.a(gedf2.o)
                0x000000000014d138                __gtdf2
                0x000000000014d138                __gedf2
 .text          0x000000000014d210       0xec /opt/altera/14.1/nios2eds/bin/gnu/H-x86_64-pc-linux-gnu/bin/../lib/gcc/nios2-elf/4.8.3/libgcc.a(ledf2.o)
                0x000000000014d210                __ltdf2
                0x000000000014d210                __ledf2
 .text          0x000000000014d2fc      0x6ec /opt/altera/14.1/nios2eds/bin/gnu/H-x86_64-pc-linux-gnu/bin/../lib/gcc/nios2-elf/4.8.3/libgcc.a(muldf3.o)
                0x000000000014d2fc                __muldf3
 .text          0x000000000014d9e8      0x888 /opt/altera/14.1/nios2eds/bin/gnu/H-x86_64-pc-linux-gnu/bin/../lib/gcc/nios2-elf/4.8.3/libgcc.a(subdf3.o)
                0x000000000014d9e8                __subdf3
 .text          0x000000000014e270       0x80 /opt/altera/14.1/nios2eds/bin/gnu/H-x86_64-pc-linux-gnu/bin/../lib/gcc/nios2-elf/4.8.3/libgcc.a(fixdfsi.o)
                0x000000000014e270                __fixdfsi
 .text          0x000000000014e2f0       0xd0 /opt/altera/14.1/nios2eds/bin/gnu/H-x86_64-pc-linux-gnu/bin/../lib/gcc/nios2-elf/4.8.3/libgcc.a(floatsidf.o)
                0x000000000014e2f0                __floatsidf
 .text          0x000000000014e3c0       0xa0 /opt/altera/14.1/nios2eds/bin/gnu/H-x86_64-pc-linux-gnu/bin/../lib/gcc/nios2-elf/4.8.3/libgcc.a(floatunsidf.o)
                0x000000000014e3c0                __floatunsidf
 .text          0x000000000014e460      0x118 ../KKNios_bsp//libhal_bsp.a(alt_close.o)
                0x000000000014e4b0                close
 .text          0x000000000014e578       0x2c ../KKNios_bsp//libhal_bsp.a(alt_dev.o)
 .text          0x000000000014e5a4        0x0 ../KKNios_bsp//libhal_bsp.a(alt_errno.o)
 .text          0x000000000014e5a4       0xfc ../KKNios_bsp//libhal_bsp.a(alt_fstat.o)
                0x000000000014e5f4                fstat
 .text          0x000000000014e6a0       0xf0 ../KKNios_bsp//libhal_bsp.a(alt_isatty.o)
                0x000000000014e6f0                isatty
 .text          0x000000000014e790      0x120 ../KKNios_bsp//libhal_bsp.a(alt_lseek.o)
                0x000000000014e7e0                lseek
 .text          0x000000000014e8b0       0x78 ../KKNios_bsp//libhal_bsp.a(alt_main.o)
                0x000000000014e8b0                alt_main
 .text          0x000000000014e928       0x40 ../KKNios_bsp//libhal_bsp.a(alt_malloc_lock.o)
                0x000000000014e928                __malloc_lock
                0x000000000014e948                __malloc_unlock
 .text          0x000000000014e968      0x140 ../KKNios_bsp//libhal_bsp.a(alt_read.o)
                0x000000000014e9b8                read
 .text          0x000000000014eaa8       0x60 ../KKNios_bsp//libhal_bsp.a(alt_release_fd.o)
                0x000000000014eaa8                alt_release_fd
 .text          0x000000000014eb08       0xb0 ../KKNios_bsp//libhal_bsp.a(alt_sbrk.o)
                0x000000000014eb08                sbrk
 .text          0x000000000014ebb8      0x13c ../KKNios_bsp//libhal_bsp.a(alt_write.o)
                0x000000000014ec08                write
 .text          0x000000000014ecf4      0x100 ../KKNios_bsp//libhal_bsp.a(alt_sys_init.o)
                0x000000000014ed2c                alt_irq_init
                0x000000000014ed60                alt_sys_init
 .text          0x000000000014edf4      0x164 ../KKNios_bsp//libhal_bsp.a(altera_avalon_jtag_uart_fd.o)
                0x000000000014edf4                altera_avalon_jtag_uart_read_fd
                0x000000000014ee54                altera_avalon_jtag_uart_write_fd
                0x000000000014eeb4                altera_avalon_jtag_uart_close_fd
                0x000000000014ef04                altera_avalon_jtag_uart_ioctl_fd
 .text          0x000000000014ef58      0x3c8 ../KKNios_bsp//libhal_bsp.a(altera_avalon_jtag_uart_init.o)
                0x000000000014ef58                altera_avalon_jtag_uart_init
                0x000000000014f2b8                altera_avalon_jtag_uart_close
 .text          0x000000000014f320       0xec ../KKNios_bsp//libhal_bsp.a(altera_avalon_jtag_uart_ioctl.o)
                0x000000000014f320                altera_avalon_jtag_uart_ioctl
 .text          0x000000000014f40c      0x208 ../KKNios_bsp//libhal_bsp.a(altera_avalon_jtag_uart_read.o)
                0x000000000014f40c                altera_avalon_jtag_uart_read
 .text          0x000000000014f614      0x218 ../KKNios_bsp//libhal_bsp.a(altera_avalon_jtag_uart_write.o)
                0x000000000014f614                altera_avalon_jtag_uart_write
 .text          0x000000000014f82c       0xfc ../KKNios_bsp//libhal_bsp.a(altera_avalon_timer_sc.o)
                0x000000000014f8a0                alt_avalon_timer_sc_init
 .text          0x000000000014f928        0x0 ../KKNios_bsp//libhal_bsp.a(altera_avalon_timer_vars.o)
 .text          0x000000000014f928      0x27c ../KKNios_bsp//libhal_bsp.a(perf_print_formatted_report.o)
                0x000000000014f928                perf_print_formatted_report
 .text          0x000000000014fba4      0x140 ../KKNios_bsp//libhal_bsp.a(alt_alarm_start.o)
                0x000000000014fba4                alt_alarm_start
 .text          0x000000000014fce4       0xf0 ../KKNios_bsp//libhal_bsp.a(alt_dev_llist_insert.o)
                0x000000000014fd34                alt_dev_llist_insert
 .text          0x000000000014fdd4       0x5c ../KKNios_bsp//libhal_bsp.a(alt_do_ctors.o)
                0x000000000014fdd4                _do_ctors
 .text          0x000000000014fe30       0x5c ../KKNios_bsp//libhal_bsp.a(alt_do_dtors.o)
                0x000000000014fe30                _do_dtors
 .text          0x000000000014fe8c      0x1d8 ../KKNios_bsp//libhal_bsp.a(alt_iic.o)
                0x000000000014fe8c                alt_ic_isr_register
                0x000000000014fedc                alt_ic_irq_enable
                0x000000000014ff78                alt_ic_irq_disable
                0x0000000000150018                alt_ic_irq_enabled
 .text          0x0000000000150064       0xf0 ../KKNios_bsp//libhal_bsp.a(alt_iic_isr_register.o)
                0x0000000000150064                alt_iic_isr_register
 .text          0x0000000000150154      0x138 ../KKNios_bsp//libhal_bsp.a(alt_io_redirect.o)
                0x0000000000150214                alt_io_redirect
 .text          0x000000000015028c        0x0 ../KKNios_bsp//libhal_bsp.a(alt_irq_entry.o)
 .text          0x000000000015028c        0x0 ../KKNios_bsp//libhal_bsp.a(alt_irq_handler.o)
 .text          0x000000000015028c        0x0 ../KKNios_bsp//libhal_bsp.a(alt_irq_vars.o)
 .text          0x000000000015028c      0x270 ../KKNios_bsp//libhal_bsp.a(alt_open.o)
                0x00000000001503a8                open
 .text          0x00000000001504fc      0x19c ../KKNios_bsp//libhal_bsp.a(alt_tick.o)
                0x00000000001504fc                alt_alarm_stop
                0x0000000000150594                alt_tick
 .text          0x0000000000150698       0x20 ../KKNios_bsp//libhal_bsp.a(altera_nios2_gen2_irq.o)
                0x0000000000150698                altera_nios2_gen2_irq_init
 .text          0x00000000001506b8      0x180 ../KKNios_bsp//libhal_bsp.a(altera_avalon_performance_counter.o)
                0x00000000001506b8                perf_get_section_time
                0x000000000015076c                perf_get_total_time
                0x00000000001507b8                perf_get_num_starts
                0x00000000001507f4                alt_get_performance_counter_base
                0x0000000000150814                alt_get_cpu_freq
 .text          0x0000000000150838        0x0 ../KKNios_bsp//libhal_bsp.a(alt_exception_entry.o)
 .text          0x0000000000150838       0x90 ../KKNios_bsp//libhal_bsp.a(alt_find_dev.o)
                0x0000000000150838                alt_find_dev
 .text          0x00000000001508c8      0x114 ../KKNios_bsp//libhal_bsp.a(alt_find_file.o)
                0x00000000001508c8                alt_find_file
 .text          0x00000000001509dc       0xb4 ../KKNios_bsp//libhal_bsp.a(alt_get_fd.o)
                0x00000000001509dc                alt_get_fd
 .text          0x0000000000150a90       0x14 /opt/altera/14.1/nios2eds/bin/gnu/H-x86_64-pc-linux-gnu/bin/../lib/gcc/nios2-elf/4.8.3/../../../../../H-x86_64-pc-linux-gnu/nios2-elf/lib/libc.a(lib_a-atexit.o)
                0x0000000000150a90                atexit
 .text          0x0000000000150aa4       0x38 /opt/altera/14.1/nios2eds/bin/gnu/H-x86_64-pc-linux-gnu/bin/../lib/gcc/nios2-elf/4.8.3/../../../../../H-x86_64-pc-linux-gnu/nios2-elf/lib/libc.a(lib_a-exit.o)
                0x0000000000150aa4                exit
 .text          0x0000000000150adc       0x7c /opt/altera/14.1/nios2eds/bin/gnu/H-x86_64-pc-linux-gnu/bin/../lib/gcc/nios2-elf/4.8.3/../../../../../H-x86_64-pc-linux-gnu/nios2-elf/lib/libc.a(lib_a-memcmp.o)
                0x0000000000150adc                memcmp
 .text          0x0000000000150b58      0x11c /opt/altera/14.1/nios2eds/bin/gnu/H-x86_64-pc-linux-gnu/bin/../lib/gcc/nios2-elf/4.8.3/../../../../../H-x86_64-pc-linux-gnu/nios2-elf/lib/libc.a(lib_a-__atexit.o)
                0x0000000000150b58                __register_exitproc
 .text          0x0000000000150c74      0x1a4 /opt/altera/14.1/nios2eds/bin/gnu/H-x86_64-pc-linux-gnu/bin/../lib/gcc/nios2-elf/4.8.3/../../../../../H-x86_64-pc-linux-gnu/nios2-elf/lib/libc.a(lib_a-__call_atexit.o)
                0x0000000000150c74                __call_exitprocs
 .text          0x0000000000150e18       0x70 /opt/altera/14.1/nios2eds/bin/gnu/H-x86_64-pc-linux-gnu/bin/../lib/gcc/nios2-elf/4.8.3/libgcc.a(_floatundidf.o)
                0x0000000000150e18                __floatundidf
 .text          0x0000000000150e88       0x34 ../KKNios_bsp//libhal_bsp.a(alt_exit.o)
                0x0000000000150e88                _exit
 *(.gnu.warning.*)
 *(.fini)
                0x0000000000150ebc                PROVIDE (__etext, ABSOLUTE (.))
                0x0000000000150ebc                PROVIDE (_etext, ABSOLUTE (.))
                0x0000000000150ebc                PROVIDE (etext, ABSOLUTE (.))
 *(.eh_frame_hdr)
                0x0000000000150ebc                . = ALIGN (0x4)
                0x0000000000150ebc                PROVIDE (__preinit_array_start, ABSOLUTE (.))
 *(.preinit_array)
                0x0000000000150ebc                PROVIDE (__preinit_array_end, ABSOLUTE (.))
                0x0000000000150ebc                PROVIDE (__init_array_start, ABSOLUTE (.))
 *(.init_array)
                0x0000000000150ebc                PROVIDE (__init_array_end, ABSOLUTE (.))
                0x0000000000150ebc                PROVIDE (__fini_array_start, ABSOLUTE (.))
 *(.fini_array)
                0x0000000000150ebc                PROVIDE (__fini_array_end, ABSOLUTE (.))
 *(.eh_frame)
 *(.gcc_except_table .gcc_except_table.*)
 *(.dynamic)
                0x0000000000150ebc                PROVIDE (__CTOR_LIST__, ABSOLUTE (.))
 *(.ctors)
 *(SORT(.ctors.*))
                0x0000000000150ebc                PROVIDE (__CTOR_END__, ABSOLUTE (.))
                0x0000000000150ebc                PROVIDE (__DTOR_LIST__, ABSOLUTE (.))
 *(.dtors)
 *(SORT(.dtors.*))
                0x0000000000150ebc                PROVIDE (__DTOR_END__, ABSOLUTE (.))
 *(.jcr)
                0x0000000000150ebc                . = ALIGN (0x4)

.rodata         0x0000000000150ebc      0x540
                0x0000000000150ebc                PROVIDE (__ram_rodata_start, ABSOLUTE (.))
                0x0000000000150ebc                . = ALIGN (0x4)
 *(.rodata .rodata.* .gnu.linkonce.r.*)
 .rodata        0x0000000000150ebc      0x148 obj/default/main.o
 .rodata        0x0000000000151004      0x100 /opt/altera/14.1/nios2eds/bin/gnu/H-x86_64-pc-linux-gnu/bin/../lib/gcc/nios2-elf/4.8.3/libgcc.a(_clz.o)
                0x0000000000151004                __clz_tab
 .rodata.str1.4
                0x0000000000151104        0x2 /opt/altera/14.1/nios2eds/bin/gnu/H-x86_64-pc-linux-gnu/bin/../lib/gcc/nios2-elf/4.8.3/../../../../../H-x86_64-pc-linux-gnu/nios2-elf/lib/libc.a(lib_a-puts.o)
                                          0x4 (size before relaxing)
 *fill*         0x0000000000151106        0x2 
 .rodata.str1.4
                0x0000000000151108       0x42 /opt/altera/14.1/nios2eds/bin/gnu/H-x86_64-pc-linux-gnu/bin/../lib/gcc/nios2-elf/4.8.3/../../../../../H-x86_64-pc-linux-gnu/nios2-elf/lib/libc.a(lib_a-vfprintf.o)
                                         0x44 (size before relaxing)
 .rodata        0x000000000015114a       0x20 /opt/altera/14.1/nios2eds/bin/gnu/H-x86_64-pc-linux-gnu/bin/../lib/gcc/nios2-elf/4.8.3/../../../../../H-x86_64-pc-linux-gnu/nios2-elf/lib/libc.a(lib_a-vfprintf.o)
 *fill*         0x000000000015116a        0x2 
 .rodata.str1.4
                0x000000000015116c       0x10 /opt/altera/14.1/nios2eds/bin/gnu/H-x86_64-pc-linux-gnu/bin/../lib/gcc/nios2-elf/4.8.3/../../../../../H-x86_64-pc-linux-gnu/nios2-elf/lib/libc.a(lib_a-dtoa.o)
                                         0x14 (size before relaxing)
 .rodata.str1.4
                0x000000000015117c        0x2 /opt/altera/14.1/nios2eds/bin/gnu/H-x86_64-pc-linux-gnu/bin/../lib/gcc/nios2-elf/4.8.3/../../../../../H-x86_64-pc-linux-gnu/nios2-elf/lib/libc.a(lib_a-impure.o)
                                          0x4 (size before relaxing)
 *fill*         0x000000000015117e        0x2 
 .rodata.str1.4
                0x0000000000151180        0xc /opt/altera/14.1/nios2eds/bin/gnu/H-x86_64-pc-linux-gnu/bin/../lib/gcc/nios2-elf/4.8.3/../../../../../H-x86_64-pc-linux-gnu/nios2-elf/lib/libc.a(lib_a-locale.o)
                                         0x14 (size before relaxing)
 .rodata        0x000000000015118c      0x124 /opt/altera/14.1/nios2eds/bin/gnu/H-x86_64-pc-linux-gnu/bin/../lib/gcc/nios2-elf/4.8.3/../../../../../H-x86_64-pc-linux-gnu/nios2-elf/lib/libc.a(lib_a-mprec.o)
                0x0000000000151198                __mprec_tinytens
                0x00000000001511c0                __mprec_bigtens
                0x00000000001511e8                __mprec_tens
 .rodata.str1.4
                0x0000000000000000       0x30 /opt/altera/14.1/nios2eds/bin/gnu/H-x86_64-pc-linux-gnu/bin/../lib/gcc/nios2-elf/4.8.3/../../../../../H-x86_64-pc-linux-gnu/nios2-elf/lib/libc.a(lib_a-vfiprintf.o)
 .rodata        0x00000000001512b0       0x20 /opt/altera/14.1/nios2eds/bin/gnu/H-x86_64-pc-linux-gnu/bin/../lib/gcc/nios2-elf/4.8.3/../../../../../H-x86_64-pc-linux-gnu/nios2-elf/lib/libc.a(lib_a-vfiprintf.o)
 .rodata        0x00000000001512d0        0xc ../KKNios_bsp//libhal_bsp.a(alt_dev.o)
 .rodata        0x00000000001512dc       0x10 ../KKNios_bsp//libhal_bsp.a(alt_main.o)
 .rodata        0x00000000001512ec       0x10 ../KKNios_bsp//libhal_bsp.a(alt_sys_init.o)
 .rodata        0x00000000001512fc      0x100 ../KKNios_bsp//libhal_bsp.a(perf_print_formatted_report.o)
 *(.rodata1)
                0x00000000001513fc                . = ALIGN (0x4)
                0x00000000001513fc                PROVIDE (__ram_rodata_end, ABSOLUTE (.))
                0x0000000000150ebc                PROVIDE (__flash_rodata_start, LOADADDR (.rodata))

.rwdata         0x00000000001513fc     0x1aec
                0x00000000001513fc                PROVIDE (__ram_rwdata_start, ABSOLUTE (.))
                0x00000000001513fc                . = ALIGN (0x4)
 *(.got.plt)
 *(.got)
 *(.data1)
 *(.data .data.* .gnu.linkonce.d.*)
 .data          0x00000000001513fc        0x0 ../KKNios_bsp//obj/HAL/src/crt0.o
 .data          0x00000000001513fc        0x0 obj/default/main.o
 .data          0x00000000001513fc        0x0 /opt/altera/14.1/nios2eds/bin/gnu/H-x86_64-pc-linux-gnu/bin/../lib/gcc/nios2-elf/4.8.3/libgcc.a(addsf3.o)
 .data          0x00000000001513fc        0x0 /opt/altera/14.1/nios2eds/bin/gnu/H-x86_64-pc-linux-gnu/bin/../lib/gcc/nios2-elf/4.8.3/libgcc.a(divsf3.o)
 .data          0x00000000001513fc        0x0 /opt/altera/14.1/nios2eds/bin/gnu/H-x86_64-pc-linux-gnu/bin/../lib/gcc/nios2-elf/4.8.3/libgcc.a(mulsf3.o)
 .data          0x00000000001513fc        0x0 /opt/altera/14.1/nios2eds/bin/gnu/H-x86_64-pc-linux-gnu/bin/../lib/gcc/nios2-elf/4.8.3/libgcc.a(subsf3.o)
 .data          0x00000000001513fc        0x0 /opt/altera/14.1/nios2eds/bin/gnu/H-x86_64-pc-linux-gnu/bin/../lib/gcc/nios2-elf/4.8.3/libgcc.a(fixsfsi.o)
 .data          0x00000000001513fc        0x0 /opt/altera/14.1/nios2eds/bin/gnu/H-x86_64-pc-linux-gnu/bin/../lib/gcc/nios2-elf/4.8.3/libgcc.a(floatsisf.o)
 .data          0x00000000001513fc        0x0 /opt/altera/14.1/nios2eds/bin/gnu/H-x86_64-pc-linux-gnu/bin/../lib/gcc/nios2-elf/4.8.3/libgcc.a(extendsfdf2.o)
 .data          0x00000000001513fc        0x0 /opt/altera/14.1/nios2eds/bin/gnu/H-x86_64-pc-linux-gnu/bin/../lib/gcc/nios2-elf/4.8.3/libgcc.a(_clzsi2.o)
 .data          0x00000000001513fc        0x0 /opt/altera/14.1/nios2eds/bin/gnu/H-x86_64-pc-linux-gnu/bin/../lib/gcc/nios2-elf/4.8.3/libgcc.a(_clz.o)
 .data          0x00000000001513fc        0x0 /opt/altera/14.1/nios2eds/bin/gnu/H-x86_64-pc-linux-gnu/bin/../lib/gcc/nios2-elf/4.8.3/../../../../../H-x86_64-pc-linux-gnu/nios2-elf/lib/libc.a(lib_a-memcpy.o)
 .data          0x00000000001513fc        0x0 /opt/altera/14.1/nios2eds/bin/gnu/H-x86_64-pc-linux-gnu/bin/../lib/gcc/nios2-elf/4.8.3/../../../../../H-x86_64-pc-linux-gnu/nios2-elf/lib/libc.a(lib_a-printf.o)
 .data          0x00000000001513fc        0x0 /opt/altera/14.1/nios2eds/bin/gnu/H-x86_64-pc-linux-gnu/bin/../lib/gcc/nios2-elf/4.8.3/../../../../../H-x86_64-pc-linux-gnu/nios2-elf/lib/libc.a(lib_a-putchar.o)
 .data          0x00000000001513fc        0x0 /opt/altera/14.1/nios2eds/bin/gnu/H-x86_64-pc-linux-gnu/bin/../lib/gcc/nios2-elf/4.8.3/../../../../../H-x86_64-pc-linux-gnu/nios2-elf/lib/libc.a(lib_a-puts.o)
 .data          0x00000000001513fc        0x0 /opt/altera/14.1/nios2eds/bin/gnu/H-x86_64-pc-linux-gnu/bin/../lib/gcc/nios2-elf/4.8.3/../../../../../H-x86_64-pc-linux-gnu/nios2-elf/lib/libc.a(lib_a-strlen.o)
 .data          0x00000000001513fc        0x0 /opt/altera/14.1/nios2eds/bin/gnu/H-x86_64-pc-linux-gnu/bin/../lib/gcc/nios2-elf/4.8.3/../../../../../H-x86_64-pc-linux-gnu/nios2-elf/lib/libc.a(lib_a-vfprintf.o)
 .data          0x00000000001513fc        0x0 /opt/altera/14.1/nios2eds/bin/gnu/H-x86_64-pc-linux-gnu/bin/../lib/gcc/nios2-elf/4.8.3/../../../../../H-x86_64-pc-linux-gnu/nios2-elf/lib/libc.a(lib_a-wsetup.o)
 .data          0x00000000001513fc        0x0 /opt/altera/14.1/nios2eds/bin/gnu/H-x86_64-pc-linux-gnu/bin/../lib/gcc/nios2-elf/4.8.3/../../../../../H-x86_64-pc-linux-gnu/nios2-elf/lib/libc.a(lib_a-dtoa.o)
 .data          0x00000000001513fc        0x0 /opt/altera/14.1/nios2eds/bin/gnu/H-x86_64-pc-linux-gnu/bin/../lib/gcc/nios2-elf/4.8.3/../../../../../H-x86_64-pc-linux-gnu/nios2-elf/lib/libc.a(lib_a-fflush.o)
 .data          0x00000000001513fc        0x0 /opt/altera/14.1/nios2eds/bin/gnu/H-x86_64-pc-linux-gnu/bin/../lib/gcc/nios2-elf/4.8.3/../../../../../H-x86_64-pc-linux-gnu/nios2-elf/lib/libc.a(lib_a-findfp.o)
 .data          0x00000000001513fc        0x0 /opt/altera/14.1/nios2eds/bin/gnu/H-x86_64-pc-linux-gnu/bin/../lib/gcc/nios2-elf/4.8.3/../../../../../H-x86_64-pc-linux-gnu/nios2-elf/lib/libc.a(lib_a-freer.o)
 .data          0x00000000001513fc        0x0 /opt/altera/14.1/nios2eds/bin/gnu/H-x86_64-pc-linux-gnu/bin/../lib/gcc/nios2-elf/4.8.3/../../../../../H-x86_64-pc-linux-gnu/nios2-elf/lib/libc.a(lib_a-fvwrite.o)
 .data          0x00000000001513fc        0x0 /opt/altera/14.1/nios2eds/bin/gnu/H-x86_64-pc-linux-gnu/bin/../lib/gcc/nios2-elf/4.8.3/../../../../../H-x86_64-pc-linux-gnu/nios2-elf/lib/libc.a(lib_a-fwalk.o)
 .data          0x00000000001513fc      0x424 /opt/altera/14.1/nios2eds/bin/gnu/H-x86_64-pc-linux-gnu/bin/../lib/gcc/nios2-elf/4.8.3/../../../../../H-x86_64-pc-linux-gnu/nios2-elf/lib/libc.a(lib_a-impure.o)
 .data          0x0000000000151820       0x78 /opt/altera/14.1/nios2eds/bin/gnu/H-x86_64-pc-linux-gnu/bin/../lib/gcc/nios2-elf/4.8.3/../../../../../H-x86_64-pc-linux-gnu/nios2-elf/lib/libc.a(lib_a-locale.o)
 .data          0x0000000000151898        0x0 /opt/altera/14.1/nios2eds/bin/gnu/H-x86_64-pc-linux-gnu/bin/../lib/gcc/nios2-elf/4.8.3/../../../../../H-x86_64-pc-linux-gnu/nios2-elf/lib/libc.a(lib_a-makebuf.o)
 .data          0x0000000000151898      0x408 /opt/altera/14.1/nios2eds/bin/gnu/H-x86_64-pc-linux-gnu/bin/../lib/gcc/nios2-elf/4.8.3/../../../../../H-x86_64-pc-linux-gnu/nios2-elf/lib/libc.a(lib_a-mallocr.o)
                0x0000000000151898                __malloc_av_
 .data          0x0000000000151ca0        0x0 /opt/altera/14.1/nios2eds/bin/gnu/H-x86_64-pc-linux-gnu/bin/../lib/gcc/nios2-elf/4.8.3/../../../../../H-x86_64-pc-linux-gnu/nios2-elf/lib/libc.a(lib_a-memchr.o)
 .data          0x0000000000151ca0        0x0 /opt/altera/14.1/nios2eds/bin/gnu/H-x86_64-pc-linux-gnu/bin/../lib/gcc/nios2-elf/4.8.3/../../../../../H-x86_64-pc-linux-gnu/nios2-elf/lib/libc.a(lib_a-memmove.o)
 .data          0x0000000000151ca0        0x0 /opt/altera/14.1/nios2eds/bin/gnu/H-x86_64-pc-linux-gnu/bin/../lib/gcc/nios2-elf/4.8.3/../../../../../H-x86_64-pc-linux-gnu/nios2-elf/lib/libc.a(lib_a-memset.o)
 .data          0x0000000000151ca0        0x0 /opt/altera/14.1/nios2eds/bin/gnu/H-x86_64-pc-linux-gnu/bin/../lib/gcc/nios2-elf/4.8.3/../../../../../H-x86_64-pc-linux-gnu/nios2-elf/lib/libc.a(lib_a-mprec.o)
 .data          0x0000000000151ca0        0x0 /opt/altera/14.1/nios2eds/bin/gnu/H-x86_64-pc-linux-gnu/bin/../lib/gcc/nios2-elf/4.8.3/../../../../../H-x86_64-pc-linux-gnu/nios2-elf/lib/libc.a(lib_a-putc.o)
 .data          0x0000000000151ca0        0x0 /opt/altera/14.1/nios2eds/bin/gnu/H-x86_64-pc-linux-gnu/bin/../lib/gcc/nios2-elf/4.8.3/../../../../../H-x86_64-pc-linux-gnu/nios2-elf/lib/libc.a(lib_a-reallocr.o)
 .data          0x0000000000151ca0        0x0 /opt/altera/14.1/nios2eds/bin/gnu/H-x86_64-pc-linux-gnu/bin/../lib/gcc/nios2-elf/4.8.3/../../../../../H-x86_64-pc-linux-gnu/nios2-elf/lib/libc.a(lib_a-s_fpclassify.o)
 .data          0x0000000000151ca0        0x0 /opt/altera/14.1/nios2eds/bin/gnu/H-x86_64-pc-linux-gnu/bin/../lib/gcc/nios2-elf/4.8.3/../../../../../H-x86_64-pc-linux-gnu/nios2-elf/lib/libc.a(lib_a-sbrkr.o)
 .data          0x0000000000151ca0        0x0 /opt/altera/14.1/nios2eds/bin/gnu/H-x86_64-pc-linux-gnu/bin/../lib/gcc/nios2-elf/4.8.3/../../../../../H-x86_64-pc-linux-gnu/nios2-elf/lib/libc.a(lib_a-stdio.o)
 .data          0x0000000000151ca0        0x0 /opt/altera/14.1/nios2eds/bin/gnu/H-x86_64-pc-linux-gnu/bin/../lib/gcc/nios2-elf/4.8.3/../../../../../H-x86_64-pc-linux-gnu/nios2-elf/lib/libc.a(lib_a-strcmp.o)
 .data          0x0000000000151ca0        0x0 /opt/altera/14.1/nios2eds/bin/gnu/H-x86_64-pc-linux-gnu/bin/../lib/gcc/nios2-elf/4.8.3/../../../../../H-x86_64-pc-linux-gnu/nios2-elf/lib/libc.a(lib_a-vfiprintf.o)
 .data          0x0000000000151ca0        0x0 /opt/altera/14.1/nios2eds/bin/gnu/H-x86_64-pc-linux-gnu/bin/../lib/gcc/nios2-elf/4.8.3/../../../../../H-x86_64-pc-linux-gnu/nios2-elf/lib/libc.a(lib_a-wbuf.o)
 .data          0x0000000000151ca0        0x0 /opt/altera/14.1/nios2eds/bin/gnu/H-x86_64-pc-linux-gnu/bin/../lib/gcc/nios2-elf/4.8.3/../../../../../H-x86_64-pc-linux-gnu/nios2-elf/lib/libc.a(lib_a-writer.o)
 .data          0x0000000000151ca0        0x0 /opt/altera/14.1/nios2eds/bin/gnu/H-x86_64-pc-linux-gnu/bin/../lib/gcc/nios2-elf/4.8.3/../../../../../H-x86_64-pc-linux-gnu/nios2-elf/lib/libc.a(closer.o)
 .data          0x0000000000151ca0        0x0 /opt/altera/14.1/nios2eds/bin/gnu/H-x86_64-pc-linux-gnu/bin/../lib/gcc/nios2-elf/4.8.3/../../../../../H-x86_64-pc-linux-gnu/nios2-elf/lib/libc.a(lib_a-callocr.o)
 .data          0x0000000000151ca0        0x0 /opt/altera/14.1/nios2eds/bin/gnu/H-x86_64-pc-linux-gnu/bin/../lib/gcc/nios2-elf/4.8.3/../../../../../H-x86_64-pc-linux-gnu/nios2-elf/lib/libc.a(lib_a-fclose.o)
 .data          0x0000000000151ca0        0x0 /opt/altera/14.1/nios2eds/bin/gnu/H-x86_64-pc-linux-gnu/bin/../lib/gcc/nios2-elf/4.8.3/../../../../../H-x86_64-pc-linux-gnu/nios2-elf/lib/libc.a(lib_a-fputwc.o)
 .data          0x0000000000151ca0        0x0 /opt/altera/14.1/nios2eds/bin/gnu/H-x86_64-pc-linux-gnu/bin/../lib/gcc/nios2-elf/4.8.3/../../../../../H-x86_64-pc-linux-gnu/nios2-elf/lib/libc.a(lib_a-fstatr.o)
 .data          0x0000000000151ca0        0x0 /opt/altera/14.1/nios2eds/bin/gnu/H-x86_64-pc-linux-gnu/bin/../lib/gcc/nios2-elf/4.8.3/../../../../../H-x86_64-pc-linux-gnu/nios2-elf/lib/libc.a(lib_a-int_errno.o)
 .data          0x0000000000151ca0        0x0 /opt/altera/14.1/nios2eds/bin/gnu/H-x86_64-pc-linux-gnu/bin/../lib/gcc/nios2-elf/4.8.3/../../../../../H-x86_64-pc-linux-gnu/nios2-elf/lib/libc.a(lib_a-isattyr.o)
 .data          0x0000000000151ca0        0x0 /opt/altera/14.1/nios2eds/bin/gnu/H-x86_64-pc-linux-gnu/bin/../lib/gcc/nios2-elf/4.8.3/../../../../../H-x86_64-pc-linux-gnu/nios2-elf/lib/libc.a(lib_a-lseekr.o)
 .data          0x0000000000151ca0        0x0 /opt/altera/14.1/nios2eds/bin/gnu/H-x86_64-pc-linux-gnu/bin/../lib/gcc/nios2-elf/4.8.3/../../../../../H-x86_64-pc-linux-gnu/nios2-elf/lib/libc.a(lib_a-readr.o)
 .data          0x0000000000151ca0        0x0 /opt/altera/14.1/nios2eds/bin/gnu/H-x86_64-pc-linux-gnu/bin/../lib/gcc/nios2-elf/4.8.3/../../../../../H-x86_64-pc-linux-gnu/nios2-elf/lib/libc.a(lib_a-wcrtomb.o)
 .data          0x0000000000151ca0        0x0 /opt/altera/14.1/nios2eds/bin/gnu/H-x86_64-pc-linux-gnu/bin/../lib/gcc/nios2-elf/4.8.3/../../../../../H-x86_64-pc-linux-gnu/nios2-elf/lib/libc.a(lib_a-wctomb_r.o)
 .data          0x0000000000151ca0        0x0 /opt/altera/14.1/nios2eds/bin/gnu/H-x86_64-pc-linux-gnu/bin/../lib/gcc/nios2-elf/4.8.3/libgcc.a(_udivdi3.o)
 .data          0x0000000000151ca0        0x0 /opt/altera/14.1/nios2eds/bin/gnu/H-x86_64-pc-linux-gnu/bin/../lib/gcc/nios2-elf/4.8.3/libgcc.a(_umoddi3.o)
 .data          0x0000000000151ca0        0x0 /opt/altera/14.1/nios2eds/bin/gnu/H-x86_64-pc-linux-gnu/bin/../lib/gcc/nios2-elf/4.8.3/libgcc.a(lib2-divmod.o)
 .data          0x0000000000151ca0        0x0 /opt/altera/14.1/nios2eds/bin/gnu/H-x86_64-pc-linux-gnu/bin/../lib/gcc/nios2-elf/4.8.3/libgcc.a(adddf3.o)
 .data          0x0000000000151ca0        0x0 /opt/altera/14.1/nios2eds/bin/gnu/H-x86_64-pc-linux-gnu/bin/../lib/gcc/nios2-elf/4.8.3/libgcc.a(divdf3.o)
 .data          0x0000000000151ca0        0x0 /opt/altera/14.1/nios2eds/bin/gnu/H-x86_64-pc-linux-gnu/bin/../lib/gcc/nios2-elf/4.8.3/libgcc.a(eqdf2.o)
 .data          0x0000000000151ca0        0x0 /opt/altera/14.1/nios2eds/bin/gnu/H-x86_64-pc-linux-gnu/bin/../lib/gcc/nios2-elf/4.8.3/libgcc.a(gedf2.o)
 .data          0x0000000000151ca0        0x0 /opt/altera/14.1/nios2eds/bin/gnu/H-x86_64-pc-linux-gnu/bin/../lib/gcc/nios2-elf/4.8.3/libgcc.a(ledf2.o)
 .data          0x0000000000151ca0        0x0 /opt/altera/14.1/nios2eds/bin/gnu/H-x86_64-pc-linux-gnu/bin/../lib/gcc/nios2-elf/4.8.3/libgcc.a(muldf3.o)
 .data          0x0000000000151ca0        0x0 /opt/altera/14.1/nios2eds/bin/gnu/H-x86_64-pc-linux-gnu/bin/../lib/gcc/nios2-elf/4.8.3/libgcc.a(subdf3.o)
 .data          0x0000000000151ca0        0x0 /opt/altera/14.1/nios2eds/bin/gnu/H-x86_64-pc-linux-gnu/bin/../lib/gcc/nios2-elf/4.8.3/libgcc.a(fixdfsi.o)
 .data          0x0000000000151ca0        0x0 /opt/altera/14.1/nios2eds/bin/gnu/H-x86_64-pc-linux-gnu/bin/../lib/gcc/nios2-elf/4.8.3/libgcc.a(floatsidf.o)
 .data          0x0000000000151ca0        0x0 /opt/altera/14.1/nios2eds/bin/gnu/H-x86_64-pc-linux-gnu/bin/../lib/gcc/nios2-elf/4.8.3/libgcc.a(floatunsidf.o)
 .data          0x0000000000151ca0        0x0 ../KKNios_bsp//libhal_bsp.a(alt_close.o)
 .data          0x0000000000151ca0      0x1a8 ../KKNios_bsp//libhal_bsp.a(alt_dev.o)
                0x0000000000151ca0                alt_dev_null
                0x0000000000151cc8                alt_fd_list
 .data          0x0000000000151e48        0x0 ../KKNios_bsp//libhal_bsp.a(alt_errno.o)
 .data          0x0000000000151e48        0x0 ../KKNios_bsp//libhal_bsp.a(alt_fstat.o)
 .data          0x0000000000151e48        0x0 ../KKNios_bsp//libhal_bsp.a(alt_isatty.o)
 .data          0x0000000000151e48        0x0 ../KKNios_bsp//libhal_bsp.a(alt_lseek.o)
 .data          0x0000000000151e48        0x0 ../KKNios_bsp//libhal_bsp.a(alt_main.o)
 .data          0x0000000000151e48        0x0 ../KKNios_bsp//libhal_bsp.a(alt_malloc_lock.o)
 .data          0x0000000000151e48        0x0 ../KKNios_bsp//libhal_bsp.a(alt_read.o)
 .data          0x0000000000151e48        0x0 ../KKNios_bsp//libhal_bsp.a(alt_release_fd.o)
 .data          0x0000000000151e48        0x0 ../KKNios_bsp//libhal_bsp.a(alt_sbrk.o)
 .data          0x0000000000151e48        0x0 ../KKNios_bsp//libhal_bsp.a(alt_write.o)
 .data          0x0000000000151e48     0x1060 ../KKNios_bsp//libhal_bsp.a(alt_sys_init.o)
 .data          0x0000000000152ea8        0x0 ../KKNios_bsp//libhal_bsp.a(altera_avalon_jtag_uart_fd.o)
 .data          0x0000000000152ea8        0x0 ../KKNios_bsp//libhal_bsp.a(altera_avalon_jtag_uart_init.o)
 .data          0x0000000000152ea8        0x0 ../KKNios_bsp//libhal_bsp.a(altera_avalon_jtag_uart_ioctl.o)
 .data          0x0000000000152ea8        0x0 ../KKNios_bsp//libhal_bsp.a(altera_avalon_jtag_uart_read.o)
 .data          0x0000000000152ea8        0x0 ../KKNios_bsp//libhal_bsp.a(altera_avalon_jtag_uart_write.o)
 .data          0x0000000000152ea8        0x0 ../KKNios_bsp//libhal_bsp.a(altera_avalon_timer_sc.o)
 .data          0x0000000000152ea8        0x0 ../KKNios_bsp//libhal_bsp.a(altera_avalon_timer_vars.o)
 .data          0x0000000000152ea8        0x0 ../KKNios_bsp//libhal_bsp.a(perf_print_formatted_report.o)
 .data          0x0000000000152ea8        0x0 ../KKNios_bsp//libhal_bsp.a(alt_alarm_start.o)
 .data          0x0000000000152ea8        0x0 ../KKNios_bsp//libhal_bsp.a(alt_dev_llist_insert.o)
 .data          0x0000000000152ea8        0x0 ../KKNios_bsp//libhal_bsp.a(alt_do_ctors.o)
 .data          0x0000000000152ea8        0x0 ../KKNios_bsp//libhal_bsp.a(alt_do_dtors.o)
 .data          0x0000000000152ea8        0x0 ../KKNios_bsp//libhal_bsp.a(alt_iic.o)
 .data          0x0000000000152ea8        0x0 ../KKNios_bsp//libhal_bsp.a(alt_iic_isr_register.o)
 .data          0x0000000000152ea8        0x0 ../KKNios_bsp//libhal_bsp.a(alt_io_redirect.o)
 .data          0x0000000000152ea8        0x0 ../KKNios_bsp//libhal_bsp.a(alt_irq_entry.o)
 .data          0x0000000000152ea8        0x0 ../KKNios_bsp//libhal_bsp.a(alt_irq_handler.o)
 .data          0x0000000000152ea8        0x0 ../KKNios_bsp//libhal_bsp.a(alt_irq_vars.o)
 .data          0x0000000000152ea8        0x0 ../KKNios_bsp//libhal_bsp.a(alt_open.o)
 .data          0x0000000000152ea8        0x0 ../KKNios_bsp//libhal_bsp.a(alt_tick.o)
 .data          0x0000000000152ea8        0x0 ../KKNios_bsp//libhal_bsp.a(altera_nios2_gen2_irq.o)
 .data          0x0000000000152ea8        0x0 ../KKNios_bsp//libhal_bsp.a(altera_avalon_performance_counter.o)
 .data          0x0000000000152ea8        0x0 ../KKNios_bsp//libhal_bsp.a(alt_exception_entry.o)
 .data          0x0000000000152ea8        0x0 ../KKNios_bsp//libhal_bsp.a(alt_find_dev.o)
 .data          0x0000000000152ea8        0x0 ../KKNios_bsp//libhal_bsp.a(alt_find_file.o)
 .data          0x0000000000152ea8        0x0 ../KKNios_bsp//libhal_bsp.a(alt_get_fd.o)
 .data          0x0000000000152ea8        0x0 /opt/altera/14.1/nios2eds/bin/gnu/H-x86_64-pc-linux-gnu/bin/../lib/gcc/nios2-elf/4.8.3/../../../../../H-x86_64-pc-linux-gnu/nios2-elf/lib/libc.a(lib_a-atexit.o)
 .data          0x0000000000152ea8        0x0 /opt/altera/14.1/nios2eds/bin/gnu/H-x86_64-pc-linux-gnu/bin/../lib/gcc/nios2-elf/4.8.3/../../../../../H-x86_64-pc-linux-gnu/nios2-elf/lib/libc.a(lib_a-exit.o)
 .data          0x0000000000152ea8        0x0 /opt/altera/14.1/nios2eds/bin/gnu/H-x86_64-pc-linux-gnu/bin/../lib/gcc/nios2-elf/4.8.3/../../../../../H-x86_64-pc-linux-gnu/nios2-elf/lib/libc.a(lib_a-memcmp.o)
 .data          0x0000000000152ea8        0x0 /opt/altera/14.1/nios2eds/bin/gnu/H-x86_64-pc-linux-gnu/bin/../lib/gcc/nios2-elf/4.8.3/../../../../../H-x86_64-pc-linux-gnu/nios2-elf/lib/libc.a(lib_a-__atexit.o)
 .data          0x0000000000152ea8        0x0 /opt/altera/14.1/nios2eds/bin/gnu/H-x86_64-pc-linux-gnu/bin/../lib/gcc/nios2-elf/4.8.3/../../../../../H-x86_64-pc-linux-gnu/nios2-elf/lib/libc.a(lib_a-__call_atexit.o)
 .data          0x0000000000152ea8        0x0 /opt/altera/14.1/nios2eds/bin/gnu/H-x86_64-pc-linux-gnu/bin/../lib/gcc/nios2-elf/4.8.3/libgcc.a(_floatundidf.o)
 .data          0x0000000000152ea8        0x0 ../KKNios_bsp//libhal_bsp.a(alt_exit.o)
                0x000000000015aea8                _gp = ABSOLUTE ((. + 0x8000))
                0x000000000015aea8                PROVIDE (gp, _gp)
 *(.rwdata .rwdata.*)
 *(.sdata .sdata.* .gnu.linkonce.s.*)
 .sdata         0x0000000000152ea8        0x8 /opt/altera/14.1/nios2eds/bin/gnu/H-x86_64-pc-linux-gnu/bin/../lib/gcc/nios2-elf/4.8.3/../../../../../H-x86_64-pc-linux-gnu/nios2-elf/lib/libc.a(lib_a-impure.o)
                0x0000000000152ea8                _global_impure_ptr
                0x0000000000152eac                _impure_ptr
 .sdata         0x0000000000152eb0        0x4 /opt/altera/14.1/nios2eds/bin/gnu/H-x86_64-pc-linux-gnu/bin/../lib/gcc/nios2-elf/4.8.3/../../../../../H-x86_64-pc-linux-gnu/nios2-elf/lib/libc.a(lib_a-locale.o)
                0x0000000000152eb0                __mb_cur_max
 .sdata         0x0000000000152eb4        0x8 /opt/altera/14.1/nios2eds/bin/gnu/H-x86_64-pc-linux-gnu/bin/../lib/gcc/nios2-elf/4.8.3/../../../../../H-x86_64-pc-linux-gnu/nios2-elf/lib/libc.a(lib_a-mallocr.o)
                0x0000000000152eb4                __malloc_sbrk_base
                0x0000000000152eb8                __malloc_trim_threshold
 .sdata         0x0000000000152ebc        0x4 /opt/altera/14.1/nios2eds/bin/gnu/H-x86_64-pc-linux-gnu/bin/../lib/gcc/nios2-elf/4.8.3/../../../../../H-x86_64-pc-linux-gnu/nios2-elf/lib/libc.a(lib_a-wctomb_r.o)
                0x0000000000152ebc                __wctomb
 .sdata         0x0000000000152ec0       0x14 ../KKNios_bsp//libhal_bsp.a(alt_dev.o)
                0x0000000000152ec0                alt_fs_list
                0x0000000000152ec8                alt_dev_list
                0x0000000000152ed0                alt_max_fd
 .sdata         0x0000000000152ed4        0x4 ../KKNios_bsp//libhal_bsp.a(alt_errno.o)
                0x0000000000152ed4                alt_errno
 .sdata         0x0000000000152ed8        0x4 ../KKNios_bsp//libhal_bsp.a(alt_sbrk.o)
 .sdata         0x0000000000152edc        0x4 ../KKNios_bsp//libhal_bsp.a(alt_irq_vars.o)
                0x0000000000152edc                alt_priority_mask
 .sdata         0x0000000000152ee0        0x8 ../KKNios_bsp//libhal_bsp.a(alt_tick.o)
                0x0000000000152ee0                alt_alarm_list
 *(.sdata2 .sdata2.* .gnu.linkonce.s2.*)
                0x0000000000152ee8                . = ALIGN (0x4)
                0x0000000000152ee8                _edata = ABSOLUTE (.)
                0x0000000000152ee8                PROVIDE (edata, ABSOLUTE (.))
                0x0000000000152ee8                PROVIDE (__ram_rwdata_end, ABSOLUTE (.))
                0x00000000001513fc                PROVIDE (__flash_rwdata_start, LOADADDR (.rwdata))

.bss            0x0000000000152ee8      0x164
                0x0000000000152ee8                __bss_start = ABSOLUTE (.)
                0x0000000000152ee8                PROVIDE (__sbss_start, ABSOLUTE (.))
                0x0000000000152ee8                PROVIDE (___sbss_start, ABSOLUTE (.))
 *(.dynsbss)
 *(.sbss .sbss.* .gnu.linkonce.sb.*)
 .sbss          0x0000000000152ee8        0xc /opt/altera/14.1/nios2eds/bin/gnu/H-x86_64-pc-linux-gnu/bin/../lib/gcc/nios2-elf/4.8.3/../../../../../H-x86_64-pc-linux-gnu/nios2-elf/lib/libc.a(lib_a-locale.o)
                0x0000000000152ee8                _PathLocale
                0x0000000000152eec                __mlocale_changed
                0x0000000000152ef0                __nlocale_changed
 .sbss          0x0000000000152ef4        0xc /opt/altera/14.1/nios2eds/bin/gnu/H-x86_64-pc-linux-gnu/bin/../lib/gcc/nios2-elf/4.8.3/../../../../../H-x86_64-pc-linux-gnu/nios2-elf/lib/libc.a(lib_a-mallocr.o)
                0x0000000000152ef4                __malloc_max_total_mem
                0x0000000000152ef8                __malloc_max_sbrked_mem
                0x0000000000152efc                __malloc_top_pad
 .sbss          0x0000000000152f00        0x4 /opt/altera/14.1/nios2eds/bin/gnu/H-x86_64-pc-linux-gnu/bin/../lib/gcc/nios2-elf/4.8.3/../../../../../H-x86_64-pc-linux-gnu/nios2-elf/lib/libc.a(lib_a-int_errno.o)
                0x0000000000152f00                errno
 .sbss          0x0000000000152f04        0xc ../KKNios_bsp//libhal_bsp.a(alt_main.o)
                0x0000000000152f04                alt_argc
                0x0000000000152f08                alt_argv
                0x0000000000152f0c                alt_envp
 .sbss          0x0000000000152f10        0x8 ../KKNios_bsp//libhal_bsp.a(altera_avalon_timer_vars.o)
                0x0000000000152f10                altera_avalon_timer_ts_base
                0x0000000000152f14                altera_avalon_timer_ts_freq
 .sbss          0x0000000000152f18        0x4 ../KKNios_bsp//libhal_bsp.a(alt_irq_vars.o)
                0x0000000000152f18                alt_irq_active
 .sbss          0x0000000000152f1c        0x8 ../KKNios_bsp//libhal_bsp.a(alt_tick.o)
                0x0000000000152f1c                _alt_tick_rate
                0x0000000000152f20                _alt_nticks
 *(.sbss2 .sbss2.* .gnu.linkonce.sb2.*)
 *(.scommon)
                0x0000000000152f24                PROVIDE (__sbss_end, ABSOLUTE (.))
                0x0000000000152f24                PROVIDE (___sbss_end, ABSOLUTE (.))
 *(.dynbss)
 *(.bss .bss.* .gnu.linkonce.b.*)
 .bss           0x0000000000152f24        0x0 ../KKNios_bsp//obj/HAL/src/crt0.o
 .bss           0x0000000000152f24        0x0 obj/default/main.o
 .bss           0x0000000000152f24        0x0 /opt/altera/14.1/nios2eds/bin/gnu/H-x86_64-pc-linux-gnu/bin/../lib/gcc/nios2-elf/4.8.3/libgcc.a(addsf3.o)
 .bss           0x0000000000152f24        0x0 /opt/altera/14.1/nios2eds/bin/gnu/H-x86_64-pc-linux-gnu/bin/../lib/gcc/nios2-elf/4.8.3/libgcc.a(divsf3.o)
 .bss           0x0000000000152f24        0x0 /opt/altera/14.1/nios2eds/bin/gnu/H-x86_64-pc-linux-gnu/bin/../lib/gcc/nios2-elf/4.8.3/libgcc.a(mulsf3.o)
 .bss           0x0000000000152f24        0x0 /opt/altera/14.1/nios2eds/bin/gnu/H-x86_64-pc-linux-gnu/bin/../lib/gcc/nios2-elf/4.8.3/libgcc.a(subsf3.o)
 .bss           0x0000000000152f24        0x0 /opt/altera/14.1/nios2eds/bin/gnu/H-x86_64-pc-linux-gnu/bin/../lib/gcc/nios2-elf/4.8.3/libgcc.a(fixsfsi.o)
 .bss           0x0000000000152f24        0x0 /opt/altera/14.1/nios2eds/bin/gnu/H-x86_64-pc-linux-gnu/bin/../lib/gcc/nios2-elf/4.8.3/libgcc.a(floatsisf.o)
 .bss           0x0000000000152f24        0x0 /opt/altera/14.1/nios2eds/bin/gnu/H-x86_64-pc-linux-gnu/bin/../lib/gcc/nios2-elf/4.8.3/libgcc.a(extendsfdf2.o)
 .bss           0x0000000000152f24        0x0 /opt/altera/14.1/nios2eds/bin/gnu/H-x86_64-pc-linux-gnu/bin/../lib/gcc/nios2-elf/4.8.3/libgcc.a(_clzsi2.o)
 .bss           0x0000000000152f24        0x0 /opt/altera/14.1/nios2eds/bin/gnu/H-x86_64-pc-linux-gnu/bin/../lib/gcc/nios2-elf/4.8.3/libgcc.a(_clz.o)
 .bss           0x0000000000152f24        0x0 /opt/altera/14.1/nios2eds/bin/gnu/H-x86_64-pc-linux-gnu/bin/../lib/gcc/nios2-elf/4.8.3/../../../../../H-x86_64-pc-linux-gnu/nios2-elf/lib/libc.a(lib_a-memcpy.o)
 .bss           0x0000000000152f24        0x0 /opt/altera/14.1/nios2eds/bin/gnu/H-x86_64-pc-linux-gnu/bin/../lib/gcc/nios2-elf/4.8.3/../../../../../H-x86_64-pc-linux-gnu/nios2-elf/lib/libc.a(lib_a-printf.o)
 .bss           0x0000000000152f24        0x0 /opt/altera/14.1/nios2eds/bin/gnu/H-x86_64-pc-linux-gnu/bin/../lib/gcc/nios2-elf/4.8.3/../../../../../H-x86_64-pc-linux-gnu/nios2-elf/lib/libc.a(lib_a-putchar.o)
 .bss           0x0000000000152f24        0x0 /opt/altera/14.1/nios2eds/bin/gnu/H-x86_64-pc-linux-gnu/bin/../lib/gcc/nios2-elf/4.8.3/../../../../../H-x86_64-pc-linux-gnu/nios2-elf/lib/libc.a(lib_a-puts.o)
 .bss           0x0000000000152f24        0x0 /opt/altera/14.1/nios2eds/bin/gnu/H-x86_64-pc-linux-gnu/bin/../lib/gcc/nios2-elf/4.8.3/../../../../../H-x86_64-pc-linux-gnu/nios2-elf/lib/libc.a(lib_a-strlen.o)
 .bss           0x0000000000152f24        0x0 /opt/altera/14.1/nios2eds/bin/gnu/H-x86_64-pc-linux-gnu/bin/../lib/gcc/nios2-elf/4.8.3/../../../../../H-x86_64-pc-linux-gnu/nios2-elf/lib/libc.a(lib_a-vfprintf.o)
 .bss           0x0000000000152f24        0x0 /opt/altera/14.1/nios2eds/bin/gnu/H-x86_64-pc-linux-gnu/bin/../lib/gcc/nios2-elf/4.8.3/../../../../../H-x86_64-pc-linux-gnu/nios2-elf/lib/libc.a(lib_a-wsetup.o)
 .bss           0x0000000000152f24        0x0 /opt/altera/14.1/nios2eds/bin/gnu/H-x86_64-pc-linux-gnu/bin/../lib/gcc/nios2-elf/4.8.3/../../../../../H-x86_64-pc-linux-gnu/nios2-elf/lib/libc.a(lib_a-dtoa.o)
 .bss           0x0000000000152f24        0x0 /opt/altera/14.1/nios2eds/bin/gnu/H-x86_64-pc-linux-gnu/bin/../lib/gcc/nios2-elf/4.8.3/../../../../../H-x86_64-pc-linux-gnu/nios2-elf/lib/libc.a(lib_a-fflush.o)
 .bss           0x0000000000152f24        0x0 /opt/altera/14.1/nios2eds/bin/gnu/H-x86_64-pc-linux-gnu/bin/../lib/gcc/nios2-elf/4.8.3/../../../../../H-x86_64-pc-linux-gnu/nios2-elf/lib/libc.a(lib_a-findfp.o)
 .bss           0x0000000000152f24        0x0 /opt/altera/14.1/nios2eds/bin/gnu/H-x86_64-pc-linux-gnu/bin/../lib/gcc/nios2-elf/4.8.3/../../../../../H-x86_64-pc-linux-gnu/nios2-elf/lib/libc.a(lib_a-freer.o)
 .bss           0x0000000000152f24        0x0 /opt/altera/14.1/nios2eds/bin/gnu/H-x86_64-pc-linux-gnu/bin/../lib/gcc/nios2-elf/4.8.3/../../../../../H-x86_64-pc-linux-gnu/nios2-elf/lib/libc.a(lib_a-fvwrite.o)
 .bss           0x0000000000152f24        0x0 /opt/altera/14.1/nios2eds/bin/gnu/H-x86_64-pc-linux-gnu/bin/../lib/gcc/nios2-elf/4.8.3/../../../../../H-x86_64-pc-linux-gnu/nios2-elf/lib/libc.a(lib_a-fwalk.o)
 .bss           0x0000000000152f24        0x0 /opt/altera/14.1/nios2eds/bin/gnu/H-x86_64-pc-linux-gnu/bin/../lib/gcc/nios2-elf/4.8.3/../../../../../H-x86_64-pc-linux-gnu/nios2-elf/lib/libc.a(lib_a-impure.o)
 .bss           0x0000000000152f24        0x0 /opt/altera/14.1/nios2eds/bin/gnu/H-x86_64-pc-linux-gnu/bin/../lib/gcc/nios2-elf/4.8.3/../../../../../H-x86_64-pc-linux-gnu/nios2-elf/lib/libc.a(lib_a-locale.o)
 .bss           0x0000000000152f24        0x0 /opt/altera/14.1/nios2eds/bin/gnu/H-x86_64-pc-linux-gnu/bin/../lib/gcc/nios2-elf/4.8.3/../../../../../H-x86_64-pc-linux-gnu/nios2-elf/lib/libc.a(lib_a-makebuf.o)
 .bss           0x0000000000152f24       0x28 /opt/altera/14.1/nios2eds/bin/gnu/H-x86_64-pc-linux-gnu/bin/../lib/gcc/nios2-elf/4.8.3/../../../../../H-x86_64-pc-linux-gnu/nios2-elf/lib/libc.a(lib_a-mallocr.o)
                0x0000000000152f24                __malloc_current_mallinfo
 .bss           0x0000000000152f4c        0x0 /opt/altera/14.1/nios2eds/bin/gnu/H-x86_64-pc-linux-gnu/bin/../lib/gcc/nios2-elf/4.8.3/../../../../../H-x86_64-pc-linux-gnu/nios2-elf/lib/libc.a(lib_a-memchr.o)
 .bss           0x0000000000152f4c        0x0 /opt/altera/14.1/nios2eds/bin/gnu/H-x86_64-pc-linux-gnu/bin/../lib/gcc/nios2-elf/4.8.3/../../../../../H-x86_64-pc-linux-gnu/nios2-elf/lib/libc.a(lib_a-memmove.o)
 .bss           0x0000000000152f4c        0x0 /opt/altera/14.1/nios2eds/bin/gnu/H-x86_64-pc-linux-gnu/bin/../lib/gcc/nios2-elf/4.8.3/../../../../../H-x86_64-pc-linux-gnu/nios2-elf/lib/libc.a(lib_a-memset.o)
 .bss           0x0000000000152f4c        0x0 /opt/altera/14.1/nios2eds/bin/gnu/H-x86_64-pc-linux-gnu/bin/../lib/gcc/nios2-elf/4.8.3/../../../../../H-x86_64-pc-linux-gnu/nios2-elf/lib/libc.a(lib_a-mprec.o)
 .bss           0x0000000000152f4c        0x0 /opt/altera/14.1/nios2eds/bin/gnu/H-x86_64-pc-linux-gnu/bin/../lib/gcc/nios2-elf/4.8.3/../../../../../H-x86_64-pc-linux-gnu/nios2-elf/lib/libc.a(lib_a-putc.o)
 .bss           0x0000000000152f4c        0x0 /opt/altera/14.1/nios2eds/bin/gnu/H-x86_64-pc-linux-gnu/bin/../lib/gcc/nios2-elf/4.8.3/../../../../../H-x86_64-pc-linux-gnu/nios2-elf/lib/libc.a(lib_a-reallocr.o)
 .bss           0x0000000000152f4c        0x0 /opt/altera/14.1/nios2eds/bin/gnu/H-x86_64-pc-linux-gnu/bin/../lib/gcc/nios2-elf/4.8.3/../../../../../H-x86_64-pc-linux-gnu/nios2-elf/lib/libc.a(lib_a-s_fpclassify.o)
 .bss           0x0000000000152f4c        0x0 /opt/altera/14.1/nios2eds/bin/gnu/H-x86_64-pc-linux-gnu/bin/../lib/gcc/nios2-elf/4.8.3/../../../../../H-x86_64-pc-linux-gnu/nios2-elf/lib/libc.a(lib_a-sbrkr.o)
 .bss           0x0000000000152f4c        0x0 /opt/altera/14.1/nios2eds/bin/gnu/H-x86_64-pc-linux-gnu/bin/../lib/gcc/nios2-elf/4.8.3/../../../../../H-x86_64-pc-linux-gnu/nios2-elf/lib/libc.a(lib_a-stdio.o)
 .bss           0x0000000000152f4c        0x0 /opt/altera/14.1/nios2eds/bin/gnu/H-x86_64-pc-linux-gnu/bin/../lib/gcc/nios2-elf/4.8.3/../../../../../H-x86_64-pc-linux-gnu/nios2-elf/lib/libc.a(lib_a-strcmp.o)
 .bss           0x0000000000152f4c        0x0 /opt/altera/14.1/nios2eds/bin/gnu/H-x86_64-pc-linux-gnu/bin/../lib/gcc/nios2-elf/4.8.3/../../../../../H-x86_64-pc-linux-gnu/nios2-elf/lib/libc.a(lib_a-vfiprintf.o)
 .bss           0x0000000000152f4c        0x0 /opt/altera/14.1/nios2eds/bin/gnu/H-x86_64-pc-linux-gnu/bin/../lib/gcc/nios2-elf/4.8.3/../../../../../H-x86_64-pc-linux-gnu/nios2-elf/lib/libc.a(lib_a-wbuf.o)
 .bss           0x0000000000152f4c        0x0 /opt/altera/14.1/nios2eds/bin/gnu/H-x86_64-pc-linux-gnu/bin/../lib/gcc/nios2-elf/4.8.3/../../../../../H-x86_64-pc-linux-gnu/nios2-elf/lib/libc.a(lib_a-writer.o)
 .bss           0x0000000000152f4c        0x0 /opt/altera/14.1/nios2eds/bin/gnu/H-x86_64-pc-linux-gnu/bin/../lib/gcc/nios2-elf/4.8.3/../../../../../H-x86_64-pc-linux-gnu/nios2-elf/lib/libc.a(closer.o)
 .bss           0x0000000000152f4c        0x0 /opt/altera/14.1/nios2eds/bin/gnu/H-x86_64-pc-linux-gnu/bin/../lib/gcc/nios2-elf/4.8.3/../../../../../H-x86_64-pc-linux-gnu/nios2-elf/lib/libc.a(lib_a-callocr.o)
 .bss           0x0000000000152f4c        0x0 /opt/altera/14.1/nios2eds/bin/gnu/H-x86_64-pc-linux-gnu/bin/../lib/gcc/nios2-elf/4.8.3/../../../../../H-x86_64-pc-linux-gnu/nios2-elf/lib/libc.a(lib_a-fclose.o)
 .bss           0x0000000000152f4c        0x0 /opt/altera/14.1/nios2eds/bin/gnu/H-x86_64-pc-linux-gnu/bin/../lib/gcc/nios2-elf/4.8.3/../../../../../H-x86_64-pc-linux-gnu/nios2-elf/lib/libc.a(lib_a-fputwc.o)
 .bss           0x0000000000152f4c        0x0 /opt/altera/14.1/nios2eds/bin/gnu/H-x86_64-pc-linux-gnu/bin/../lib/gcc/nios2-elf/4.8.3/../../../../../H-x86_64-pc-linux-gnu/nios2-elf/lib/libc.a(lib_a-fstatr.o)
 .bss           0x0000000000152f4c        0x0 /opt/altera/14.1/nios2eds/bin/gnu/H-x86_64-pc-linux-gnu/bin/../lib/gcc/nios2-elf/4.8.3/../../../../../H-x86_64-pc-linux-gnu/nios2-elf/lib/libc.a(lib_a-int_errno.o)
 .bss           0x0000000000152f4c        0x0 /opt/altera/14.1/nios2eds/bin/gnu/H-x86_64-pc-linux-gnu/bin/../lib/gcc/nios2-elf/4.8.3/../../../../../H-x86_64-pc-linux-gnu/nios2-elf/lib/libc.a(lib_a-isattyr.o)
 .bss           0x0000000000152f4c        0x0 /opt/altera/14.1/nios2eds/bin/gnu/H-x86_64-pc-linux-gnu/bin/../lib/gcc/nios2-elf/4.8.3/../../../../../H-x86_64-pc-linux-gnu/nios2-elf/lib/libc.a(lib_a-lseekr.o)
 .bss           0x0000000000152f4c        0x0 /opt/altera/14.1/nios2eds/bin/gnu/H-x86_64-pc-linux-gnu/bin/../lib/gcc/nios2-elf/4.8.3/../../../../../H-x86_64-pc-linux-gnu/nios2-elf/lib/libc.a(lib_a-readr.o)
 .bss           0x0000000000152f4c        0x0 /opt/altera/14.1/nios2eds/bin/gnu/H-x86_64-pc-linux-gnu/bin/../lib/gcc/nios2-elf/4.8.3/../../../../../H-x86_64-pc-linux-gnu/nios2-elf/lib/libc.a(lib_a-wcrtomb.o)
 .bss           0x0000000000152f4c        0x0 /opt/altera/14.1/nios2eds/bin/gnu/H-x86_64-pc-linux-gnu/bin/../lib/gcc/nios2-elf/4.8.3/../../../../../H-x86_64-pc-linux-gnu/nios2-elf/lib/libc.a(lib_a-wctomb_r.o)
 .bss           0x0000000000152f4c        0x0 /opt/altera/14.1/nios2eds/bin/gnu/H-x86_64-pc-linux-gnu/bin/../lib/gcc/nios2-elf/4.8.3/libgcc.a(_udivdi3.o)
 .bss           0x0000000000152f4c        0x0 /opt/altera/14.1/nios2eds/bin/gnu/H-x86_64-pc-linux-gnu/bin/../lib/gcc/nios2-elf/4.8.3/libgcc.a(_umoddi3.o)
 .bss           0x0000000000152f4c        0x0 /opt/altera/14.1/nios2eds/bin/gnu/H-x86_64-pc-linux-gnu/bin/../lib/gcc/nios2-elf/4.8.3/libgcc.a(lib2-divmod.o)
 .bss           0x0000000000152f4c        0x0 /opt/altera/14.1/nios2eds/bin/gnu/H-x86_64-pc-linux-gnu/bin/../lib/gcc/nios2-elf/4.8.3/libgcc.a(adddf3.o)
 .bss           0x0000000000152f4c        0x0 /opt/altera/14.1/nios2eds/bin/gnu/H-x86_64-pc-linux-gnu/bin/../lib/gcc/nios2-elf/4.8.3/libgcc.a(divdf3.o)
 .bss           0x0000000000152f4c        0x0 /opt/altera/14.1/nios2eds/bin/gnu/H-x86_64-pc-linux-gnu/bin/../lib/gcc/nios2-elf/4.8.3/libgcc.a(eqdf2.o)
 .bss           0x0000000000152f4c        0x0 /opt/altera/14.1/nios2eds/bin/gnu/H-x86_64-pc-linux-gnu/bin/../lib/gcc/nios2-elf/4.8.3/libgcc.a(gedf2.o)
 .bss           0x0000000000152f4c        0x0 /opt/altera/14.1/nios2eds/bin/gnu/H-x86_64-pc-linux-gnu/bin/../lib/gcc/nios2-elf/4.8.3/libgcc.a(ledf2.o)
 .bss           0x0000000000152f4c        0x0 /opt/altera/14.1/nios2eds/bin/gnu/H-x86_64-pc-linux-gnu/bin/../lib/gcc/nios2-elf/4.8.3/libgcc.a(muldf3.o)
 .bss           0x0000000000152f4c        0x0 /opt/altera/14.1/nios2eds/bin/gnu/H-x86_64-pc-linux-gnu/bin/../lib/gcc/nios2-elf/4.8.3/libgcc.a(subdf3.o)
 .bss           0x0000000000152f4c        0x0 /opt/altera/14.1/nios2eds/bin/gnu/H-x86_64-pc-linux-gnu/bin/../lib/gcc/nios2-elf/4.8.3/libgcc.a(fixdfsi.o)
 .bss           0x0000000000152f4c        0x0 /opt/altera/14.1/nios2eds/bin/gnu/H-x86_64-pc-linux-gnu/bin/../lib/gcc/nios2-elf/4.8.3/libgcc.a(floatsidf.o)
 .bss           0x0000000000152f4c        0x0 /opt/altera/14.1/nios2eds/bin/gnu/H-x86_64-pc-linux-gnu/bin/../lib/gcc/nios2-elf/4.8.3/libgcc.a(floatunsidf.o)
 .bss           0x0000000000152f4c        0x0 ../KKNios_bsp//libhal_bsp.a(alt_close.o)
 .bss           0x0000000000152f4c        0x0 ../KKNios_bsp//libhal_bsp.a(alt_dev.o)
 .bss           0x0000000000152f4c        0x0 ../KKNios_bsp//libhal_bsp.a(alt_errno.o)
 .bss           0x0000000000152f4c        0x0 ../KKNios_bsp//libhal_bsp.a(alt_fstat.o)
 .bss           0x0000000000152f4c        0x0 ../KKNios_bsp//libhal_bsp.a(alt_isatty.o)
 .bss           0x0000000000152f4c        0x0 ../KKNios_bsp//libhal_bsp.a(alt_lseek.o)
 .bss           0x0000000000152f4c        0x0 ../KKNios_bsp//libhal_bsp.a(alt_main.o)
 .bss           0x0000000000152f4c        0x0 ../KKNios_bsp//libhal_bsp.a(alt_malloc_lock.o)
 .bss           0x0000000000152f4c        0x0 ../KKNios_bsp//libhal_bsp.a(alt_read.o)
 .bss           0x0000000000152f4c        0x0 ../KKNios_bsp//libhal_bsp.a(alt_release_fd.o)
 .bss           0x0000000000152f4c        0x0 ../KKNios_bsp//libhal_bsp.a(alt_sbrk.o)
 .bss           0x0000000000152f4c        0x0 ../KKNios_bsp//libhal_bsp.a(alt_write.o)
 .bss           0x0000000000152f4c        0x0 ../KKNios_bsp//libhal_bsp.a(alt_sys_init.o)
 .bss           0x0000000000152f4c        0x0 ../KKNios_bsp//libhal_bsp.a(altera_avalon_jtag_uart_fd.o)
 .bss           0x0000000000152f4c        0x0 ../KKNios_bsp//libhal_bsp.a(altera_avalon_jtag_uart_init.o)
 .bss           0x0000000000152f4c        0x0 ../KKNios_bsp//libhal_bsp.a(altera_avalon_jtag_uart_ioctl.o)
 .bss           0x0000000000152f4c        0x0 ../KKNios_bsp//libhal_bsp.a(altera_avalon_jtag_uart_read.o)
 .bss           0x0000000000152f4c        0x0 ../KKNios_bsp//libhal_bsp.a(altera_avalon_jtag_uart_write.o)
 .bss           0x0000000000152f4c        0x0 ../KKNios_bsp//libhal_bsp.a(altera_avalon_timer_sc.o)
 .bss           0x0000000000152f4c        0x0 ../KKNios_bsp//libhal_bsp.a(altera_avalon_timer_vars.o)
 .bss           0x0000000000152f4c        0x0 ../KKNios_bsp//libhal_bsp.a(perf_print_formatted_report.o)
 .bss           0x0000000000152f4c        0x0 ../KKNios_bsp//libhal_bsp.a(alt_alarm_start.o)
 .bss           0x0000000000152f4c        0x0 ../KKNios_bsp//libhal_bsp.a(alt_dev_llist_insert.o)
 .bss           0x0000000000152f4c        0x0 ../KKNios_bsp//libhal_bsp.a(alt_do_ctors.o)
 .bss           0x0000000000152f4c        0x0 ../KKNios_bsp//libhal_bsp.a(alt_do_dtors.o)
 .bss           0x0000000000152f4c        0x0 ../KKNios_bsp//libhal_bsp.a(alt_iic.o)
 .bss           0x0000000000152f4c        0x0 ../KKNios_bsp//libhal_bsp.a(alt_iic_isr_register.o)
 .bss           0x0000000000152f4c        0x0 ../KKNios_bsp//libhal_bsp.a(alt_io_redirect.o)
 .bss           0x0000000000152f4c        0x0 ../KKNios_bsp//libhal_bsp.a(alt_irq_entry.o)
 .bss           0x0000000000152f4c        0x0 ../KKNios_bsp//libhal_bsp.a(alt_irq_handler.o)
 .bss           0x0000000000152f4c        0x0 ../KKNios_bsp//libhal_bsp.a(alt_irq_vars.o)
 .bss           0x0000000000152f4c        0x0 ../KKNios_bsp//libhal_bsp.a(alt_open.o)
 .bss           0x0000000000152f4c        0x0 ../KKNios_bsp//libhal_bsp.a(alt_tick.o)
 .bss           0x0000000000152f4c        0x0 ../KKNios_bsp//libhal_bsp.a(altera_nios2_gen2_irq.o)
 .bss           0x0000000000152f4c        0x0 ../KKNios_bsp//libhal_bsp.a(altera_avalon_performance_counter.o)
 .bss           0x0000000000152f4c        0x0 ../KKNios_bsp//libhal_bsp.a(alt_exception_entry.o)
 .bss           0x0000000000152f4c        0x0 ../KKNios_bsp//libhal_bsp.a(alt_find_dev.o)
 .bss           0x0000000000152f4c        0x0 ../KKNios_bsp//libhal_bsp.a(alt_find_file.o)
 .bss           0x0000000000152f4c        0x0 ../KKNios_bsp//libhal_bsp.a(alt_get_fd.o)
 .bss           0x0000000000152f4c        0x0 /opt/altera/14.1/nios2eds/bin/gnu/H-x86_64-pc-linux-gnu/bin/../lib/gcc/nios2-elf/4.8.3/../../../../../H-x86_64-pc-linux-gnu/nios2-elf/lib/libc.a(lib_a-atexit.o)
 .bss           0x0000000000152f4c        0x0 /opt/altera/14.1/nios2eds/bin/gnu/H-x86_64-pc-linux-gnu/bin/../lib/gcc/nios2-elf/4.8.3/../../../../../H-x86_64-pc-linux-gnu/nios2-elf/lib/libc.a(lib_a-exit.o)
 .bss           0x0000000000152f4c        0x0 /opt/altera/14.1/nios2eds/bin/gnu/H-x86_64-pc-linux-gnu/bin/../lib/gcc/nios2-elf/4.8.3/../../../../../H-x86_64-pc-linux-gnu/nios2-elf/lib/libc.a(lib_a-memcmp.o)
 .bss           0x0000000000152f4c        0x0 /opt/altera/14.1/nios2eds/bin/gnu/H-x86_64-pc-linux-gnu/bin/../lib/gcc/nios2-elf/4.8.3/../../../../../H-x86_64-pc-linux-gnu/nios2-elf/lib/libc.a(lib_a-__atexit.o)
 .bss           0x0000000000152f4c        0x0 /opt/altera/14.1/nios2eds/bin/gnu/H-x86_64-pc-linux-gnu/bin/../lib/gcc/nios2-elf/4.8.3/../../../../../H-x86_64-pc-linux-gnu/nios2-elf/lib/libc.a(lib_a-__call_atexit.o)
 .bss           0x0000000000152f4c        0x0 /opt/altera/14.1/nios2eds/bin/gnu/H-x86_64-pc-linux-gnu/bin/../lib/gcc/nios2-elf/4.8.3/libgcc.a(_floatundidf.o)
 .bss           0x0000000000152f4c        0x0 ../KKNios_bsp//libhal_bsp.a(alt_exit.o)
 *(COMMON)
 COMMON         0x0000000000152f4c      0x100 ../KKNios_bsp//libhal_bsp.a(alt_irq_handler.o)
                0x0000000000152f4c                alt_irq
                0x000000000015304c                . = ALIGN (0x4)
                0x000000000015304c                __bss_end = ABSOLUTE (.)

.onchip_memory2
                0x000000000015304c        0x0
                0x000000000015304c                PROVIDE (_alt_partition_onchip_memory2_start, ABSOLUTE (.))
 *(.onchip_memory2 .onchip_memory2. onchip_memory2.*)
                0x000000000015304c                . = ALIGN (0x4)
                0x000000000015304c                PROVIDE (_alt_partition_onchip_memory2_end, ABSOLUTE (.))
                0x000000000015304c                _end = ABSOLUTE (.)
                0x000000000015304c                end = ABSOLUTE (.)
                0x000000000015304c                __alt_stack_base = ABSOLUTE (.)
                0x000000000015304c                PROVIDE (_alt_partition_onchip_memory2_load_addr, LOADADDR (.onchip_memory2))

.stab
 *(.stab)

.stabstr
 *(.stabstr)

.stab.excl
 *(.stab.excl)

.stab.exclstr
 *(.stab.exclstr)

.stab.index
 *(.stab.index)

.stab.indexstr
 *(.stab.indexstr)

.comment        0x0000000000000000       0x39
 *(.comment)
 .comment       0x0000000000000000       0x39 obj/default/main.o
                                         0x3a (size before relaxing)
 .comment       0x0000000000000000       0x3a /opt/altera/14.1/nios2eds/bin/gnu/H-x86_64-pc-linux-gnu/bin/../lib/gcc/nios2-elf/4.8.3/libgcc.a(addsf3.o)
 .comment       0x0000000000000000       0x3a /opt/altera/14.1/nios2eds/bin/gnu/H-x86_64-pc-linux-gnu/bin/../lib/gcc/nios2-elf/4.8.3/libgcc.a(divsf3.o)
 .comment       0x0000000000000000       0x3a /opt/altera/14.1/nios2eds/bin/gnu/H-x86_64-pc-linux-gnu/bin/../lib/gcc/nios2-elf/4.8.3/libgcc.a(mulsf3.o)
 .comment       0x0000000000000000       0x3a /opt/altera/14.1/nios2eds/bin/gnu/H-x86_64-pc-linux-gnu/bin/../lib/gcc/nios2-elf/4.8.3/libgcc.a(subsf3.o)
 .comment       0x0000000000000000       0x3a /opt/altera/14.1/nios2eds/bin/gnu/H-x86_64-pc-linux-gnu/bin/../lib/gcc/nios2-elf/4.8.3/libgcc.a(fixsfsi.o)
 .comment       0x0000000000000000       0x3a /opt/altera/14.1/nios2eds/bin/gnu/H-x86_64-pc-linux-gnu/bin/../lib/gcc/nios2-elf/4.8.3/libgcc.a(floatsisf.o)
 .comment       0x0000000000000000       0x3a /opt/altera/14.1/nios2eds/bin/gnu/H-x86_64-pc-linux-gnu/bin/../lib/gcc/nios2-elf/4.8.3/libgcc.a(extendsfdf2.o)
 .comment       0x0000000000000000       0x3a /opt/altera/14.1/nios2eds/bin/gnu/H-x86_64-pc-linux-gnu/bin/../lib/gcc/nios2-elf/4.8.3/libgcc.a(_clzsi2.o)
 .comment       0x0000000000000000       0x3a /opt/altera/14.1/nios2eds/bin/gnu/H-x86_64-pc-linux-gnu/bin/../lib/gcc/nios2-elf/4.8.3/libgcc.a(_clz.o)
 .comment       0x0000000000000000       0x3a /opt/altera/14.1/nios2eds/bin/gnu/H-x86_64-pc-linux-gnu/bin/../lib/gcc/nios2-elf/4.8.3/../../../../../H-x86_64-pc-linux-gnu/nios2-elf/lib/libc.a(lib_a-memcpy.o)
 .comment       0x0000000000000000       0x3a /opt/altera/14.1/nios2eds/bin/gnu/H-x86_64-pc-linux-gnu/bin/../lib/gcc/nios2-elf/4.8.3/../../../../../H-x86_64-pc-linux-gnu/nios2-elf/lib/libc.a(lib_a-printf.o)
 .comment       0x0000000000000000       0x3a /opt/altera/14.1/nios2eds/bin/gnu/H-x86_64-pc-linux-gnu/bin/../lib/gcc/nios2-elf/4.8.3/../../../../../H-x86_64-pc-linux-gnu/nios2-elf/lib/libc.a(lib_a-putchar.o)
 .comment       0x0000000000000000       0x3a /opt/altera/14.1/nios2eds/bin/gnu/H-x86_64-pc-linux-gnu/bin/../lib/gcc/nios2-elf/4.8.3/../../../../../H-x86_64-pc-linux-gnu/nios2-elf/lib/libc.a(lib_a-puts.o)
 .comment       0x0000000000000000       0x3a /opt/altera/14.1/nios2eds/bin/gnu/H-x86_64-pc-linux-gnu/bin/../lib/gcc/nios2-elf/4.8.3/../../../../../H-x86_64-pc-linux-gnu/nios2-elf/lib/libc.a(lib_a-strlen.o)
 .comment       0x0000000000000000       0x3a /opt/altera/14.1/nios2eds/bin/gnu/H-x86_64-pc-linux-gnu/bin/../lib/gcc/nios2-elf/4.8.3/../../../../../H-x86_64-pc-linux-gnu/nios2-elf/lib/libc.a(lib_a-vfprintf.o)
 .comment       0x0000000000000000       0x3a /opt/altera/14.1/nios2eds/bin/gnu/H-x86_64-pc-linux-gnu/bin/../lib/gcc/nios2-elf/4.8.3/../../../../../H-x86_64-pc-linux-gnu/nios2-elf/lib/libc.a(lib_a-wsetup.o)
 .comment       0x0000000000000000       0x3a /opt/altera/14.1/nios2eds/bin/gnu/H-x86_64-pc-linux-gnu/bin/../lib/gcc/nios2-elf/4.8.3/../../../../../H-x86_64-pc-linux-gnu/nios2-elf/lib/libc.a(lib_a-dtoa.o)
 .comment       0x0000000000000000       0x3a /opt/altera/14.1/nios2eds/bin/gnu/H-x86_64-pc-linux-gnu/bin/../lib/gcc/nios2-elf/4.8.3/../../../../../H-x86_64-pc-linux-gnu/nios2-elf/lib/libc.a(lib_a-fflush.o)
 .comment       0x0000000000000000       0x3a /opt/altera/14.1/nios2eds/bin/gnu/H-x86_64-pc-linux-gnu/bin/../lib/gcc/nios2-elf/4.8.3/../../../../../H-x86_64-pc-linux-gnu/nios2-elf/lib/libc.a(lib_a-findfp.o)
 .comment       0x0000000000000000       0x3a /opt/altera/14.1/nios2eds/bin/gnu/H-x86_64-pc-linux-gnu/bin/../lib/gcc/nios2-elf/4.8.3/../../../../../H-x86_64-pc-linux-gnu/nios2-elf/lib/libc.a(lib_a-freer.o)
 .comment       0x0000000000000000       0x3a /opt/altera/14.1/nios2eds/bin/gnu/H-x86_64-pc-linux-gnu/bin/../lib/gcc/nios2-elf/4.8.3/../../../../../H-x86_64-pc-linux-gnu/nios2-elf/lib/libc.a(lib_a-fvwrite.o)
 .comment       0x0000000000000000       0x3a /opt/altera/14.1/nios2eds/bin/gnu/H-x86_64-pc-linux-gnu/bin/../lib/gcc/nios2-elf/4.8.3/../../../../../H-x86_64-pc-linux-gnu/nios2-elf/lib/libc.a(lib_a-fwalk.o)
 .comment       0x0000000000000000       0x3a /opt/altera/14.1/nios2eds/bin/gnu/H-x86_64-pc-linux-gnu/bin/../lib/gcc/nios2-elf/4.8.3/../../../../../H-x86_64-pc-linux-gnu/nios2-elf/lib/libc.a(lib_a-impure.o)
 .comment       0x0000000000000000       0x3a /opt/altera/14.1/nios2eds/bin/gnu/H-x86_64-pc-linux-gnu/bin/../lib/gcc/nios2-elf/4.8.3/../../../../../H-x86_64-pc-linux-gnu/nios2-elf/lib/libc.a(lib_a-locale.o)
 .comment       0x0000000000000000       0x3a /opt/altera/14.1/nios2eds/bin/gnu/H-x86_64-pc-linux-gnu/bin/../lib/gcc/nios2-elf/4.8.3/../../../../../H-x86_64-pc-linux-gnu/nios2-elf/lib/libc.a(lib_a-makebuf.o)
 .comment       0x0000000000000000       0x3a /opt/altera/14.1/nios2eds/bin/gnu/H-x86_64-pc-linux-gnu/bin/../lib/gcc/nios2-elf/4.8.3/../../../../../H-x86_64-pc-linux-gnu/nios2-elf/lib/libc.a(lib_a-mallocr.o)
 .comment       0x0000000000000000       0x3a /opt/altera/14.1/nios2eds/bin/gnu/H-x86_64-pc-linux-gnu/bin/../lib/gcc/nios2-elf/4.8.3/../../../../../H-x86_64-pc-linux-gnu/nios2-elf/lib/libc.a(lib_a-memchr.o)
 .comment       0x0000000000000000       0x3a /opt/altera/14.1/nios2eds/bin/gnu/H-x86_64-pc-linux-gnu/bin/../lib/gcc/nios2-elf/4.8.3/../../../../../H-x86_64-pc-linux-gnu/nios2-elf/lib/libc.a(lib_a-memmove.o)
 .comment       0x0000000000000000       0x3a /opt/altera/14.1/nios2eds/bin/gnu/H-x86_64-pc-linux-gnu/bin/../lib/gcc/nios2-elf/4.8.3/../../../../../H-x86_64-pc-linux-gnu/nios2-elf/lib/libc.a(lib_a-memset.o)
 .comment       0x0000000000000000       0x3a /opt/altera/14.1/nios2eds/bin/gnu/H-x86_64-pc-linux-gnu/bin/../lib/gcc/nios2-elf/4.8.3/../../../../../H-x86_64-pc-linux-gnu/nios2-elf/lib/libc.a(lib_a-mprec.o)
 .comment       0x0000000000000000       0x3a /opt/altera/14.1/nios2eds/bin/gnu/H-x86_64-pc-linux-gnu/bin/../lib/gcc/nios2-elf/4.8.3/../../../../../H-x86_64-pc-linux-gnu/nios2-elf/lib/libc.a(lib_a-putc.o)
 .comment       0x0000000000000000       0x3a /opt/altera/14.1/nios2eds/bin/gnu/H-x86_64-pc-linux-gnu/bin/../lib/gcc/nios2-elf/4.8.3/../../../../../H-x86_64-pc-linux-gnu/nios2-elf/lib/libc.a(lib_a-reallocr.o)
 .comment       0x0000000000000000       0x3a /opt/altera/14.1/nios2eds/bin/gnu/H-x86_64-pc-linux-gnu/bin/../lib/gcc/nios2-elf/4.8.3/../../../../../H-x86_64-pc-linux-gnu/nios2-elf/lib/libc.a(lib_a-s_fpclassify.o)
 .comment       0x0000000000000000       0x3a /opt/altera/14.1/nios2eds/bin/gnu/H-x86_64-pc-linux-gnu/bin/../lib/gcc/nios2-elf/4.8.3/../../../../../H-x86_64-pc-linux-gnu/nios2-elf/lib/libc.a(lib_a-sbrkr.o)
 .comment       0x0000000000000000       0x3a /opt/altera/14.1/nios2eds/bin/gnu/H-x86_64-pc-linux-gnu/bin/../lib/gcc/nios2-elf/4.8.3/../../../../../H-x86_64-pc-linux-gnu/nios2-elf/lib/libc.a(lib_a-stdio.o)
 .comment       0x0000000000000000       0x3a /opt/altera/14.1/nios2eds/bin/gnu/H-x86_64-pc-linux-gnu/bin/../lib/gcc/nios2-elf/4.8.3/../../../../../H-x86_64-pc-linux-gnu/nios2-elf/lib/libc.a(lib_a-strcmp.o)
 .comment       0x0000000000000000       0x3a /opt/altera/14.1/nios2eds/bin/gnu/H-x86_64-pc-linux-gnu/bin/../lib/gcc/nios2-elf/4.8.3/../../../../../H-x86_64-pc-linux-gnu/nios2-elf/lib/libc.a(lib_a-vfiprintf.o)
 .comment       0x0000000000000000       0x3a /opt/altera/14.1/nios2eds/bin/gnu/H-x86_64-pc-linux-gnu/bin/../lib/gcc/nios2-elf/4.8.3/../../../../../H-x86_64-pc-linux-gnu/nios2-elf/lib/libc.a(lib_a-wbuf.o)
 .comment       0x0000000000000000       0x3a /opt/altera/14.1/nios2eds/bin/gnu/H-x86_64-pc-linux-gnu/bin/../lib/gcc/nios2-elf/4.8.3/../../../../../H-x86_64-pc-linux-gnu/nios2-elf/lib/libc.a(lib_a-writer.o)
 .comment       0x0000000000000000       0x3a /opt/altera/14.1/nios2eds/bin/gnu/H-x86_64-pc-linux-gnu/bin/../lib/gcc/nios2-elf/4.8.3/../../../../../H-x86_64-pc-linux-gnu/nios2-elf/lib/libc.a(closer.o)
 .comment       0x0000000000000000       0x3a /opt/altera/14.1/nios2eds/bin/gnu/H-x86_64-pc-linux-gnu/bin/../lib/gcc/nios2-elf/4.8.3/../../../../../H-x86_64-pc-linux-gnu/nios2-elf/lib/libc.a(lib_a-callocr.o)
 .comment       0x0000000000000000       0x3a /opt/altera/14.1/nios2eds/bin/gnu/H-x86_64-pc-linux-gnu/bin/../lib/gcc/nios2-elf/4.8.3/../../../../../H-x86_64-pc-linux-gnu/nios2-elf/lib/libc.a(lib_a-fclose.o)
 .comment       0x0000000000000000       0x3a /opt/altera/14.1/nios2eds/bin/gnu/H-x86_64-pc-linux-gnu/bin/../lib/gcc/nios2-elf/4.8.3/../../../../../H-x86_64-pc-linux-gnu/nios2-elf/lib/libc.a(lib_a-fputwc.o)
 .comment       0x0000000000000000       0x3a /opt/altera/14.1/nios2eds/bin/gnu/H-x86_64-pc-linux-gnu/bin/../lib/gcc/nios2-elf/4.8.3/../../../../../H-x86_64-pc-linux-gnu/nios2-elf/lib/libc.a(lib_a-fstatr.o)
 .comment       0x0000000000000000       0x3a /opt/altera/14.1/nios2eds/bin/gnu/H-x86_64-pc-linux-gnu/bin/../lib/gcc/nios2-elf/4.8.3/../../../../../H-x86_64-pc-linux-gnu/nios2-elf/lib/libc.a(lib_a-int_errno.o)
 .comment       0x0000000000000000       0x3a /opt/altera/14.1/nios2eds/bin/gnu/H-x86_64-pc-linux-gnu/bin/../lib/gcc/nios2-elf/4.8.3/../../../../../H-x86_64-pc-linux-gnu/nios2-elf/lib/libc.a(lib_a-isattyr.o)
 .comment       0x0000000000000000       0x3a /opt/altera/14.1/nios2eds/bin/gnu/H-x86_64-pc-linux-gnu/bin/../lib/gcc/nios2-elf/4.8.3/../../../../../H-x86_64-pc-linux-gnu/nios2-elf/lib/libc.a(lib_a-lseekr.o)
 .comment       0x0000000000000000       0x3a /opt/altera/14.1/nios2eds/bin/gnu/H-x86_64-pc-linux-gnu/bin/../lib/gcc/nios2-elf/4.8.3/../../../../../H-x86_64-pc-linux-gnu/nios2-elf/lib/libc.a(lib_a-readr.o)
 .comment       0x0000000000000000       0x3a /opt/altera/14.1/nios2eds/bin/gnu/H-x86_64-pc-linux-gnu/bin/../lib/gcc/nios2-elf/4.8.3/../../../../../H-x86_64-pc-linux-gnu/nios2-elf/lib/libc.a(lib_a-wcrtomb.o)
 .comment       0x0000000000000000       0x3a /opt/altera/14.1/nios2eds/bin/gnu/H-x86_64-pc-linux-gnu/bin/../lib/gcc/nios2-elf/4.8.3/../../../../../H-x86_64-pc-linux-gnu/nios2-elf/lib/libc.a(lib_a-wctomb_r.o)
 .comment       0x0000000000000000       0x3a /opt/altera/14.1/nios2eds/bin/gnu/H-x86_64-pc-linux-gnu/bin/../lib/gcc/nios2-elf/4.8.3/libgcc.a(_udivdi3.o)
 .comment       0x0000000000000000       0x3a /opt/altera/14.1/nios2eds/bin/gnu/H-x86_64-pc-linux-gnu/bin/../lib/gcc/nios2-elf/4.8.3/libgcc.a(_umoddi3.o)
 .comment       0x0000000000000000       0x3a /opt/altera/14.1/nios2eds/bin/gnu/H-x86_64-pc-linux-gnu/bin/../lib/gcc/nios2-elf/4.8.3/libgcc.a(lib2-divmod.o)
 .comment       0x0000000000000000       0x3a /opt/altera/14.1/nios2eds/bin/gnu/H-x86_64-pc-linux-gnu/bin/../lib/gcc/nios2-elf/4.8.3/libgcc.a(adddf3.o)
 .comment       0x0000000000000000       0x3a /opt/altera/14.1/nios2eds/bin/gnu/H-x86_64-pc-linux-gnu/bin/../lib/gcc/nios2-elf/4.8.3/libgcc.a(divdf3.o)
 .comment       0x0000000000000000       0x3a /opt/altera/14.1/nios2eds/bin/gnu/H-x86_64-pc-linux-gnu/bin/../lib/gcc/nios2-elf/4.8.3/libgcc.a(eqdf2.o)
 .comment       0x0000000000000000       0x3a /opt/altera/14.1/nios2eds/bin/gnu/H-x86_64-pc-linux-gnu/bin/../lib/gcc/nios2-elf/4.8.3/libgcc.a(gedf2.o)
 .comment       0x0000000000000000       0x3a /opt/altera/14.1/nios2eds/bin/gnu/H-x86_64-pc-linux-gnu/bin/../lib/gcc/nios2-elf/4.8.3/libgcc.a(ledf2.o)
 .comment       0x0000000000000000       0x3a /opt/altera/14.1/nios2eds/bin/gnu/H-x86_64-pc-linux-gnu/bin/../lib/gcc/nios2-elf/4.8.3/libgcc.a(muldf3.o)
 .comment       0x0000000000000000       0x3a /opt/altera/14.1/nios2eds/bin/gnu/H-x86_64-pc-linux-gnu/bin/../lib/gcc/nios2-elf/4.8.3/libgcc.a(subdf3.o)
 .comment       0x0000000000000000       0x3a /opt/altera/14.1/nios2eds/bin/gnu/H-x86_64-pc-linux-gnu/bin/../lib/gcc/nios2-elf/4.8.3/libgcc.a(fixdfsi.o)
 .comment       0x0000000000000000       0x3a /opt/altera/14.1/nios2eds/bin/gnu/H-x86_64-pc-linux-gnu/bin/../lib/gcc/nios2-elf/4.8.3/libgcc.a(floatsidf.o)
 .comment       0x0000000000000000       0x3a /opt/altera/14.1/nios2eds/bin/gnu/H-x86_64-pc-linux-gnu/bin/../lib/gcc/nios2-elf/4.8.3/libgcc.a(floatunsidf.o)
 .comment       0x0000000000000000       0x3a ../KKNios_bsp//libhal_bsp.a(alt_close.o)
 .comment       0x0000000000000000       0x3a ../KKNios_bsp//libhal_bsp.a(alt_dev.o)
 .comment       0x0000000000000000       0x3a ../KKNios_bsp//libhal_bsp.a(alt_errno.o)
 .comment       0x0000000000000000       0x3a ../KKNios_bsp//libhal_bsp.a(alt_fstat.o)
 .comment       0x0000000000000000       0x3a ../KKNios_bsp//libhal_bsp.a(alt_isatty.o)
 .comment       0x0000000000000000       0x3a ../KKNios_bsp//libhal_bsp.a(alt_lseek.o)
 .comment       0x0000000000000000       0x3a ../KKNios_bsp//libhal_bsp.a(alt_main.o)
 .comment       0x0000000000000000       0x3a ../KKNios_bsp//libhal_bsp.a(alt_malloc_lock.o)
 .comment       0x0000000000000000       0x3a ../KKNios_bsp//libhal_bsp.a(alt_read.o)
 .comment       0x0000000000000000       0x3a ../KKNios_bsp//libhal_bsp.a(alt_release_fd.o)
 .comment       0x0000000000000000       0x3a ../KKNios_bsp//libhal_bsp.a(alt_sbrk.o)
 .comment       0x0000000000000000       0x3a ../KKNios_bsp//libhal_bsp.a(alt_write.o)
 .comment       0x0000000000000000       0x3a ../KKNios_bsp//libhal_bsp.a(alt_sys_init.o)
 .comment       0x0000000000000000       0x3a ../KKNios_bsp//libhal_bsp.a(altera_avalon_jtag_uart_fd.o)
 .comment       0x0000000000000000       0x3a ../KKNios_bsp//libhal_bsp.a(altera_avalon_jtag_uart_init.o)
 .comment       0x0000000000000000       0x3a ../KKNios_bsp//libhal_bsp.a(altera_avalon_jtag_uart_ioctl.o)
 .comment       0x0000000000000000       0x3a ../KKNios_bsp//libhal_bsp.a(altera_avalon_jtag_uart_read.o)
 .comment       0x0000000000000000       0x3a ../KKNios_bsp//libhal_bsp.a(altera_avalon_jtag_uart_write.o)
 .comment       0x0000000000000000       0x3a ../KKNios_bsp//libhal_bsp.a(altera_avalon_timer_sc.o)
 .comment       0x0000000000000000       0x3a ../KKNios_bsp//libhal_bsp.a(altera_avalon_timer_vars.o)
 .comment       0x0000000000000000       0x3a ../KKNios_bsp//libhal_bsp.a(perf_print_formatted_report.o)
 .comment       0x0000000000000000       0x3a ../KKNios_bsp//libhal_bsp.a(alt_alarm_start.o)
 .comment       0x0000000000000000       0x3a ../KKNios_bsp//libhal_bsp.a(alt_dev_llist_insert.o)
 .comment       0x0000000000000000       0x3a ../KKNios_bsp//libhal_bsp.a(alt_do_ctors.o)
 .comment       0x0000000000000000       0x3a ../KKNios_bsp//libhal_bsp.a(alt_do_dtors.o)